Microchip MPLAB XC8 Compiler V2.32

Linker command line:

-W-3 --edf=C:\Program Files\Microchip\xc8\v2.32\pic\dat\en_msgs.txt -cn \
  -h+dist/default/production\CLC_blink.X.production.sym \
  --cmf=dist/default/production\CLC_blink.X.production.cmf -z -Q18F46Q10 \
  -oC:\Users\BILGIS~1\AppData\Local\Temp\xcAs3eo.4 --defsym=__MPLAB_BUILD=1 \
  -Mdist/default/production/CLC_blink.X.production.map -E1 \
  -ver=XC8 Compiler --acfsm=1493 -ASTACK=060h-0E1Eh -pstack=STACK \
  -ACODE=00h-0FFFFh -ACONST=00h-0FFFFh -ASMALLCONST=0F00h-0FFFhx241 \
  -AMEDIUMCONST=0F00h-0FFFFh -ACOMRAM=01h-05Fh -AABS1=00h-0E1Eh \
  -ABIGRAM=01h-0E1Eh -ARAM=060h-0FFh,0100h-01FFhx13,0E00h-0E1Eh \
  -ABANK0=060h-0FFh -ABANK1=0100h-01FFh -ABANK2=0200h-02FFh \
  -ABANK3=0300h-03FFh -ABANK4=0400h-04FFh -ABANK5=0500h-05FFh \
  -ABANK6=0600h-06FFh -ABANK7=0700h-07FFh -ABANK8=0800h-08FFh \
  -ABANK9=0900h-09FFh -ABANK10=0A00h-0AFFh -ABANK11=0B00h-0BFFh \
  -ABANK12=0C00h-0CFFh -ABANK13=0D00h-0DFFh -ABANK14=0E00h-0E1Eh \
  -ASFR=0E1Fh-0EFFh,0F00h-0F5Fh,0F60h-0FFFh -ACONFIG=0300000h-030000Bh \
  -AIDLOC=0200000h-02000FFh -AEEDATA=0310000h-03103FFh -peeprom_data=EEDATA \
  -preset_vec=00h,intcode,intcodelo,powerup,init -pramtop=0F00h \
  -psmallconst=SMALLCONST -pmediumconst=MEDIUMCONST -pconst=CONST \
  -AFARRAM=00h-00h \
  -prdata=COMRAM,nvrram=COMRAM,nvbit=COMRAM,rbss=COMRAM,rbit=COMRAM \
  -pfarbss=FARRAM,fardata=FARRAM,nvFARRAM=FARRAM \
  -pintsave_regs=BIGRAM,bigbss=BIGRAM,bigdata=BIGRAM -pbss=RAM \
  -pidata=CODE,irdata=CODE,ibigdata=CODE,ifardata=CODE -prparam=COMRAM \
  C:\Users\BILGIS~1\AppData\Local\Temp\xcAs3eo.o \
  dist/default/production\CLC_blink.X.production.o 

Object code version is 3.11

Machine type is 18F46Q10



                Name                               Link     Load   Length Selector   Space Scale
C:\Users\BILGIS~1\AppData\Local\Temp\xcAs3eo.o
                idloc                            200000   200000      100        0       5
                config                           300000   300000        C        0       4
                init                                  0        0        4        0       0
dist/default/production\CLC_blink.X.production.o
                idloc                            200000   200000      100        0       5
                config                           300000   300000        C        0       4
                text6                              FF54     FF54       2C     7FAA       0
                text5                              FF2E     FF2E       26     7F97       0
                text4                              FF80     FF80       80     7FC0       0
                text3                              FF12     FF12       1C     7F89       0
                text2                              FEE6     FEE6       16     7F73       0
                text1                              FEFC     FEFC       16     7F7E       0
                text0                              FEDA     FEDA        C     7F6D       0
                cinit                              FED4     FED4        6     7F6A       0

TOTAL           Name                               Link     Load   Length     Space
        CLASS   STACK          

        CLASS   CODE           
                init                                  0        0        4         0
                text6                              FF54     FF54       2C         0
                text5                              FF2E     FF2E       26         0
                text4                              FF80     FF80       80         0
                text3                              FF12     FF12       1C         0
                text2                              FEE6     FEE6       16         0
                text1                              FEFC     FEFC       16         0
                text0                              FEDA     FEDA        C         0
                cinit                              FED4     FED4        6         0

        CLASS   CONST          

        CLASS   SMALLCONST     

        CLASS   MEDIUMCONST    

        CLASS   COMRAM         

        CLASS   ABS1           

        CLASS   BIGRAM         

        CLASS   RAM            

        CLASS   BANK0          

        CLASS   BANK1          

        CLASS   BANK2          

        CLASS   BANK3          

        CLASS   BANK4          

        CLASS   BANK5          

        CLASS   BANK6          

        CLASS   BANK7          

        CLASS   BANK8          

        CLASS   BANK9          

        CLASS   BANK10         

        CLASS   BANK11         

        CLASS   BANK12         

        CLASS   BANK13         

        CLASS   BANK14         

        CLASS   SFR            

        CLASS   CONFIG         
                config                           300000   300000        C         4

        CLASS   IDLOC          
                idloc                            200000   200000      100         5

        CLASS   EEDATA         

        CLASS   FARRAM         



SEGMENTS        Name                           Load    Length   Top    Selector   Space  Class

                reset_vec                      000000  000004  000004         0       0  CODE    
                cinit                          00FED4  000006  00FEDA      7F6A       0  CODE    
                text0                          00FEDA  00000C  00FEE6      7F6D       0  CODE    
                text2                          00FEE6  000016  00FEFC      7F73       0  CODE    
                text1                          00FEFC  000016  00FF12      7F7E       0  CODE    
                text3                          00FF12  00001C  00FF2E      7F89       0  CODE    
                text5                          00FF2E  000026  00FF54      7F97       0  CODE    
                text6                          00FF54  00002C  00FF80      7FAA       0  CODE    
                text4                          00FF80  000080  010000      7FC0       0  CODE    


UNUSED ADDRESS RANGES

        Name                Unused          Largest block    Delta
        BANK0            000060-0000FF               A0
        BANK1            000100-0001FF              100
        BANK10           000A00-000AFF              100
        BANK11           000B00-000BFF              100
        BANK12           000C00-000CFF              100
        BANK13           000D00-000DFF              100
        BANK14           000E00-000E1E               1F
        BANK2            000200-0002FF              100
        BANK3            000300-0003FF              100
        BANK4            000400-0004FF              100
        BANK5            000500-0005FF              100
        BANK6            000600-0006FF              100
        BANK7            000700-0007FF              100
        BANK8            000800-0008FF              100
        BANK9            000900-0009FF              100
        BIGRAM           000001-000E1E              E1E
        CODE             000004-00FED3             FED0
        COMRAM           000001-00005F               5F
        CONST            000004-00FED3             FED0
        EEDATA           310000-3103FF              400
        MEDIUMCONST      000F00-00FED3             EFD4
        RAM              000060-000E1E              100
        SFR              000E1F-000FFF               E1
        SMALLCONST       000F00-00FED3              100
        STACK            000060-000E1E              DBF

                                  Symbol Table

_ANSELA                          (abs)        000F0C
_ANSELB                          (abs)        000F14
_ANSELC                          (abs)        000F1C
_ANSELD                          (abs)        000F21
_ANSELE                          (abs)        000F29
_CLC1CON                         (abs)        000E27
_CLC1CONbits                     (abs)        000E27
_CLC1GLS0                        (abs)        000E2D
_CLC1GLS1                        (abs)        000E2E
_CLC1GLS2                        (abs)        000E2F
_CLC1GLS3                        (abs)        000E30
_CLC1POL                         (abs)        000E28
_CLC1SEL0                        (abs)        000E29
_CLC1SEL1                        (abs)        000E2A
_CLC1SEL2                        (abs)        000E2B
_CLC1SEL3                        (abs)        000E2C
_CLC1_Initialize                 text6        00FF54
_CLCIN0PPS                       (abs)        000E1F
_INLVLA                          (abs)        000F08
_INLVLB                          (abs)        000F10
_INLVLC                          (abs)        000F18
_INLVLD                          (abs)        000F1D
_INLVLE                          (abs)        000F25
_LATA                            (abs)        000F82
_LATB                            (abs)        000F83
_LATC                            (abs)        000F84
_LATD                            (abs)        000F85
_LATE                            (abs)        000F86
_ODCONA                          (abs)        000F0A
_ODCONB                          (abs)        000F12
_ODCONC                          (abs)        000F1A
_ODCOND                          (abs)        000F1F
_ODCONE                          (abs)        000F27
_OSCCON1                         (abs)        000ED3
_OSCCON3                         (abs)        000ED5
_OSCEN                           (abs)        000ED7
_OSCFRQ                          (abs)        000ED9
_OSCILLATOR_Initialize           text5        00FF2E
_OSCTUNE                         (abs)        000ED8
_PIN_MANAGER_Initialize          text4        00FF80
_PIR0bits                        (abs)        000EC5
_PLLR                            (abs)        0076B0
_PMD0                            (abs)        000EDC
_PMD1                            (abs)        000EDD
_PMD2                            (abs)        000EDE
_PMD3                            (abs)        000EDF
_PMD4                            (abs)        000EE0
_PMD5                            (abs)        000EE1
_PMD_Initialize                  text3        00FF12
_RC3PPS                          (abs)        000EF5
_SLRCONA                         (abs)        000F09
_SLRCONB                         (abs)        000F11
_SLRCONC                         (abs)        000F19
_SLRCOND                         (abs)        000F1E
_SLRCONE                         (abs)        000F26
_SYSTEM_Initialize               text1        00FEFC
_T0CON0                          (abs)        000FD4
_T0CON0bits                      (abs)        000FD4
_T0CON1                          (abs)        000FD5
_TMR0H                           (abs)        000FD3
_TMR0L                           (abs)        000FD2
_TMR0_Initialize                 text2        00FEE6
_TRISA                           (abs)        000F87
_TRISB                           (abs)        000F88
_TRISC                           (abs)        000F89
_TRISD                           (abs)        000F8A
_TRISE                           (abs)        000F8B
_WPUA                            (abs)        000F0B
_WPUB                            (abs)        000F13
_WPUC                            (abs)        000F1B
_WPUD                            (abs)        000F20
_WPUE                            (abs)        000F28
__HRAM                           (abs)        000000
__Habs1                          abs1         000000
__Hbank0                         bank0        000000
__Hbank1                         bank1        000000
__Hbank10                        bank10       000000
__Hbank11                        bank11       000000
__Hbank12                        bank12       000000
__Hbank13                        bank13       000000
__Hbank14                        bank14       000000
__Hbank2                         bank2        000000
__Hbank3                         bank3        000000
__Hbank4                         bank4        000000
__Hbank5                         bank5        000000
__Hbank6                         bank6        000000
__Hbank7                         bank7        000000
__Hbank8                         bank8        000000
__Hbank9                         bank9        000000
__Hbigbss                        bigbss       000000
__Hbigdata                       bigdata      000000
__Hbigram                        bigram       000000
__Hbss                           bss          000000
__Hcinit                         cinit        000000
__Hclrtext                       clrtext      000000
__Hcomram                        comram       000000
__Hconfig                        config       30000C
__Hconst                         const        000000
__HcstackCOMRAM                  cstackCOMRAM 000000
__Hdata                          data         000000
__Heeprom_data                   eeprom_data  000000
__Hfarbss                        farbss       000000
__Hfardata                       fardata      000000
__Hibigdata                      ibigdata     000000
__Hidata                         idata        000000
__Hidloc                         idloc        200100
__Hifardata                      ifardata     000000
__Hinit                          init         000004
__Hintcode                       intcode      000000
__Hintcode_body                  intcode_body 000000
__Hintcodelo                     intcodelo    000000
__Hintentry                      intentry     000000
__Hintret                        intret       000000
__Hintsave_regs                  intsave_regs 000000
__Hirdata                        irdata       000000
__Hmediumconst                   mediumconst  000000
__HnvFARRAM                      nvFARRAM     000000
__Hnvbit                         nvbit        000000
__Hnvrram                        nvrram       000000
__Hparam                         rparam       000000
__Hpowerup                       powerup      000000
__Hram                           ram          000000
__Hramtop                        ramtop       000F00
__Hrbit                          rbit         000000
__Hrbss                          rbss         000000
__Hrdata                         rdata        000000
__Hreset_vec                     reset_vec    000000
__Hrparam                        rparam       000000
__Hsfr                           sfr          000000
__Hsmallconst                    smallconst   000000
__Hspace_0                       (abs)        010000
__Hspace_1                       (abs)        000000
__Hspace_2                       (abs)        000000
__Hspace_4                       (abs)        60000C
__Hstack                         stack        000000
__Hstruct                        struct       000000
__Htemp                          temp         000000
__Htext                          text         000000
__Htext0                         text0        000000
__Htext1                         text1        000000
__Htext2                         text2        000000
__Htext3                         text3        000000
__Htext4                         text4        000000
__Htext5                         text5        000000
__Htext6                         text6        000000
__LRAM                           (abs)        000001
__Labs1                          abs1         000000
__Lbank0                         bank0        000000
__Lbank1                         bank1        000000
__Lbank10                        bank10       000000
__Lbank11                        bank11       000000
__Lbank12                        bank12       000000
__Lbank13                        bank13       000000
__Lbank14                        bank14       000000
__Lbank2                         bank2        000000
__Lbank3                         bank3        000000
__Lbank4                         bank4        000000
__Lbank5                         bank5        000000
__Lbank6                         bank6        000000
__Lbank7                         bank7        000000
__Lbank8                         bank8        000000
__Lbank9                         bank9        000000
__Lbigbss                        bigbss       000000
__Lbigdata                       bigdata      000000
__Lbigram                        bigram       000000
__Lbss                           bss          000000
__Lcinit                         cinit        000000
__Lclrtext                       clrtext      000000
__Lcomram                        comram       000000
__Lconfig                        config       000000
__Lconst                         const        000000
__LcstackCOMRAM                  cstackCOMRAM 000000
__Ldata                          data         000000
__Leeprom_data                   eeprom_data  000000
__Lfarbss                        farbss       000000
__Lfardata                       fardata      000000
__Libigdata                      ibigdata     000000
__Lidata                         idata        000000
__Lidloc                         idloc        000000
__Lifardata                      ifardata     000000
__Linit                          init         000000
__Lintcode                       intcode      000000
__Lintcode_body                  intcode_body 000000
__Lintcodelo                     intcodelo    000000
__Lintentry                      intentry     000000
__Lintret                        intret       000000
__Lintsave_regs                  intsave_regs 000000
__Lirdata                        irdata       000000
__Lmediumconst                   mediumconst  000000
__LnvFARRAM                      nvFARRAM     000000
__Lnvbit                         nvbit        000000
__Lnvrram                        nvrram       000000
__Lparam                         rparam       000000
__Lpowerup                       powerup      000000
__Lram                           ram          000000
__Lramtop                        ramtop       000F00
__Lrbit                          rbit         000000
__Lrbss                          rbss         000000
__Lrdata                         rdata        000000
__Lreset_vec                     reset_vec    000000
__Lrparam                        rparam       000000
__Lsfr                           sfr          000000
__Lsmallconst                    smallconst   000000
__Lspace_0                       (abs)        000000
__Lspace_1                       (abs)        000000
__Lspace_2                       (abs)        000000
__Lspace_4                       (abs)        000000
__Lstack                         stack        000000
__Lstruct                        struct       000000
__Ltemp                          temp         000000
__Ltext                          text         000000
__Ltext0                         text0        000000
__Ltext1                         text1        000000
__Ltext2                         text2        000000
__Ltext3                         text3        000000
__Ltext4                         text4        000000
__Ltext5                         text5        000000
__Ltext6                         text6        000000
__S0                             (abs)        010000
__S1                             (abs)        000000
__S2                             (abs)        000000
__S4                             (abs)        000000
__S5                             (abs)        000000
___inthi_sp                      stack        000000
___intlo_sp                      stack        000000
___param_bank                    (abs)        000000
___rparam_used                   (abs)        000001
___sp                            stack        000000
__accesstop                      (abs)        000060
__activetblptr                   (abs)        000000
__end_of_CLC1_Initialize         text6        00FF80
__end_of_OSCILLATOR_Initialize   text5        00FF54
__end_of_PIN_MANAGER_Initialize  text4        010000
__end_of_PMD_Initialize          text3        00FF2E
__end_of_SYSTEM_Initialize       text1        00FF12
__end_of_TMR0_Initialize         text2        00FEFC
__end_of__initialization         cinit        00FED4
__end_of_main                    text0        00FEE6
__initialization                 cinit        00FED4
__mediumconst                    mediumconst  000000
__pcinit                         cinit        00FED4
__pcstackCOMRAM                  cstackCOMRAM 000000
__ptext0                         text0        00FEDA
__ptext1                         text1        00FEFC
__ptext2                         text2        00FEE6
__ptext3                         text3        00FF12
__ptext4                         text4        00FF80
__ptext5                         text5        00FF2E
__ptext6                         text6        00FF54
__ramtop                         ramtop       000F00
__size_of_CLC1_Initialize        (abs)        000000
__size_of_OSCILLATOR_Initialize  (abs)        000000
__size_of_PIN_MANAGER_Initialize (abs)        000000
__size_of_PMD_Initialize         (abs)        000000
__size_of_SYSTEM_Initialize      (abs)        000000
__size_of_TMR0_Initialize        (abs)        000000
__size_of_main                   (abs)        000000
__smallconst                     smallconst   000000
_main                            text0        00FEDA
end_of_initialization            cinit        00FED4
intlevel0                        text         000000
intlevel1                        text         000000
intlevel2                        text         000000
intlevel3                        text         000000
isa$std                          (abs)        000001
isa$xinst                        (abs)        000000
stackhi                          (abs)        000E1E
stacklo                          (abs)        000060
start                            init         000000
start_initialization             cinit        00FED4


MODULE INFORMATION

Module		Function		Class		Link	Load	Size
mcc_generated_files/tmr0.c
		_TMR0_Initialize		CODE           	FEE6	0000	22

mcc_generated_files/tmr0.c estimated size: 22

mcc_generated_files/pin_manager.c
		_PIN_MANAGER_Initialize		CODE           	FF80	0000	128

mcc_generated_files/pin_manager.c estimated size: 128

shared
		__initialization		CODE           	FED4	0000	1

shared estimated size: 1

mcc_generated_files/mcc.c
		_PMD_Initialize		CODE           	FF12	0000	28
		_OSCILLATOR_Initialize		CODE           	FF2E	0000	38
		_SYSTEM_Initialize		CODE           	FEFC	0000	22

mcc_generated_files/mcc.c estimated size: 88

main.c
		_main          		CODE           	FEDA	0000	12

main.c estimated size: 12

mcc_generated_files/clc1.c
		_CLC1_Initialize		CODE           	FF54	0000	44

mcc_generated_files/clc1.c estimated size: 44

