Microchip MPLAB XC8 Compiler V2.32

Linker command line:

-W-3 --edf=C:\Program Files\Microchip\xc8\v2.32\pic\dat\en_msgs.txt -cn \
  -h+dist/default/production\CLC_yuruyen.X.production.sym \
  --cmf=dist/default/production\CLC_yuruyen.X.production.cmf -z -Q18F46Q10 \
  -oC:\Users\BILGIS~1\AppData\Local\Temp\xcAs1ik.4 --defsym=__MPLAB_BUILD=1 \
  -Mdist/default/production/CLC_yuruyen.X.production.map -E1 \
  -ver=XC8 Compiler --acfsm=1493 -ASTACK=060h-0E1Eh -pstack=STACK \
  -ACODE=00h-0FFFFh -ACONST=00h-0FFFFh -ASMALLCONST=0F00h-0FFFhx241 \
  -AMEDIUMCONST=0F00h-0FFFFh -ACOMRAM=01h-05Fh -AABS1=00h-0E1Eh \
  -ABIGRAM=01h-0E1Eh -ARAM=060h-0FFh,0100h-01FFhx13,0E00h-0E1Eh \
  -ABANK0=060h-0FFh -ABANK1=0100h-01FFh -ABANK2=0200h-02FFh \
  -ABANK3=0300h-03FFh -ABANK4=0400h-04FFh -ABANK5=0500h-05FFh \
  -ABANK6=0600h-06FFh -ABANK7=0700h-07FFh -ABANK8=0800h-08FFh \
  -ABANK9=0900h-09FFh -ABANK10=0A00h-0AFFh -ABANK11=0B00h-0BFFh \
  -ABANK12=0C00h-0CFFh -ABANK13=0D00h-0DFFh -ABANK14=0E00h-0E1Eh \
  -ASFR=0E1Fh-0EFFh,0F00h-0F5Fh,0F60h-0FFFh -ACONFIG=0300000h-030000Bh \
  -AIDLOC=0200000h-02000FFh -AEEDATA=0310000h-03103FFh -peeprom_data=EEDATA \
  -preset_vec=00h,intcode,intcodelo,powerup,init -pramtop=0F00h \
  -psmallconst=SMALLCONST -pmediumconst=MEDIUMCONST -pconst=CONST \
  -AFARRAM=00h-00h \
  -prdata=COMRAM,nvrram=COMRAM,nvbit=COMRAM,rbss=COMRAM,rbit=COMRAM \
  -pfarbss=FARRAM,fardata=FARRAM,nvFARRAM=FARRAM \
  -pintsave_regs=BIGRAM,bigbss=BIGRAM,bigdata=BIGRAM -pbss=RAM \
  -pidata=CODE,irdata=CODE,ibigdata=CODE,ifardata=CODE -prparam=COMRAM \
  C:\Users\BILGIS~1\AppData\Local\Temp\xcAs1ik.o \
  dist/default/production\CLC_yuruyen.X.production.o 

Object code version is 3.11

Machine type is 18F46Q10



                Name                               Link     Load   Length Selector   Space Scale
C:\Users\BILGIS~1\AppData\Local\Temp\xcAs1ik.o
                idloc                            200000   200000      100        0       5
                config                           300000   300000        C        0       4
                init                                  0        0        4        0       0
dist/default/production\CLC_yuruyen.X.production.o
                idloc                            200000   200000      100        0       5
                config                           300000   300000        C        0       4
                text13                             FDD2     FDD2       2C     7EE9       0
                text12                             FDFE     FDFE       2C     7EFF       0
                text11                             FE2A     FE2A       2C     7F15       0
                text10                             FE56     FE56       2C     7F2B       0
                text9                              FE82     FE82       2C     7F41       0
                text8                              FEAE     FEAE       2C     7F57       0
                text7                              FEDA     FEDA       2C     7F6D       0
                text6                              FF06     FF06       2C     7F83       0
                text5                              FDAC     FDAC       26     7ED6       0
                text4                              FF64     FF64       9C     7FB2       0
                text3                              FD90     FD90       1C     7EC8       0
                text2                              FD7A     FD7A       16     7EBD       0
                text1                              FF32     FF32       32     7F99       0
                text0                              FD6E     FD6E        C     7EB7       0
                cinit                              FD68     FD68        6     7EB4       0

TOTAL           Name                               Link     Load   Length     Space
        CLASS   STACK          

        CLASS   CODE           
                init                                  0        0        4         0
                text13                             FDD2     FDD2       2C         0
                text12                             FDFE     FDFE       2C         0
                text11                             FE2A     FE2A       2C         0
                text10                             FE56     FE56       2C         0
                text9                              FE82     FE82       2C         0
                text8                              FEAE     FEAE       2C         0
                text7                              FEDA     FEDA       2C         0
                text6                              FF06     FF06       2C         0
                text5                              FDAC     FDAC       26         0
                text4                              FF64     FF64       9C         0
                text3                              FD90     FD90       1C         0
                text2                              FD7A     FD7A       16         0
                text1                              FF32     FF32       32         0
                text0                              FD6E     FD6E        C         0
                cinit                              FD68     FD68        6         0

        CLASS   CONST          

        CLASS   SMALLCONST     

        CLASS   MEDIUMCONST    

        CLASS   COMRAM         

        CLASS   ABS1           

        CLASS   BIGRAM         

        CLASS   RAM            

        CLASS   BANK0          

        CLASS   BANK1          

        CLASS   BANK2          

        CLASS   BANK3          

        CLASS   BANK4          

        CLASS   BANK5          

        CLASS   BANK6          

        CLASS   BANK7          

        CLASS   BANK8          

        CLASS   BANK9          

        CLASS   BANK10         

        CLASS   BANK11         

        CLASS   BANK12         

        CLASS   BANK13         

        CLASS   BANK14         

        CLASS   SFR            

        CLASS   CONFIG         
                config                           300000   300000        C         4

        CLASS   IDLOC          
                idloc                            200000   200000      100         5

        CLASS   EEDATA         

        CLASS   FARRAM         



SEGMENTS        Name                           Load    Length   Top    Selector   Space  Class

                reset_vec                      000000  000004  000004         0       0  CODE    
                cinit                          00FD68  000006  00FD6E      7EB4       0  CODE    
                text0                          00FD6E  00000C  00FD7A      7EB7       0  CODE    
                text2                          00FD7A  000016  00FD90      7EBD       0  CODE    
                text3                          00FD90  00001C  00FDAC      7EC8       0  CODE    
                text5                          00FDAC  000026  00FDD2      7ED6       0  CODE    
                text13                         00FDD2  00002C  00FDFE      7EE9       0  CODE    
                text12                         00FDFE  00002C  00FE2A      7EFF       0  CODE    
                text11                         00FE2A  00002C  00FE56      7F15       0  CODE    
                text10                         00FE56  00002C  00FE82      7F2B       0  CODE    
                text9                          00FE82  00002C  00FEAE      7F41       0  CODE    
                text8                          00FEAE  00002C  00FEDA      7F57       0  CODE    
                text7                          00FEDA  00002C  00FF06      7F6D       0  CODE    
                text6                          00FF06  00002C  00FF32      7F83       0  CODE    
                text1                          00FF32  000032  00FF64      7F99       0  CODE    
                text4                          00FF64  00009C  010000      7FB2       0  CODE    


UNUSED ADDRESS RANGES

        Name                Unused          Largest block    Delta
        BANK0            000060-0000FF               A0
        BANK1            000100-0001FF              100
        BANK10           000A00-000AFF              100
        BANK11           000B00-000BFF              100
        BANK12           000C00-000CFF              100
        BANK13           000D00-000DFF              100
        BANK14           000E00-000E1E               1F
        BANK2            000200-0002FF              100
        BANK3            000300-0003FF              100
        BANK4            000400-0004FF              100
        BANK5            000500-0005FF              100
        BANK6            000600-0006FF              100
        BANK7            000700-0007FF              100
        BANK8            000800-0008FF              100
        BANK9            000900-0009FF              100
        BIGRAM           000001-000E1E              E1E
        CODE             000004-00FD67             FD64
        COMRAM           000001-00005F               5F
        CONST            000004-00FD67             FD64
        EEDATA           310000-3103FF              400
        MEDIUMCONST      000F00-00FD67             EE68
        RAM              000060-000E1E              100
        SFR              000E1F-000FFF               E1
        SMALLCONST       000F00-00FD67              100
        STACK            000060-000E1E              DBF

                                  Symbol Table

_ANSELA                          (abs)        000F0C
_ANSELB                          (abs)        000F14
_ANSELC                          (abs)        000F1C
_ANSELD                          (abs)        000F21
_ANSELE                          (abs)        000F29
_CLC1CON                         (abs)        000E27
_CLC1CONbits                     (abs)        000E27
_CLC1GLS0                        (abs)        000E2D
_CLC1GLS1                        (abs)        000E2E
_CLC1GLS2                        (abs)        000E2F
_CLC1GLS3                        (abs)        000E30
_CLC1POL                         (abs)        000E28
_CLC1SEL0                        (abs)        000E29
_CLC1SEL1                        (abs)        000E2A
_CLC1SEL2                        (abs)        000E2B
_CLC1SEL3                        (abs)        000E2C
_CLC1_Initialize                 text13       00FDD2
_CLC2CON                         (abs)        000E31
_CLC2CONbits                     (abs)        000E31
_CLC2GLS0                        (abs)        000E37
_CLC2GLS1                        (abs)        000E38
_CLC2GLS2                        (abs)        000E39
_CLC2GLS3                        (abs)        000E3A
_CLC2POL                         (abs)        000E32
_CLC2SEL0                        (abs)        000E33
_CLC2SEL1                        (abs)        000E34
_CLC2SEL2                        (abs)        000E35
_CLC2SEL3                        (abs)        000E36
_CLC2_Initialize                 text12       00FDFE
_CLC3CON                         (abs)        000E3B
_CLC3CONbits                     (abs)        000E3B
_CLC3GLS0                        (abs)        000E41
_CLC3GLS1                        (abs)        000E42
_CLC3GLS2                        (abs)        000E43
_CLC3GLS3                        (abs)        000E44
_CLC3POL                         (abs)        000E3C
_CLC3SEL0                        (abs)        000E3D
_CLC3SEL1                        (abs)        000E3E
_CLC3SEL2                        (abs)        000E3F
_CLC3SEL3                        (abs)        000E40
_CLC3_Initialize                 text11       00FE2A
_CLC4CON                         (abs)        000E45
_CLC4CONbits                     (abs)        000E45
_CLC4GLS0                        (abs)        000E4B
_CLC4GLS1                        (abs)        000E4C
_CLC4GLS2                        (abs)        000E4D
_CLC4GLS3                        (abs)        000E4E
_CLC4POL                         (abs)        000E46
_CLC4SEL0                        (abs)        000E47
_CLC4SEL1                        (abs)        000E48
_CLC4SEL2                        (abs)        000E49
_CLC4SEL3                        (abs)        000E4A
_CLC4_Initialize                 text10       00FE56
_CLC5CON                         (abs)        000E4F
_CLC5CONbits                     (abs)        000E4F
_CLC5GLS0                        (abs)        000E55
_CLC5GLS1                        (abs)        000E56
_CLC5GLS2                        (abs)        000E57
_CLC5GLS3                        (abs)        000E58
_CLC5POL                         (abs)        000E50
_CLC5SEL0                        (abs)        000E51
_CLC5SEL1                        (abs)        000E52
_CLC5SEL2                        (abs)        000E53
_CLC5SEL3                        (abs)        000E54
_CLC5_Initialize                 text9        00FE82
_CLC6CON                         (abs)        000E59
_CLC6CONbits                     (abs)        000E59
_CLC6GLS0                        (abs)        000E5F
_CLC6GLS1                        (abs)        000E60
_CLC6GLS2                        (abs)        000E61
_CLC6GLS3                        (abs)        000E62
_CLC6POL                         (abs)        000E5A
_CLC6SEL0                        (abs)        000E5B
_CLC6SEL1                        (abs)        000E5C
_CLC6SEL2                        (abs)        000E5D
_CLC6SEL3                        (abs)        000E5E
_CLC6_Initialize                 text8        00FEAE
_CLC7CON                         (abs)        000E63
_CLC7CONbits                     (abs)        000E63
_CLC7GLS0                        (abs)        000E69
_CLC7GLS1                        (abs)        000E6A
_CLC7GLS2                        (abs)        000E6B
_CLC7GLS3                        (abs)        000E6C
_CLC7POL                         (abs)        000E64
_CLC7SEL0                        (abs)        000E65
_CLC7SEL1                        (abs)        000E66
_CLC7SEL2                        (abs)        000E67
_CLC7SEL3                        (abs)        000E68
_CLC7_Initialize                 text7        00FEDA
_CLC8CON                         (abs)        000E6D
_CLC8CONbits                     (abs)        000E6D
_CLC8GLS0                        (abs)        000E73
_CLC8GLS1                        (abs)        000E74
_CLC8GLS2                        (abs)        000E75
_CLC8GLS3                        (abs)        000E76
_CLC8POL                         (abs)        000E6E
_CLC8SEL0                        (abs)        000E6F
_CLC8SEL1                        (abs)        000E70
_CLC8SEL2                        (abs)        000E71
_CLC8SEL3                        (abs)        000E72
_CLC8_Initialize                 text6        00FF06
_CLCIN0PPS                       (abs)        000E1F
_INLVLA                          (abs)        000F08
_INLVLB                          (abs)        000F10
_INLVLC                          (abs)        000F18
_INLVLD                          (abs)        000F1D
_INLVLE                          (abs)        000F25
_LATA                            (abs)        000F82
_LATB                            (abs)        000F83
_LATC                            (abs)        000F84
_LATD                            (abs)        000F85
_LATE                            (abs)        000F86
_ODCONA                          (abs)        000F0A
_ODCONB                          (abs)        000F12
_ODCONC                          (abs)        000F1A
_ODCOND                          (abs)        000F1F
_ODCONE                          (abs)        000F27
_OSCCON1                         (abs)        000ED3
_OSCCON3                         (abs)        000ED5
_OSCEN                           (abs)        000ED7
_OSCFRQ                          (abs)        000ED9
_OSCILLATOR_Initialize           text5        00FDAC
_OSCTUNE                         (abs)        000ED8
_PIN_MANAGER_Initialize          text4        00FF64
_PIR0bits                        (abs)        000EC5
_PLLR                            (abs)        0076B0
_PMD0                            (abs)        000EDC
_PMD1                            (abs)        000EDD
_PMD2                            (abs)        000EDE
_PMD3                            (abs)        000EDF
_PMD4                            (abs)        000EE0
_PMD5                            (abs)        000EE1
_PMD_Initialize                  text3        00FD90
_RC2PPS                          (abs)        000EF4
_RC3PPS                          (abs)        000EF5
_RC4PPS                          (abs)        000EF6
_RC5PPS                          (abs)        000EF7
_RD0PPS                          (abs)        000EFA
_RD1PPS                          (abs)        000EFB
_RD2PPS                          (abs)        000EFC
_RD3PPS                          (abs)        000EFD
_SLRCONA                         (abs)        000F09
_SLRCONB                         (abs)        000F11
_SLRCONC                         (abs)        000F19
_SLRCOND                         (abs)        000F1E
_SLRCONE                         (abs)        000F26
_SYSTEM_Initialize               text1        00FF32
_T0CON0                          (abs)        000FD4
_T0CON0bits                      (abs)        000FD4
_T0CON1                          (abs)        000FD5
_TMR0H                           (abs)        000FD3
_TMR0L                           (abs)        000FD2
_TMR0_Initialize                 text2        00FD7A
_TRISA                           (abs)        000F87
_TRISB                           (abs)        000F88
_TRISC                           (abs)        000F89
_TRISD                           (abs)        000F8A
_TRISE                           (abs)        000F8B
_WPUA                            (abs)        000F0B
_WPUB                            (abs)        000F13
_WPUC                            (abs)        000F1B
_WPUD                            (abs)        000F20
_WPUE                            (abs)        000F28
__HRAM                           (abs)        000000
__Habs1                          abs1         000000
__Hbank0                         bank0        000000
__Hbank1                         bank1        000000
__Hbank10                        bank10       000000
__Hbank11                        bank11       000000
__Hbank12                        bank12       000000
__Hbank13                        bank13       000000
__Hbank14                        bank14       000000
__Hbank2                         bank2        000000
__Hbank3                         bank3        000000
__Hbank4                         bank4        000000
__Hbank5                         bank5        000000
__Hbank6                         bank6        000000
__Hbank7                         bank7        000000
__Hbank8                         bank8        000000
__Hbank9                         bank9        000000
__Hbigbss                        bigbss       000000
__Hbigdata                       bigdata      000000
__Hbigram                        bigram       000000
__Hbss                           bss          000000
__Hcinit                         cinit        000000
__Hclrtext                       clrtext      000000
__Hcomram                        comram       000000
__Hconfig                        config       30000C
__Hconst                         const        000000
__HcstackCOMRAM                  cstackCOMRAM 000000
__Hdata                          data         000000
__Heeprom_data                   eeprom_data  000000
__Hfarbss                        farbss       000000
__Hfardata                       fardata      000000
__Hibigdata                      ibigdata     000000
__Hidata                         idata        000000
__Hidloc                         idloc        200100
__Hifardata                      ifardata     000000
__Hinit                          init         000004
__Hintcode                       intcode      000000
__Hintcode_body                  intcode_body 000000
__Hintcodelo                     intcodelo    000000
__Hintentry                      intentry     000000
__Hintret                        intret       000000
__Hintsave_regs                  intsave_regs 000000
__Hirdata                        irdata       000000
__Hmediumconst                   mediumconst  000000
__HnvFARRAM                      nvFARRAM     000000
__Hnvbit                         nvbit        000000
__Hnvrram                        nvrram       000000
__Hparam                         rparam       000000
__Hpowerup                       powerup      000000
__Hram                           ram          000000
__Hramtop                        ramtop       000F00
__Hrbit                          rbit         000000
__Hrbss                          rbss         000000
__Hrdata                         rdata        000000
__Hreset_vec                     reset_vec    000000
__Hrparam                        rparam       000000
__Hsfr                           sfr          000000
__Hsmallconst                    smallconst   000000
__Hspace_0                       (abs)        010000
__Hspace_1                       (abs)        000000
__Hspace_2                       (abs)        000000
__Hspace_4                       (abs)        60000C
__Hstack                         stack        000000
__Hstruct                        struct       000000
__Htemp                          temp         000000
__Htext                          text         000000
__Htext0                         text0        000000
__Htext1                         text1        000000
__Htext10                        text10       000000
__Htext11                        text11       000000
__Htext12                        text12       000000
__Htext13                        text13       000000
__Htext2                         text2        000000
__Htext3                         text3        000000
__Htext4                         text4        000000
__Htext5                         text5        000000
__Htext6                         text6        000000
__Htext7                         text7        000000
__Htext8                         text8        000000
__Htext9                         text9        000000
__LRAM                           (abs)        000001
__Labs1                          abs1         000000
__Lbank0                         bank0        000000
__Lbank1                         bank1        000000
__Lbank10                        bank10       000000
__Lbank11                        bank11       000000
__Lbank12                        bank12       000000
__Lbank13                        bank13       000000
__Lbank14                        bank14       000000
__Lbank2                         bank2        000000
__Lbank3                         bank3        000000
__Lbank4                         bank4        000000
__Lbank5                         bank5        000000
__Lbank6                         bank6        000000
__Lbank7                         bank7        000000
__Lbank8                         bank8        000000
__Lbank9                         bank9        000000
__Lbigbss                        bigbss       000000
__Lbigdata                       bigdata      000000
__Lbigram                        bigram       000000
__Lbss                           bss          000000
__Lcinit                         cinit        000000
__Lclrtext                       clrtext      000000
__Lcomram                        comram       000000
__Lconfig                        config       000000
__Lconst                         const        000000
__LcstackCOMRAM                  cstackCOMRAM 000000
__Ldata                          data         000000
__Leeprom_data                   eeprom_data  000000
__Lfarbss                        farbss       000000
__Lfardata                       fardata      000000
__Libigdata                      ibigdata     000000
__Lidata                         idata        000000
__Lidloc                         idloc        000000
__Lifardata                      ifardata     000000
__Linit                          init         000000
__Lintcode                       intcode      000000
__Lintcode_body                  intcode_body 000000
__Lintcodelo                     intcodelo    000000
__Lintentry                      intentry     000000
__Lintret                        intret       000000
__Lintsave_regs                  intsave_regs 000000
__Lirdata                        irdata       000000
__Lmediumconst                   mediumconst  000000
__LnvFARRAM                      nvFARRAM     000000
__Lnvbit                         nvbit        000000
__Lnvrram                        nvrram       000000
__Lparam                         rparam       000000
__Lpowerup                       powerup      000000
__Lram                           ram          000000
__Lramtop                        ramtop       000F00
__Lrbit                          rbit         000000
__Lrbss                          rbss         000000
__Lrdata                         rdata        000000
__Lreset_vec                     reset_vec    000000
__Lrparam                        rparam       000000
__Lsfr                           sfr          000000
__Lsmallconst                    smallconst   000000
__Lspace_0                       (abs)        000000
__Lspace_1                       (abs)        000000
__Lspace_2                       (abs)        000000
__Lspace_4                       (abs)        000000
__Lstack                         stack        000000
__Lstruct                        struct       000000
__Ltemp                          temp         000000
__Ltext                          text         000000
__Ltext0                         text0        000000
__Ltext1                         text1        000000
__Ltext10                        text10       000000
__Ltext11                        text11       000000
__Ltext12                        text12       000000
__Ltext13                        text13       000000
__Ltext2                         text2        000000
__Ltext3                         text3        000000
__Ltext4                         text4        000000
__Ltext5                         text5        000000
__Ltext6                         text6        000000
__Ltext7                         text7        000000
__Ltext8                         text8        000000
__Ltext9                         text9        000000
__S0                             (abs)        010000
__S1                             (abs)        000000
__S2                             (abs)        000000
__S4                             (abs)        000000
__S5                             (abs)        000000
___inthi_sp                      stack        000000
___intlo_sp                      stack        000000
___param_bank                    (abs)        000000
___rparam_used                   (abs)        000001
___sp                            stack        000000
__accesstop                      (abs)        000060
__activetblptr                   (abs)        000000
__end_of_CLC1_Initialize         text13       00FDFE
__end_of_CLC2_Initialize         text12       00FE2A
__end_of_CLC3_Initialize         text11       00FE56
__end_of_CLC4_Initialize         text10       00FE82
__end_of_CLC5_Initialize         text9        00FEAE
__end_of_CLC6_Initialize         text8        00FEDA
__end_of_CLC7_Initialize         text7        00FF06
__end_of_CLC8_Initialize         text6        00FF32
__end_of_OSCILLATOR_Initialize   text5        00FDD2
__end_of_PIN_MANAGER_Initialize  text4        010000
__end_of_PMD_Initialize          text3        00FDAC
__end_of_SYSTEM_Initialize       text1        00FF64
__end_of_TMR0_Initialize         text2        00FD90
__end_of__initialization         cinit        00FD68
__end_of_main                    text0        00FD7A
__initialization                 cinit        00FD68
__mediumconst                    mediumconst  000000
__pcinit                         cinit        00FD68
__pcstackCOMRAM                  cstackCOMRAM 000000
__ptext0                         text0        00FD6E
__ptext1                         text1        00FF32
__ptext10                        text10       00FE56
__ptext11                        text11       00FE2A
__ptext12                        text12       00FDFE
__ptext13                        text13       00FDD2
__ptext2                         text2        00FD7A
__ptext3                         text3        00FD90
__ptext4                         text4        00FF64
__ptext5                         text5        00FDAC
__ptext6                         text6        00FF06
__ptext7                         text7        00FEDA
__ptext8                         text8        00FEAE
__ptext9                         text9        00FE82
__ramtop                         ramtop       000F00
__size_of_CLC1_Initialize        (abs)        000000
__size_of_CLC2_Initialize        (abs)        000000
__size_of_CLC3_Initialize        (abs)        000000
__size_of_CLC4_Initialize        (abs)        000000
__size_of_CLC5_Initialize        (abs)        000000
__size_of_CLC6_Initialize        (abs)        000000
__size_of_CLC7_Initialize        (abs)        000000
__size_of_CLC8_Initialize        (abs)        000000
__size_of_OSCILLATOR_Initialize  (abs)        000000
__size_of_PIN_MANAGER_Initialize (abs)        000000
__size_of_PMD_Initialize         (abs)        000000
__size_of_SYSTEM_Initialize      (abs)        000000
__size_of_TMR0_Initialize        (abs)        000000
__size_of_main                   (abs)        000000
__smallconst                     smallconst   000000
_main                            text0        00FD6E
end_of_initialization            cinit        00FD68
intlevel0                        text         000000
intlevel1                        text         000000
intlevel2                        text         000000
intlevel3                        text         000000
isa$std                          (abs)        000001
isa$xinst                        (abs)        000000
stackhi                          (abs)        000E1E
stacklo                          (abs)        000060
start                            init         000000
start_initialization             cinit        00FD68


MODULE INFORMATION

Module		Function		Class		Link	Load	Size
mcc_generated_files/tmr0.c
		_TMR0_Initialize		CODE           	FD7A	0000	22

mcc_generated_files/tmr0.c estimated size: 22

mcc_generated_files/clc8.c
		_CLC8_Initialize		CODE           	FF06	0000	44

mcc_generated_files/clc8.c estimated size: 44

mcc_generated_files/pin_manager.c
		_PIN_MANAGER_Initialize		CODE           	FF64	0000	156

mcc_generated_files/pin_manager.c estimated size: 156

mcc_generated_files/clc6.c
		_CLC6_Initialize		CODE           	FEAE	0000	44

mcc_generated_files/clc6.c estimated size: 44

mcc_generated_files/clc4.c
		_CLC4_Initialize		CODE           	FE56	0000	44

mcc_generated_files/clc4.c estimated size: 44

mcc_generated_files/clc2.c
		_CLC2_Initialize		CODE           	FDFE	0000	44

mcc_generated_files/clc2.c estimated size: 44

shared
		__initialization		CODE           	FD68	0000	1

shared estimated size: 1

mcc_generated_files/mcc.c
		_PMD_Initialize		CODE           	FD90	0000	28
		_OSCILLATOR_Initialize		CODE           	FDAC	0000	38
		_SYSTEM_Initialize		CODE           	FF32	0000	50

mcc_generated_files/mcc.c estimated size: 116

mcc_generated_files/clc7.c
		_CLC7_Initialize		CODE           	FEDA	0000	44

mcc_generated_files/clc7.c estimated size: 44

mcc_generated_files/clc5.c
		_CLC5_Initialize		CODE           	FE82	0000	44

mcc_generated_files/clc5.c estimated size: 44

main.c
		_main          		CODE           	FD6E	0000	12

main.c estimated size: 12

mcc_generated_files/clc3.c
		_CLC3_Initialize		CODE           	FE2A	0000	44

mcc_generated_files/clc3.c estimated size: 44

mcc_generated_files/clc1.c
		_CLC1_Initialize		CODE           	FDD2	0000	44

mcc_generated_files/clc1.c estimated size: 44

