Microchip MPLAB XC8 Compiler V1.45 ()

Linker command line:

-W-3 --edf=C:\Program Files (x86)\Microchip\xc8\v1.45\dat\en_msgs.txt -cs \
  -h+dist/default/production\SDCard_deneme3.production.sym \
  --cmf=dist/default/production\SDCard_deneme3.production.cmf -z -Q18F46K22 \
  -oC:\Users\ABD\AppData\Local\Temp\s9m8.2 \
  -Mdist/default/production/SDCard_deneme3.production.map -E1 -ver=XC8 \
  -ASTACK=0E9Dh-0f37h -pstack=STACK -ACODE=00h-0FFFFh -ACONST=00h-0FFFFh \
  -ASMALLCONST=01000h-010FFhx240 -AMEDIUMCONST=01000h-0FFFFh \
  -ACOMRAM=01h-05Fh -AABS1=00h-0F37h -ABIGRAM=01h-0F37h \
  -ARAM=060h-0FFh,0100h-01FFhx14,0F00h-0F37h -ABANK0=060h-0FFh \
  -ABANK1=0100h-01FFh -ABANK2=0200h-02FFh -ABANK3=0300h-03FFh \
  -ABANK4=0400h-04FFh -ABANK5=0500h-05FFh -ABANK6=0600h-06FFh \
  -ABANK7=0700h-07FFh -ABANK8=0800h-08FFh -ABANK9=0900h-09FFh \
  -ABANK10=0A00h-0AFFh -ABANK11=0B00h-0BFFh -ABANK12=0C00h-0CFFh \
  -ABANK13=0D00h-0DFFh -ABANK14=0E00h-0EFFh -ABANK15=0F00h-0F37h \
  -ASFR=0F38h-0F5Fh,0F60h-0FFFh \
  -preset_vec=00h,intcode=08h,intcodelo,powerup,init -pramtop=01000h \
  -psmallconst=SMALLCONST -pmediumconst=MEDIUMCONST -pconst=CONST \
  -AFARRAM=00h-00h -ACONFIG=0300000h-030000Dh -pconfig=CONFIG \
  -AIDLOC=0200000h-0200007h -pidloc=IDLOC -AEEDATA=0F00000h-0F003FFh \
  -peeprom_data=EEDATA \
  -prdata=COMRAM,nvrram=COMRAM,nvbit=COMRAM,rbss=COMRAM,rbit=COMRAM \
  -pfarbss=FARRAM,fardata=FARRAM,nvFARRAM=FARRAM \
  -pintsave_regs=BIGRAM,bigbss=BIGRAM,bigdata=BIGRAM -pbss=RAM \
  -pidata=CODE,irdata=CODE,ibigdata=CODE,ifardata=CODE -prparam=COMRAM \
  C:\Users\ABD\AppData\Local\Temp\s9m8.obj \
  dist/default/production\SDCard_deneme3.production.obj 

Object code version is 3.11

Machine type is 18F46K22

Call graph: (short form)




                Name                               Link     Load   Length Selector   Space Scale
C:\Users\ABD\AppData\Local\Temp\s9m8.obj
                stack                               E9D      E9D       9B      E9D       2
                init                                 5A       5A        8        4       0
                reset_vec                             0        0        4        0       0
                idloc                            200000   200000        8   200000       0
                config                           300000   300000        E   300000       0
dist/default/production\SDCard_deneme3.production.obj
                intcode                               8        8       52        4       0
                temp                                 3B       3B        C        1       1
                mediumconst                        F73A     F73A      8C6     7B9D       0
                text123                            8D14     8D14       18        4       0
                text122                            7FBE     7FBE       90        4       0
                text121                            8E14     8E14        2     4708       0
                text120                            8BA2     8BA2       2A        4       0
                text118                            8616     8616       54        4       0
                text117                            87A4     87A4       4A        4       0
                text116                            6E60     6E60      12A        4       0
                text115                            79C6     79C6       BE        4       0
                text114                            4DF2     4DF2      28E        4       0
                text113                            8486     8486       68        4       0
                text112                            85B6     85B6       60        4       0
                text111                            7D50     7D50       A6        4       0
                text110                            8DFC     8DFC        8        4       0
                text109                            8A20     8A20       38        4       0
                text108                            74B2     74B2       EE        4       0
                text107                            6D36     6D36      12A        4       0
                text106                            7DF6     7DF6       9C        4       0
                text105                            89E6     89E6       3A        4       0
                text104                            8C8C     8C8C       22        4       0
                text103                            425A     425A      312        4       0
                text102                            3854     3854      396        4       0
                text101                            870E     870E       4C        4       0
                text100                            7BFC     7BFC       AE        4       0
                text99                             6F8A     6F8A      114        4       0
                text98                             456C     456C      2F6        4       0
                text97                             89AA     89AA       3C        4       0
                text96                             5BCC     5BCC      19E        4       0
                text95                             5308     5308      282        4       0
                text94                             7F2C     7F2C       92        4       0
                text93                             80DC     80DC       8E        4       0
                text92                             825A     825A       76        4       0
                text91                             8D7A     8D7A       10        4       0
                text90                             72BE     72BE       FC        4       0
                text89                             8A8E     8A8E       36        4       0
                text88                             1386     1386      800        4       0
                text87                             8C42     8C42       26        4       0
                text86                             57F2     57F2      1F6        4       0
                text85                             82D0     82D0       72        4       0
                text84                             67F0     67F0      166        4       0
                text83                             73BA     73BA       F8        4       0
                text82                             8DAE     8DAE        C        4       0
                text81                             622A     622A      182        4       0
                text80                             8930     8930       3E        4       0
                text79                             8DF4     8DF4        8        4       0
                text78                             8DA2     8DA2        C        4       0
                text77                             8BF4     8BF4       28        4       0
                text76                             7766     7766       D2        4       0
                text75                             300A     300A      430        4       0
                text74                             3F30     3F30      32A        4       0
                text73                             8C1C     8C1C       26        4       0
                text72                             75A0     75A0       E8        4       0
                text71                             63AC     63AC      176        4       0
                text70                             6956     6956      15A        4       0
                text69                             7CAA     7CAA       A6        4       0
                text68                             83B0     83B0       6C        4       0
                text67                             8DE2     8DE2        A        4       0
                text66                             816A     816A       7A        4       0
                text65                             7838     7838       CE        4       0
                text64                             8DD8     8DD8        A        4       0
                text63                             8B78     8B78       2A        4       0
                text62                             84EE     84EE       66        4       0
                text61                             8D96     8D96        C        4       0
                text60                             8CFC     8CFC       18        4       0
                text59                             81E4     81E4       76        4       0
                text58                             8342     8342       6E        4       0
                text57                             8AC4     8AC4       32        4       0
                text56                             8D56     8D56       14        4       0
                text55                             8E10     8E10        4     4708       0
                text54                             8D8A     8D8A        C        4       0
                text53                             8A58     8A58       36        4       0
                text52                             8DCE     8DCE        A        4       0
                text51                             8BCC     8BCC       28        4       0
                text50                             8CE4     8CE4       18        4       0
                text49                             7B40     7B40       BC        4       0
                text48                             709E     709E      112        4       0
                text47                             896E     896E       3C        4       0
                text46                             343A     343A      41A        4       0
                text45                             60A2     60A2      188        4       0
                text44                             5F06     5F06      19C        4       0
                text43                             88B2     88B2       40        4       0
                text42                             558A     558A      268        4       0
                text41                             2606     2606      50A        4       0
                text40                             7906     7906       C0        4       0
                text39                             8830     8830       42        4       0
                text38                             5D6A     5D6A      19C        4       0
                text37                             7688     7688       DE        4       0
                text36                             4862     4862      2D4        4       0
                text35                             6522     6522      168        4       0
                text34                             4B36     4B36      2BC        4       0
                text33                             804E     804E       8E        4       0
                text32                             2B10     2B10      4FA        4       0
                text31                             20F6     20F6      510        4       0
                text30                             71B0     71B0      10E        4       0
                text29                             5080     5080      288        4       0
                text28                             59E8     59E8      1E4        4       0
                text27                             6C00     6C00      136        4       0
                text26                             1B86     1B86      570        4       0
                text25                             8CAE     8CAE       1C        4       0
                text24                             8CCA     8CCA       1A        4       0
                text23                             87EE     87EE       42        4       0
                text22                             8D2C     8D2C       16        4       0
                text21                             8DEC     8DEC        8        4       0
                text20                             8DC4     8DC4        A        4       0
                text19                             8C68     8C68       24        4       0
                text18                             875A     875A       4A        4       0
                text17                             8E04     8E04        6        4       0
                text16                             7E92     7E92       9A        4       0
                text15                             8872     8872       40        4       0
                text14                             88F2     88F2       3E        4       0
                text13                             8B22     8B22       2C        4       0
                text12                             8B4E     8B4E       2A        4       0
                text11                             8554     8554       62        4       0
                text10                             86BC     86BC       52        4       0
                text9                              3BEA     3BEA      346        4       0
                text8                              8D42     8D42       14        4       0
                text7                              6AB0     6AB0      150        4       0
                text6                              866A     866A       52        4       0
                text5                              8DBA     8DBA        A        4       0
                text4                              8AF6     8AF6       2C        4       0
                text3                              668A     668A      166        4       0
                text2                              8D6A     8D6A       10        4       0
                text1                              7A84     7A84       BC        4       0
                text0                                62       62     1324        4       0
                cstackCOMRAM                          1        1       3A        1       1
                cstackBANK0                          60       60       A0       60       1
                cstackBANK1                         100      100       EB      100       1
                cstackBANK2                         200      200       EB      200       1
                bssBIGRAM                           3FC      3FC      AA1      3FC       1
                bssBANK3                            300      300       FC      300       1
                bssBANK2                            2EB      2EB        C      200       1
                bssBANK1                            1EB      1EB        8      100       1
                dataCOMRAM                           4E       4E        5        1       1
                bssCOMRAM                            47       47        7        1       1
                cinit                              841C     841C       6A        4       0
                nvBANK1                             1F3      1F3        4      100       1
                idataCOMRAM                        8E0A     8E0A        5        4       0

TOTAL           Name                               Link     Load   Length     Space
        CLASS   STACK          
                stack                               E9D      E9D       9B         2

        CLASS   CODE           
                intcode                               8        8       52         0
                init                                 5A       5A        8         0
                reset_vec                             0        0        4         0
                text123                            8D14     8D14       18         0
                text122                            7FBE     7FBE       90         0
                text121                            8E14     8E14        2         0
                text120                            8BA2     8BA2       2A         0
                text118                            8616     8616       54         0
                text117                            87A4     87A4       4A         0
                text116                            6E60     6E60      12A         0
                text115                            79C6     79C6       BE         0
                text114                            4DF2     4DF2      28E         0
                text113                            8486     8486       68         0
                text112                            85B6     85B6       60         0
                text111                            7D50     7D50       A6         0
                text110                            8DFC     8DFC        8         0
                text109                            8A20     8A20       38         0
                text108                            74B2     74B2       EE         0
                text107                            6D36     6D36      12A         0
                text106                            7DF6     7DF6       9C         0
                text105                            89E6     89E6       3A         0
                text104                            8C8C     8C8C       22         0
                text103                            425A     425A      312         0
                text102                            3854     3854      396         0
                text101                            870E     870E       4C         0
                text100                            7BFC     7BFC       AE         0
                text99                             6F8A     6F8A      114         0
                text98                             456C     456C      2F6         0
                text97                             89AA     89AA       3C         0
                text96                             5BCC     5BCC      19E         0
                text95                             5308     5308      282         0
                text94                             7F2C     7F2C       92         0
                text93                             80DC     80DC       8E         0
                text92                             825A     825A       76         0
                text91                             8D7A     8D7A       10         0
                text90                             72BE     72BE       FC         0
                text89                             8A8E     8A8E       36         0
                text88                             1386     1386      800         0
                text87                             8C42     8C42       26         0
                text86                             57F2     57F2      1F6         0
                text85                             82D0     82D0       72         0
                text84                             67F0     67F0      166         0
                text83                             73BA     73BA       F8         0
                text82                             8DAE     8DAE        C         0
                text81                             622A     622A      182         0
                text80                             8930     8930       3E         0
                text79                             8DF4     8DF4        8         0
                text78                             8DA2     8DA2        C         0
                text77                             8BF4     8BF4       28         0
                text76                             7766     7766       D2         0
                text75                             300A     300A      430         0
                text74                             3F30     3F30      32A         0
                text73                             8C1C     8C1C       26         0
                text72                             75A0     75A0       E8         0
                text71                             63AC     63AC      176         0
                text70                             6956     6956      15A         0
                text69                             7CAA     7CAA       A6         0
                text68                             83B0     83B0       6C         0
                text67                             8DE2     8DE2        A         0
                text66                             816A     816A       7A         0
                text65                             7838     7838       CE         0
                text64                             8DD8     8DD8        A         0
                text63                             8B78     8B78       2A         0
                text62                             84EE     84EE       66         0
                text61                             8D96     8D96        C         0
                text60                             8CFC     8CFC       18         0
                text59                             81E4     81E4       76         0
                text58                             8342     8342       6E         0
                text57                             8AC4     8AC4       32         0
                text56                             8D56     8D56       14         0
                text55                             8E10     8E10        4         0
                text54                             8D8A     8D8A        C         0
                text53                             8A58     8A58       36         0
                text52                             8DCE     8DCE        A         0
                text51                             8BCC     8BCC       28         0
                text50                             8CE4     8CE4       18         0
                text49                             7B40     7B40       BC         0
                text48                             709E     709E      112         0
                text47                             896E     896E       3C         0
                text46                             343A     343A      41A         0
                text45                             60A2     60A2      188         0
                text44                             5F06     5F06      19C         0
                text43                             88B2     88B2       40         0
                text42                             558A     558A      268         0
                text41                             2606     2606      50A         0
                text40                             7906     7906       C0         0
                text39                             8830     8830       42         0
                text38                             5D6A     5D6A      19C         0
                text37                             7688     7688       DE         0
                text36                             4862     4862      2D4         0
                text35                             6522     6522      168         0
                text34                             4B36     4B36      2BC         0
                text33                             804E     804E       8E         0
                text32                             2B10     2B10      4FA         0
                text31                             20F6     20F6      510         0
                text30                             71B0     71B0      10E         0
                text29                             5080     5080      288         0
                text28                             59E8     59E8      1E4         0
                text27                             6C00     6C00      136         0
                text26                             1B86     1B86      570         0
                text25                             8CAE     8CAE       1C         0
                text24                             8CCA     8CCA       1A         0
                text23                             87EE     87EE       42         0
                text22                             8D2C     8D2C       16         0
                text21                             8DEC     8DEC        8         0
                text20                             8DC4     8DC4        A         0
                text19                             8C68     8C68       24         0
                text18                             875A     875A       4A         0
                text17                             8E04     8E04        6         0
                text16                             7E92     7E92       9A         0
                text15                             8872     8872       40         0
                text14                             88F2     88F2       3E         0
                text13                             8B22     8B22       2C         0
                text12                             8B4E     8B4E       2A         0
                text11                             8554     8554       62         0
                text10                             86BC     86BC       52         0
                text9                              3BEA     3BEA      346         0
                text8                              8D42     8D42       14         0
                text7                              6AB0     6AB0      150         0
                text6                              866A     866A       52         0
                text5                              8DBA     8DBA        A         0
                text4                              8AF6     8AF6       2C         0
                text3                              668A     668A      166         0
                text2                              8D6A     8D6A       10         0
                text1                              7A84     7A84       BC         0
                text0                                62       62     1324         0
                cinit                              841C     841C       6A         0
                idataCOMRAM                        8E0A     8E0A        5         0

        CLASS   CONST          

        CLASS   SMALLCONST     

        CLASS   MEDIUMCONST    
                mediumconst                        F73A     F73A      8C6         0

        CLASS   COMRAM         
                temp                                 3B       3B        C         1
                cstackCOMRAM                          1        1       3A         1
                dataCOMRAM                           4E       4E        5         1
                bssCOMRAM                            47       47        7         1

        CLASS   ABS1           

        CLASS   BIGRAM         
                bssBIGRAM                           3FC      3FC      AA1         1

        CLASS   RAM            

        CLASS   BANK0          
                cstackBANK0                          60       60       A0         1

        CLASS   BANK1          
                cstackBANK1                         100      100       EB         1
                bssBANK1                            1EB      1EB        8         1
                nvBANK1                             1F3      1F3        4         1

        CLASS   BANK2          
                cstackBANK2                         200      200       EB         1
                bssBANK2                            2EB      2EB        C         1

        CLASS   BANK3          
                bssBANK3                            300      300       FC         1

        CLASS   BANK4          

        CLASS   BANK5          

        CLASS   BANK6          

        CLASS   BANK7          

        CLASS   BANK8          

        CLASS   BANK9          

        CLASS   BANK10         

        CLASS   BANK11         

        CLASS   BANK12         

        CLASS   BANK13         

        CLASS   BANK14         

        CLASS   BANK15         

        CLASS   SFR            

        CLASS   FARRAM         

        CLASS   CONFIG         
                config                           300000   300000        E         0

        CLASS   IDLOC          
                idloc                            200000   200000        8         0

        CLASS   EEDATA         



SEGMENTS        Name                           Load    Length   Top    Selector   Space  Class

                reset_vec                      000000  000004  000004         0       0  CODE    
                cstackCOMRAM                   000001  000052  000053         1       1  COMRAM  
                intcode                        000008  008E07  008E0F         4       0  CODE    
                cstackBANK0                    000060  0000A0  000100        60       1  BANK0   
                cstackBANK1                    000100  0000F7  0001F7       100       1  BANK1   
                cstackBANK2                    000200  0000F7  0002F7       200       1  BANK2   
                bssBANK3                       000300  0000FC  0003FC       300       1  BANK3   
                bssBIGRAM                      0003FC  000AA1  000E9D       3FC       1  BIGRAM  
                stack                          000E9D  00009B  000F38       E9D       2  STACK   
                text55                         008E10  000006  008E16      4708       0  CODE    
                mediumconst                    00F73A  0008C6  010000      7B9D       0  MEDIUMCO
                idloc                          200000  000008  200008    200000       0  IDLOC   
                config                         300000  00000E  30000E    300000       0  CONFIG  


UNUSED ADDRESS RANGES

        Name                Unused          Largest block    Delta
        BANK1            0001F7-0001FF                9
        BANK14           000E9D-000EFF               63
        BANK15           000F00-000F37               38
        BANK2            0002F7-0002FF                9
        BIGRAM           000053-00005F                D
                         0001F7-0001FF                9
                         0002F7-0002FF                9
                         000E9D-000F37               9B
        CODE             000004-000007                4
                         008E0F-008E0F                1
                         008E16-00F739             6924
        COMRAM           000053-00005F                D
        CONST            000004-000007                4
                         008E0F-008E0F                1
                         008E16-00F739             6924
        EEDATA           F00000-F003FF              400
        MEDIUMCONST      008E0F-008E0F                1
                         008E16-00F739             6924
        RAM              0001F7-0001FF                9
                         0002F7-0002FF                9
                         000E9D-000F37               63
        SFR              000F38-000FFF               28
        SMALLCONST       008E0F-008E0F                1
                         008E16-00F739              100

                                  Symbol Table

?___aldiv                                 cstackCOMRAM 00000E
?___lldiv                                 cstackCOMRAM 00000E
?___llmod                                 cstackCOMRAM 00000E
?___lmul                                  cstackCOMRAM 000021
?___lwdiv                                 cstackCOMRAM 00000E
?___lwmod                                 cstackCOMRAM 000015
?___wmul                                  cstackCOMRAM 00000E
?_chk_chr                                 cstackCOMRAM 00000E
?_clst2sect                               cstackCOMRAM 00002D
?_cmp_lfn                                 cstackBANK0  0000DD
?_create_chain                            cstackBANK1  000121
?_dbc_1st                                 cstackCOMRAM 00000E
?_dbc_2nd                                 cstackCOMRAM 00000E
?_ff_oem2uni                              cstackCOMRAM 00000E
?_ff_uni2oem                              cstackCOMRAM 00000E
?_ff_wtoupper                             cstackCOMRAM 00000E
?_get_fat                                 cstackBANK1  000100
?_get_fattime                             cstackCOMRAM 00000E
?_get_ldnumber                            cstackCOMRAM 00000E
?_ld_clust                                cstackBANK0  0000DD
?_ld_dword                                cstackCOMRAM 00000E
?_ld_word                                 cstackCOMRAM 000039
?_mem_cmp                                 cstackCOMRAM 00000E
?_pick_lfn                                cstackBANK0  0000DD
?_printf                                  cstackCOMRAM 00001B
?_strchr                                  cstackCOMRAM 00000E
?_tchar2uni                               cstackCOMRAM 000020
?_xatoi                                   cstackCOMRAM 00002D
?_xgets                                   cstackCOMRAM 000010
?_xprintf                                 cstackBANK0  0000B4
EUSART1_Write@txData                      cstackCOMRAM 00000F
PL10                                      text114      004FA2
PL100                                     text0        001132
PL102                                     text114      005034
PL104                                     text88       001AC2
PL106                                     text0        001144
PL108                                     text36       004AD8
PL110                                     text103      004548
PL112                                     text26       00206E
PL114                                     text36       004AEC
PL116                                     text88       001AD4
PL118                                     text98       00481E
PL12                                      text103      00449A
PL120                                     text31       00251E
PL122                                     text34       004D78
PL124                                     text26       002078
PL126                                     text114      00505C
PL128                                     text28       005B88
PL130                                     text0        00116A
PL132                                     text75       003398
PL134                                     text75       0033AC
PL136                                     text45       0061EA
PL138                                     text102      003B6E
PL14                                      text32       002FB4
PL140                                     text0        001178
PL142                                     text84       006920
PL144                                     text0        00118A
PL146                                     text88       001AE0
PL148                                     text74       004214
PL150                                     text44       006078
PL152                                     text45       0061FE
PL154                                     text107      006E2E
PL156                                     text40       00799C
PL158                                     text34       004D9C
PL16                                      text3        0067C2
PL160                                     text0        00119E
PL162                                     text9        003F0A
PL164                                     text0        0011BC
PL166                                     text31       00252A
PL168                                     text41       002A8A
PL170                                     text88       001B00
PL172                                     text29       0052E0
PL174                                     text95       00553E
PL176                                     text31       00253C
PL178                                     text74       00421C
PL18                                      text90       007394
PL180                                     text7        006BE0
PL182                                     text40       0079BA
PL184                                     text70       006A7E
PL186                                     text88       001B12
PL188                                     text86       0059CC
PL190                                     text75       0033C0
PL192                                     text0        0011CE
PL194                                     text28       005B96
PL196                                     text32       002FD2
PL198                                     text44       006082
PL2                                       text0        0010E4
PL20                                      text31       002500
PL200                                     text84       006934
PL202                                     text63       008B92
PL204                                     text0        0011D6
PL206                                     text46       0037EE
PL208                                     text42       0057A4
PL210                                     text44       00608A
PL212                                     text95       00555A
PL214                                     text70       006A8A
PL216                                     text90       0073A0
PL218                                     text26       002084
PL22                                      text36       004AC4
PL220                                     text32       002FDC
PL222                                     text0        0011E6
PL224                                     text116      006F4A
PL226                                     text35       006656
PL228                                     text116      006F62
PL230                                     text35       00666E
PL232                                     text84       006944
PL234                                     text74       004226
PL236                                     text26       00208C
PL238                                     text114      005064
PL24                                      text41       002A80
PL240                                     text102      003B82
PL242                                     text30       0072B4
PL244                                     text74       004230
PL246                                     text88       001B2C
PL248                                     text0        0011FE
PL250                                     text31       00254A
PL252                                     text96       005D54
PL254                                     text76       007814
PL256                                     text115      007A5E
PL258                                     text36       004AF6
PL26                                      text114      004FC8
PL260                                     text32       002FE6
PL262                                     text38       005EE4
PL264                                     text45       006208
PL266                                     text35       006678
PL268                                     text0        00120A
PL270                                     text108      00757A
PL272                                     text33       0080C8
PL274                                     text0        00121E
PL276                                     text41       002A9C
PL278                                     text72       00765E
PL28                                      text31       002514
PL280                                     text34       004DBA
PL282                                     text37       00773C
PL284                                     text86       0059D6
PL286                                     text94       007FB4
PL288                                     text76       007822
PL290                                     text36       004B04
PL292                                     text95       005564
PL294                                     text31       002554
PL296                                     text26       002096
PL298                                     text31       002566
PL30                                      text0        0010F6
PL300                                     text42       0057AE
PL302                                     text0        001232
PL304                                     text31       002578
PL306                                     text31       00258A
PL308                                     text41       002AB0
PL310                                     text7        006BEE
PL312                                     text107      006E38
PL314                                     text31       00259C
PL316                                     text41       002AC2
PL318                                     text98       004828
PL32                                      text103      0044B8
PL320                                     text108      00758E
PL322                                     text32       002FEE
PL324                                     text29       0052EE
PL326                                     text0        001244
PL328                                     text98       00483A
PL330                                     text34       004DCE
PL332                                     text41       002AD4
PL334                                     text42       0057C0
PL336                                     text95       00556E
PL338                                     text26       0020A8
PL34                                      text74       00418E
PL340                                     text0        001256
PL342                                     text31       0025AE
PL344                                     text42       0057D2
PL346                                     text0        001262
PL348                                     text46       0037FE
PL350                                     text113      0084E4
PL352                                     text88       001B38
PL354                                     text45       006216
PL356                                     text0        00126E
PL358                                     text46       00380A
PL36                                      text103      0044C0
PL360                                     text13       008B3E
PL362                                     text99       007084
PL364                                     text90       0073B0
PL366                                     text107      006E40
PL368                                     text99       007094
PL370                                     text0        00127A
PL372                                     text0        00128A
PL374                                     text31       0025BA
PL376                                     text28       005B9E
PL378                                     text0        001296
PL38                                      text103      0044CA
PL380                                     text65       0078F6
PL382                                     text84       00694E
PL384                                     text106      007E82
PL386                                     text86       0059E0
PL388                                     text31       0025C2
PL390                                     text83       007492
PL392                                     text36       004B12
PL394                                     text36       004B22
PL396                                     text88       001B44
PL398                                     text45       006222
PL4                                       text88       001AA6
PL40                                      text114      004FE6
PL400                                     text0        0012A6
PL402                                     text41       002AE6
PL404                                     text103      004558
PL406                                     text28       005BA6
PL408                                     text75       0033DA
PL410                                     text116      006F7A
PL412                                     text42       0057DE
PL414                                     text26       0020BA
PL416                                     text0        0012B6
PL418                                     text18       008796
PL42                                      text113      0084C2
PL420                                     text104      008CA0
PL422                                     text71       0064FC
PL424                                     text46       003814
PL426                                     text75       0033EA
PL428                                     text46       003822
PL430                                     text107      006E48
PL432                                     text41       002AF0
PL434                                     text46       003830
PL436                                     text14       008922
PL438                                     text1        007B32
PL44                                      text74       0041A8
PL440                                     text75       0033F8
PL442                                     text71       00650A
PL444                                     text88       001B4C
PL446                                     text98       00484C
PL448                                     text34       004DE0
PL450                                     text9        003F1C
PL452                                     text74       00423A
PL454                                     text68       008412
PL456                                     text37       007750
PL458                                     text0        0012C4
PL46                                      text98       004812
PL460                                     text0        0012CE
PL462                                     text88       001B56
PL464                                     text38       005EF2
PL466                                     text100      007CA0
PL468                                     text41       002AFC
PL470                                     text26       0020C6
PL472                                     text31       0025CA
PL474                                     text74       004244
PL476                                     text0        0012D8
PL478                                     text0        0012E0
PL48                                      text105      008A00
PL480                                     text76       00782C
PL482                                     text98       004856
PL484                                     text85       008336
PL486                                     text37       00775A
PL488                                     text0        0012EC
PL490                                     text115      007A6C
PL492                                     text75       003406
PL494                                     text0        0012F8
PL496                                     text81       006390
PL498                                     text47       00899E
PL50                                      text114      005024
PL500                                     text0        001304
PL502                                     text0        001310
PL504                                     text36       004B2A
PL506                                     text83       00749C
PL508                                     text72       007672
PL510                                     text74       00424E
PL512                                     text0        00131C
PL514                                     text102      003B98
PL516                                     text46       00383E
PL518                                     text115      007A78
PL52                                      text86       0059B2
PL520                                     text0        001328
PL522                                     text114      005074
PL524                                     text70       006A9A
PL526                                     text75       003412
PL528                                     text88       001B60
PL530                                     text0        001334
PL532                                     text28       005BB0
PL534                                     text102      003BA4
PL536                                     text31       0025D2
PL538                                     text38       005EFC
PL54                                      text9        003EE2
PL540                                     text103      004562
PL542                                     text31       0025DC
PL544                                     text0        00133E
PL546                                     text88       001B68
PL548                                     text9        003F26
PL550                                     text81       00639A
PL552                                     text28       005BBA
PL554                                     text6        0086B2
PL556                                     text26       0020D0
PL558                                     text28       005BC2
PL56                                      text103      004508
PL560                                     text0        001348
PL562                                     text102      003BAE
PL564                                     text72       00767E
PL566                                     text83       0074A8
PL568                                     text96       005D60
PL570                                     text70       006AA6
PL572                                     text123      008D22
PL574                                     text31       0025E6
PL576                                     text31       0025F0
PL578                                     text32       003000
PL58                                      text9        003EF8
PL580                                     text26       0020DA
PL582                                     text0        001352
PL584                                     text35       006680
PL586                                     text88       001B72
PL588                                     text95       005580
PL590                                     text26       0020E4
PL592                                     text44       006092
PL594                                     text3        0067E6
PL596                                     text4        008B18
PL598                                     text42       0057E8
PL6                                       text103      004474
PL60                                      text74       0041C0
PL600                                     text102      003BB8
PL602                                     text102      003BC2
PL604                                     text107      006E56
PL606                                     text88       001B7C
PL608                                     text102      003BCC
PL610                                     text75       00341C
PL612                                     text41       002B06
PL614                                     text46       00384A
PL616                                     text81       0063A2
PL618                                     text75       003426
PL62                                      text88       001AB0
PL620                                     text102      003BD6
PL622                                     text71       006518
PL624                                     text102      003BE0
PL626                                     text0        00135C
PL628                                     text75       003430
PL630                                     text31       0025FA
PL632                                     text29       005300
PL634                                     text31       002600
PL636                                     text0        001366
PL638                                     text0        00136E
PL64                                      text0        001106
PL640                                     text44       00609C
PL642                                     text0        001376
PL644                                     text0        00137E
PL646                                     text34       004DEA
PL648                                     text93       008162
PL650                                     text26       0020EE
PL66                                      text74       0041D4
PL68                                      text0        001114
PL70                                      text28       005B7E
PL72                                      text26       00205A
PL74                                      text86       0059C2
PL76                                      text32       002FC8
PL78                                      text75       00336C
PL8                                       text26       002050
PL80                                      text102      003B54
PL82                                      text74       0041E2
PL84                                      text0        001128
PL86                                      text96       005D3C
PL88                                      text103      004518
PL90                                      text96       005D4A
PL92                                      text74       0041EC
PL94                                      text102      003B64
PL96                                      text103      004520
PL98                                      text46       0037E4
SPI1_Exchange8bit@data                    cstackCOMRAM 000021
TMR1_SetInterruptHandler@InterruptHandler cstackCOMRAM 00000E
TMR1_WriteTimer@timerVal                  cstackCOMRAM 000001
_ANSELA                                   (abs)        000F38
_ANSELB                                   (abs)        000F39
_ANSELC                                   (abs)        000F3A
_ANSELD                                   (abs)        000F3B
_ANSELE                                   (abs)        000F3C
_AccDirs                                  bssBANK2     0002F1
_AccFiles                                 bssBANK2     0002F3
_AccSize                                  bssBANK2     0002EB
_BAUDCON1                                 (abs)        000FB8
_Buff                                     bssBIGRAM    000A71
_CardType                                 bssCOMRAM    00004C
_EUSART1_Initialize                       text56       008D56
_EUSART1_Read                             text2        008D6A
_EUSART1_Write                            text78       008DA2
_ExCvt                                    mediumconst  00F73B
_FatFs                                    bssBIGRAM    000840
_File                                     bssBIGRAM    0003FC
_Finfo                                    bssBIGRAM    000D87
_Fsid                                     bssBANK1     0001EF
_INTCON2bits                              (abs)        000FF1
_INTCONbits                               (abs)        000FF2
_INTERRUPT_Initialize                     text55       008E10
_INTERRUPT_InterruptManager               intcode      000008
_LATA                                     (abs)        000F89
_LATB                                     (abs)        000F8A
_LATC                                     (abs)        000F8B
_LATCbits                                 (abs)        000F8B
_LATD                                     (abs)        000F8C
_LATDbits                                 (abs)        000F8C
_LATE                                     (abs)        000F8D
_LfnBuf                                   bssBANK3     000300
_LfnOfs                                   mediumconst  00F7BB
_Line                                     bssBANK3     0003CA
_OSCCON                                   (abs)        000FD3
_OSCCON2                                  (abs)        000FD2
_OSCILLATOR_Initialize                    text54       008D8A
_OSCTUNE                                  (abs)        000F9B
_PIE1bits                                 (abs)        000F9D
_PIN_MANAGER_Initialize                   text53       008A58
_PIR1bits                                 (abs)        000F9E
_PORTDbits                                (abs)        000F83
_RCONbits                                 (abs)        000FD0
_RCREG1                                   (abs)        000FAE
_RCSTA1                                   (abs)        000FAB
_RCSTA1bits                               (abs)        000FAB
_SPBRG1                                   (abs)        000FAF
_SPBRGH1                                  (abs)        000FB0
_SPI1_Exchange8bit                        text91       008D7A
_SPI1_Initialize                          text82       008DAE
_SSP1ADD                                  (abs)        000FC8
_SSP1BUF                                  (abs)        000FC9
_SSP1CON1                                 (abs)        000FC6
_SSP1CON1bits                             (abs)        000FC6
_SSP1STAT                                 (abs)        000FC7
_SSP1STATbits                             (abs)        000FC7
_SYSTEM_Initialize                        text50       008CE4
_Stat                                     dataCOMRAM   000052
_T1CON                                    (abs)        000FCD
_T1CONbits                                (abs)        000FCD
_T1GCON                                   (abs)        000FCC
_TMR1                                     (abs)        000FCE
_TMR1H                                    (abs)        000FCF
_TMR1L                                    (abs)        000FCE
_TMR1_DefaultInterruptHandler             text121      008E14
_TMR1_ISR                                 text120      008BA2
_TMR1_Initialize                          text51       008BCC
_TMR1_InterruptHandler                    nvBANK1      0001F3
_TMR1_SetInterruptHandler                 text52       008DCE
_TMR1_WriteTimer                          text123      008D14
_TRISA                                    (abs)        000F92
_TRISB                                    (abs)        000F93
_TRISC                                    (abs)        000F94
_TRISD                                    (abs)        000F95
_TRISDbits                                (abs)        000F95
_TRISE                                    (abs)        000F96
_TXREG1                                   (abs)        000FAD
_TXSTA1                                   (abs)        000FAC
_Timer                                    bssBANK2     0002EF
_WPUB                                     (abs)        000F61
__CFG_BOREN$SBORDIS                       (abs)        000000
__CFG_BORV$190                            (abs)        000000
__CFG_CCP2MX$PORTC1                       (abs)        000000
__CFG_CCP3MX$PORTB5                       (abs)        000000
__CFG_CP0$OFF                             (abs)        000000
__CFG_CP1$OFF                             (abs)        000000
__CFG_CP2$OFF                             (abs)        000000
__CFG_CP3$OFF                             (abs)        000000
__CFG_CPB$OFF                             (abs)        000000
__CFG_CPD$OFF                             (abs)        000000
__CFG_DEBUG$OFF                           (abs)        000000
__CFG_EBTR0$OFF                           (abs)        000000
__CFG_EBTR1$OFF                           (abs)        000000
__CFG_EBTR2$OFF                           (abs)        000000
__CFG_EBTR3$OFF                           (abs)        000000
__CFG_EBTRB$OFF                           (abs)        000000
__CFG_FCMEN$OFF                           (abs)        000000
__CFG_FOSC$HSMP                           (abs)        000000
__CFG_HFOFST$ON                           (abs)        000000
__CFG_IESO$OFF                            (abs)        000000
__CFG_LVP$ON                              (abs)        000000
__CFG_MCLRE$EXTMCLR                       (abs)        000000
__CFG_P2BMX$PORTD2                        (abs)        000000
__CFG_PBADEN$ON                           (abs)        000000
__CFG_PLLCFG$OFF                          (abs)        000000
__CFG_PRICLKEN$ON                         (abs)        000000
__CFG_PWRTEN$OFF                          (abs)        000000
__CFG_STVREN$ON                           (abs)        000000
__CFG_T3CMX$PORTC0                        (abs)        000000
__CFG_WDTEN$OFF                           (abs)        000000
__CFG_WDTPS$32768                         (abs)        000000
__CFG_WRT0$OFF                            (abs)        000000
__CFG_WRT1$OFF                            (abs)        000000
__CFG_WRT2$OFF                            (abs)        000000
__CFG_WRT3$OFF                            (abs)        000000
__CFG_WRTB$OFF                            (abs)        000000
__CFG_WRTC$OFF                            (abs)        000000
__CFG_WRTD$OFF                            (abs)        000000
__CFG_XINST$OFF                           (abs)        000000
__HRAM                                    (abs)        000000
__Habs1                                   abs1         000000
__Hbank0                                  bank0        000000
__Hbank1                                  bank1        000000
__Hbank10                                 bank10       000000
__Hbank11                                 bank11       000000
__Hbank12                                 bank12       000000
__Hbank13                                 bank13       000000
__Hbank14                                 bank14       000000
__Hbank15                                 bank15       000000
__Hbank2                                  bank2        000000
__Hbank3                                  bank3        000000
__Hbank4                                  bank4        000000
__Hbank5                                  bank5        000000
__Hbank6                                  bank6        000000
__Hbank7                                  bank7        000000
__Hbank8                                  bank8        000000
__Hbank9                                  bank9        000000
__Hbigbss                                 bigbss       000000
__Hbigdata                                bigdata      000000
__Hbigram                                 bigram       000000
__Hbss                                    bss          000000
__HbssBANK1                               bssBANK1     000000
__HbssBANK2                               bssBANK2     000000
__HbssBANK3                               bssBANK3     000000
__HbssBIGRAM                              bssBIGRAM    000000
__HbssCOMRAM                              bssCOMRAM    000000
__Hcinit                                  cinit        000000
__Hclrtext                                clrtext      000000
__Hcomram                                 comram       000000
__Hconfig                                 config       30000E
__Hconst                                  const        000000
__HcstackBANK0                            cstackBANK0  000000
__HcstackBANK1                            cstackBANK1  000000
__HcstackBANK2                            cstackBANK2  000000
__HcstackCOMRAM                           cstackCOMRAM 000000
__Hdata                                   data         000000
__HdataCOMRAM                             dataCOMRAM   000000
__Heeprom_data                            eeprom_data  000000
__Hfarbss                                 farbss       000000
__Hfardata                                fardata      000000
__Hibigdata                               ibigdata     000000
__Hidata                                  idata        000000
__HidataCOMRAM                            idataCOMRAM  000000
__Hidloc                                  idloc        200008
__Hifardata                               ifardata     000000
__Hinit                                   init         000062
__Hintcode                                intcode      00005A
__Hintcode_body                           intcode_body 000000
__Hintcodelo                              intcodelo    00005A
__Hintentry                               intentry     000000
__Hintret                                 intret       000000
__Hintsave_regs                           intsave_regs 000000
__Hirdata                                 irdata       000000
__Hmediumconst                            mediumconst  010000
__HnvBANK1                                nvBANK1      000000
__HnvFARRAM                               nvFARRAM     000000
__Hnvbit                                  nvbit        000000
__Hnvrram                                 nvrram       000000
__Hpa_nodes0                              pa_nodes0    000000
__Hparam                                  rparam       000000
__Hpowerup                                powerup      00005A
__Hram                                    ram          000000
__Hramtop                                 ramtop       001000
__Hrbit                                   rbit         000000
__Hrbss                                   rbss         000000
__Hrdata                                  rdata        000000
__Hreset_vec                              reset_vec    000004
__Hrparam                                 rparam       000000
__Hsfr                                    sfr          000000
__Hsmallconst                             smallconst   000000
__Hspace_0                                (abs)        30000E
__Hspace_1                                (abs)        000E9D
__Hspace_2                                (abs)        000F38
__Hstack                                  stack        000F38
__Hstruct                                 struct       000000
__Htemp                                   temp         000047
__Htext                                   text         000000
__Htext0                                  text0        000000
__Htext1                                  text1        000000
__Htext10                                 text10       000000
__Htext100                                text100      000000
__Htext101                                text101      000000
__Htext102                                text102      000000
__Htext103                                text103      000000
__Htext104                                text104      000000
__Htext105                                text105      000000
__Htext106                                text106      000000
__Htext107                                text107      000000
__Htext108                                text108      000000
__Htext109                                text109      000000
__Htext11                                 text11       000000
__Htext110                                text110      000000
__Htext111                                text111      000000
__Htext112                                text112      000000
__Htext113                                text113      000000
__Htext114                                text114      000000
__Htext115                                text115      000000
__Htext116                                text116      000000
__Htext117                                text117      000000
__Htext118                                text118      000000
__Htext12                                 text12       000000
__Htext120                                text120      000000
__Htext121                                text121      000000
__Htext122                                text122      000000
__Htext123                                text123      000000
__Htext124                                text124      000000
__Htext13                                 text13       000000
__Htext14                                 text14       000000
__Htext15                                 text15       000000
__Htext16                                 text16       000000
__Htext17                                 text17       000000
__Htext18                                 text18       000000
__Htext19                                 text19       000000
__Htext2                                  text2        000000
__Htext20                                 text20       000000
__Htext21                                 text21       000000
__Htext22                                 text22       000000
__Htext23                                 text23       000000
__Htext24                                 text24       000000
__Htext25                                 text25       000000
__Htext26                                 text26       000000
__Htext27                                 text27       000000
__Htext28                                 text28       000000
__Htext29                                 text29       000000
__Htext3                                  text3        000000
__Htext30                                 text30       000000
__Htext31                                 text31       000000
__Htext32                                 text32       000000
__Htext33                                 text33       000000
__Htext34                                 text34       000000
__Htext35                                 text35       000000
__Htext36                                 text36       000000
__Htext37                                 text37       000000
__Htext38                                 text38       000000
__Htext39                                 text39       000000
__Htext4                                  text4        000000
__Htext40                                 text40       000000
__Htext41                                 text41       000000
__Htext42                                 text42       000000
__Htext43                                 text43       000000
__Htext44                                 text44       000000
__Htext45                                 text45       000000
__Htext46                                 text46       000000
__Htext47                                 text47       000000
__Htext48                                 text48       000000
__Htext49                                 text49       000000
__Htext5                                  text5        000000
__Htext50                                 text50       000000
__Htext51                                 text51       000000
__Htext52                                 text52       000000
__Htext53                                 text53       000000
__Htext54                                 text54       000000
__Htext55                                 text55       000000
__Htext56                                 text56       000000
__Htext57                                 text57       000000
__Htext58                                 text58       000000
__Htext59                                 text59       000000
__Htext6                                  text6        000000
__Htext60                                 text60       000000
__Htext61                                 text61       000000
__Htext62                                 text62       000000
__Htext63                                 text63       000000
__Htext64                                 text64       000000
__Htext65                                 text65       000000
__Htext66                                 text66       000000
__Htext67                                 text67       000000
__Htext68                                 text68       000000
__Htext69                                 text69       000000
__Htext7                                  text7        000000
__Htext70                                 text70       000000
__Htext71                                 text71       000000
__Htext72                                 text72       000000
__Htext73                                 text73       000000
__Htext74                                 text74       000000
__Htext75                                 text75       000000
__Htext76                                 text76       000000
__Htext77                                 text77       000000
__Htext78                                 text78       000000
__Htext79                                 text79       000000
__Htext8                                  text8        000000
__Htext80                                 text80       000000
__Htext81                                 text81       000000
__Htext82                                 text82       000000
__Htext83                                 text83       000000
__Htext84                                 text84       000000
__Htext85                                 text85       000000
__Htext86                                 text86       000000
__Htext87                                 text87       000000
__Htext88                                 text88       000000
__Htext89                                 text89       000000
__Htext9                                  text9        000000
__Htext90                                 text90       000000
__Htext91                                 text91       000000
__Htext92                                 text92       000000
__Htext93                                 text93       000000
__Htext94                                 text94       000000
__Htext95                                 text95       000000
__Htext96                                 text96       000000
__Htext97                                 text97       000000
__Htext98                                 text98       000000
__Htext99                                 text99       000000
__LRAM                                    (abs)        000001
__Labs1                                   abs1         000000
__Lbank0                                  bank0        000000
__Lbank1                                  bank1        000000
__Lbank10                                 bank10       000000
__Lbank11                                 bank11       000000
__Lbank12                                 bank12       000000
__Lbank13                                 bank13       000000
__Lbank14                                 bank14       000000
__Lbank15                                 bank15       000000
__Lbank2                                  bank2        000000
__Lbank3                                  bank3        000000
__Lbank4                                  bank4        000000
__Lbank5                                  bank5        000000
__Lbank6                                  bank6        000000
__Lbank7                                  bank7        000000
__Lbank8                                  bank8        000000
__Lbank9                                  bank9        000000
__Lbigbss                                 bigbss       000000
__Lbigdata                                bigdata      000000
__Lbigram                                 bigram       000000
__Lbss                                    bss          000000
__LbssBANK1                               bssBANK1     000000
__LbssBANK2                               bssBANK2     000000
__LbssBANK3                               bssBANK3     000000
__LbssBIGRAM                              bssBIGRAM    000000
__LbssCOMRAM                              bssCOMRAM    000000
__Lcinit                                  cinit        000000
__Lclrtext                                clrtext      000000
__Lcomram                                 comram       000000
__Lconfig                                 config       300000
__Lconst                                  const        000000
__LcstackBANK0                            cstackBANK0  000000
__LcstackBANK1                            cstackBANK1  000000
__LcstackBANK2                            cstackBANK2  000000
__LcstackCOMRAM                           cstackCOMRAM 000000
__Ldata                                   data         000000
__LdataCOMRAM                             dataCOMRAM   000000
__Leeprom_data                            eeprom_data  000000
__Lfarbss                                 farbss       000000
__Lfardata                                fardata      000000
__Libigdata                               ibigdata     000000
__Lidata                                  idata        000000
__LidataCOMRAM                            idataCOMRAM  000000
__Lidloc                                  idloc        200000
__Lifardata                               ifardata     000000
__Linit                                   init         00005A
__Lintcode                                intcode      000008
__Lintcode_body                           intcode_body 000000
__Lintcodelo                              intcodelo    00005A
__Lintentry                               intentry     000000
__Lintret                                 intret       000000
__Lintsave_regs                           intsave_regs 000000
__Lirdata                                 irdata       000000
__Lmediumconst                            mediumconst  00F73A
__LnvBANK1                                nvBANK1      000000
__LnvFARRAM                               nvFARRAM     000000
__Lnvbit                                  nvbit        000000
__Lnvrram                                 nvrram       000000
__Lpa_nodes0                              pa_nodes0    000000
__Lparam                                  rparam       000000
__Lpowerup                                powerup      00005A
__Lram                                    ram          000000
__Lramtop                                 ramtop       001000
__Lrbit                                   rbit         000000
__Lrbss                                   rbss         000000
__Lrdata                                  rdata        000000
__Lreset_vec                              reset_vec    000000
__Lrparam                                 rparam       000000
__Lsfr                                    sfr          000000
__Lsmallconst                             smallconst   000000
__Lspace_0                                (abs)        000000
__Lspace_1                                (abs)        000000
__Lspace_2                                (abs)        000000
__Lstack                                  stack        000E9D
__Lstruct                                 struct       000000
__Ltemp                                   temp         00003B
__Ltext                                   text         000000
__Ltext0                                  text0        000000
__Ltext1                                  text1        000000
__Ltext10                                 text10       000000
__Ltext100                                text100      000000
__Ltext101                                text101      000000
__Ltext102                                text102      000000
__Ltext103                                text103      000000
__Ltext104                                text104      000000
__Ltext105                                text105      000000
__Ltext106                                text106      000000
__Ltext107                                text107      000000
__Ltext108                                text108      000000
[...]

C:\Program Files (x86)\Microchip\xc8\v1.45\sources\common\llmod.c estimated size: 99

C:\Program Files (x86)\Microchip\xc8\v1.45\sources\common\Umul32.c
		___lmul        		CODE           	870E	0000	77

C:\Program Files (x86)\Microchip\xc8\v1.45\sources\common\Umul32.c estimated size: 77

xprintf.c
		_xatoi         		CODE           	668A	0000	313
		_xvprintf      		CODE           	3BEA	0000	761
		_put_dump      		CODE           	6AB0	0000	305
		_xputs         		CODE           	86BC	0000	83
		_xgets         		CODE           	7A84	0000	175
		_xprintf       		CODE           	8D42	0000	21
		_xputc         		CODE           	8616	0000	85

xprintf.c estimated size: 1743

softi2c.c
		_softi2c_kur   		CODE           	8DBA	0000	11
		_softi2c_yaz   		CODE           	87EE	0000	67
		_softi2c_baslat		CODE           	8CAE	0000	29
		_softi2c_durdur		CODE           	8CCA	0000	27

softi2c.c estimated size: 134

shared
		PL12           		CODE           	449A	0000	31
		PL50           		CODE           	5024	0000	17
		PL8            		CODE           	2050	0000	11
		PL268          		CODE           	120A	0000	21
		PL458          		CODE           	12C4	0000	11
		PL648          		CODE           	8162	0000	9
		PL496          		CODE           	6390	0000	11
		PL22           		CODE           	4AC4	0000	21
		PL60           		CODE           	41C0	0000	21
		PL178          		CODE           	421C	0000	11
		PL368          		CODE           	7094	0000	11
		PL558          		CODE           	5BC2	0000	11
		PL596          		CODE           	8B18	0000	11
		PL100          		CODE           	1132	0000	19
		PL32           		CODE           	44B8	0000	9
		PL70           		CODE           	5B7E	0000	11
		PL278          		CODE           	765E	0000	21
		PL468          		CODE           	2AFC	0000	11
		PL200          		CODE           	6934	0000	17
		PL42           		CODE           	84C2	0000	35
		PL80           		CODE           	3B54	0000	17
		PL188          		CODE           	59CC	0000	11
		PL378          		CODE           	1296	0000	17
		PL568          		CODE           	5D60	0000	11
		PL110          		CODE           	4548	0000	17
		PL300          		CODE           	57AE	0000	19
		PL14           		CODE           	2FB4	0000	21
		PL52           		CODE           	59B2	0000	17
		PL90           		CODE           	5D4A	0000	11
		PL288          		CODE           	7822	0000	11
		PL478          		CODE           	12E0	0000	13
		PL210          		CODE           	608A	0000	9
		PL400          		CODE           	12A6	0000	17
		PL24           		CODE           	2A80	0000	11
		PL62           		CODE           	1AB0	0000	19
		PL198          		CODE           	6082	0000	9
		PL388          		CODE           	25C2	0000	9
		PL578          		CODE           	3000	0000	11
		PL120          		CODE           	251E	0000	13
		PL310          		CODE           	6BEE	0000	19
		PL500          		CODE           	1304	0000	13
		PL34           		CODE           	418E	0000	27
		PL72           		CODE           	205A	0000	21
		PL298          		CODE           	2566	0000	19
		PL488          		CODE           	12EC	0000	13
		ff_wtoupper@cvt1		MEDIUMCONST    	F7E2	0000	499
		PL220          		CODE           	2FDC	0000	11
		PL410          		CODE           	6F7A	0000	17
		PL600          		CODE           	3BB8	0000	11
		PL44           		CODE           	41A8	0000	25
		PL82           		CODE           	41E2	0000	11
		ff_wtoupper@cvt2		MEDIUMCONST    	FAD4	0000	189
		PL398          		CODE           	6222	0000	9
		PL588          		CODE           	5580	0000	11
		PL130          		CODE           	116A	0000	15
		PL320          		CODE           	758E	0000	19
		PL510          		CODE           	424E	0000	13
		PL16           		CODE           	67C2	0000	37
		PL54           		CODE           	3EE2	0000	23
		PL92           		CODE           	41EC	0000	41
		PL498          		CODE           	899E	0000	13
		PL230          		CODE           	666E	0000	11
		PL420          		CODE           	8CA0	0000	15
		PL610          		CODE           	341C	0000	11
		PL26           		CODE           	4FC8	0000	31
		PL64           		CODE           	1106	0000	15
		PL598          		CODE           	57E8	0000	11
		PL102          		CODE           	5034	0000	41
		PL140          		CODE           	1178	0000	19
		PL330          		CODE           	4DCE	0000	19
		PL520          		CODE           	1328	0000	13
		PL36           		CODE           	44C0	0000	11
		PL74           		CODE           	59C2	0000	11
		PL202          		CODE           	8B92	0000	17
		PL240          		CODE           	3B82	0000	23
		PL430          		CODE           	6E48	0000	15
		PL620          		CODE           	3BD6	0000	11
		PL46           		CODE           	4812	0000	13
		PL84           		CODE           	1128	0000	11
		_dpowers       		MEDIUMCONST    	F7D4	0000	11
		PL112          		CODE           	206E	0000	11
		PL302          		CODE           	1232	0000	19
		PL150          		CODE           	6078	0000	11
		PL340          		CODE           	1256	0000	13
		PL530          		CODE           	1334	0000	11
		PL18           		CODE           	7394	0000	13
		PL56           		CODE           	4508	0000	17
		PL94           		CODE           	3B64	0000	11
		PL212          		CODE           	555A	0000	11
		PL402          		CODE           	2AE6	0000	11
		PL250          		CODE           	254A	0000	11
		PL440          		CODE           	33F8	0000	15
		PL630          		CODE           	25FA	0000	7
		PL28           		CODE           	2514	0000	11
		PL66           		CODE           	41D4	0000	15
		PL122          		CODE           	4D78	0000	37
		PL312          		CODE           	6E38	0000	9
		PL160          		CODE           	119E	0000	31
		PL502          		CODE           	1310	0000	13
		PL350          		CODE           	84E4	0000	11
		PL540          		CODE           	4562	0000	11
		PL38           		CODE           	44CA	0000	63
		PL76           		CODE           	2FC8	0000	11
		PL222          		CODE           	11E6	0000	25
		PL412          		CODE           	57DE	0000	11
		PL260          		CODE           	2FE6	0000	9
		PL602          		CODE           	3BC2	0000	11
		PL450          		CODE           	3F1C	0000	11
		PL640          		CODE           	609C	0000	7
		PL48           		CODE           	8A00	0000	33
		PL86           		CODE           	5D3C	0000	15
		PL132          		CODE           	3398	0000	21
		PL322          		CODE           	2FEE	0000	19
		PL170          		CODE           	1B00	0000	19
		PL512          		CODE           	131C	0000	13
		PL360          		CODE           	8B3E	0000	17
		PL550          		CODE           	639A	0000	9
		PL58           		CODE           	3EF8	0000	19
		PL96           		CODE           	4520	0000	41
		_ExCvt         		MEDIUMCONST    	F73B	0000	129
		PL232          		CODE           	6944	0000	11
		PL422          		CODE           	64FC	0000	15
		PL270          		CODE           	757A	0000	21
		PL612          		CODE           	2B06	0000	11
		PL460          		CODE           	12CE	0000	11
		PL650          		CODE           	20EE	0000	9
		PL68           		CODE           	1114	0000	21
		PL104          		CODE           	1AC2	0000	19
		PL142          		CODE           	6920	0000	21
		PL332          		CODE           	2AD4	0000	19
		PL180          		CODE           	6BE0	0000	15
		PL522          		CODE           	5074	0000	13
		PL370          		CODE           	127A	0000	17
		PL560          		CODE           	1348	0000	11
		PL78           		CODE           	336C	0000	45
		softRTC@samurai		MEDIUMCONST    	F7C8	0000	13
		PL204          		CODE           	11D6	0000	17
		PL242          		CODE           	72B4	0000	11
		PL432          		CODE           	2AF0	0000	13
		PL280          		CODE           	4DBA	0000	21
		PL622          		CODE           	6518	0000	11
		PL470          		CODE           	20C6	0000	11
		PL88           		CODE           	4518	0000	9
		PL114          		CODE           	4AEC	0000	11
		PL304          		CODE           	2578	0000	19
		PL152          		CODE           	61FE	0000	11
		PL342          		CODE           	25AE	0000	13
		PL190          		CODE           	33C0	0000	27
		PL532          		CODE           	5BB0	0000	11
		PL380          		CODE           	78F6	0000	17
		PL570          		CODE           	6AA6	0000	11
		PL98           		CODE           	37E4	0000	11
		PL214          		CODE           	6A8A	0000	17
		PL404          		CODE           	4558	0000	11
		PL252          		CODE           	5D54	0000	13
		PL442          		CODE           	650A	0000	15
		PL290          		CODE           	4B04	0000	15
		PL632          		CODE           	5300	0000	9
		PL480          		CODE           	782C	0000	13
		main@F7711     		MEDIUMCONST    	F7DE	0000	5
		PL124          		CODE           	2078	0000	13
		PL314          		CODE           	259C	0000	19
		PL162          		CODE           	3F0A	0000	19
		PL504          		CODE           	4B2A	0000	13
		PL352          		CODE           	1B38	0000	13
		PL542          		CODE           	25DC	0000	11
		PL390          		CODE           	7492	0000	11
		PL580          		CODE           	20DA	0000	11
		__initialization		CODE           	841C	0000	101
		PL224          		CODE           	6F4A	0000	25
		PL414          		CODE           	20BA	0000	13
		PL262          		CODE           	5EE4	0000	15
		PL604          		CODE           	6E56	0000	11
		PL452          		CODE           	423A	0000	11
		PL642          		CODE           	1376	0000	9
		PL490          		CODE           	7A6C	0000	13
		PL134          		CODE           	33AC	0000	21
		PL324          		CODE           	52EE	0000	19
		PL172          		CODE           	52E0	0000	15
		PL514          		CODE           	3B98	0000	13
		PL362          		CODE           	7084	0000	17
		PL552          		CODE           	5BBA	0000	9
		PL590          		CODE           	20E4	0000	11
		PL234          		CODE           	4226	0000	11
		PL424          		CODE           	3814	0000	15
		PL272          		CODE           	80C8	0000	21
		PL614          		CODE           	384A	0000	11
		PL462          		CODE           	1B56	0000	11
		PL106          		CODE           	1144	0000	39
		PL144          		CODE           	118A	0000	21
		PL334          		CODE           	57C0	0000	19
		PL182          		CODE           	79BA	0000	13
		PL524          		CODE           	6A9A	0000	13
		PL372          		CODE           	128A	0000	13
		PL562          		CODE           	3BAE	0000	11
		PL206          		CODE           	37EE	0000	17
		PL244          		CODE           	4230	0000	11
		PL434          		CODE           	3830	0000	15
		PL282          		CODE           	773C	0000	21
		PL624          		CODE           	3BE0	0000	11
		PL472          		CODE           	25CA	0000	9
		PL116          		CODE           	1AD4	0000	13
		PL306          		CODE           	258A	0000	19
		PL154          		CODE           	6E2E	0000	11
		PL344          		CODE           	57D2	0000	13
		PL192          		CODE           	11CE	0000	9
		PL534          		CODE           	3BA4	0000	11
		PL382          		CODE           	694E	0000	9
		PL572          		CODE           	8D22	0000	11
		PL216          		CODE           	73A0	0000	17
		PL406          		CODE           	5BA6	0000	11
		PL254          		CODE           	7814	0000	15
		PL444          		CODE           	1B4C	0000	11
		PL292          		CODE           	5564	0000	11
		PL634          		CODE           	2600	0000	7
		PL482          		CODE           	4856	0000	13
		PL126          		CODE           	505C	0000	9
		PL316          		CODE           	2AC2	0000	19
		PL164          		CODE           	11BC	0000	19
		PL506          		CODE           	749C	0000	13
		PL354          		CODE           	6216	0000	13
		PL544          		CODE           	133E	0000	11
		PL392          		CODE           	4B12	0000	17
		PL582          		CODE           	1352	0000	11
		PL226          		CODE           	6656	0000	25
		PL416          		CODE           	12B6	0000	15
		PL264          		CODE           	6208	0000	15
		PL606          		CODE           	1B7C	0000	11
		PL454          		CODE           	8412	0000	11
		PL644          		CODE           	137E	0000	9
		PL492          		CODE           	3406	0000	13
		PL136          		CODE           	61EA	0000	21
		PL326          		CODE           	1244	0000	19
		PL174          		CODE           	553E	0000	29
		PL516          		CODE           	383E	0000	13
		PL364          		CODE           	73B0	0000	11
		PL554          		CODE           	86B2	0000	11
		PL592          		CODE           	6092	0000	11
		_LfnOfs        		MEDIUMCONST    	F7BB	0000	14
		PL236          		CODE           	208C	0000	11
		PL426          		CODE           	33EA	0000	15
		PL274          		CODE           	121E	0000	21
		PL616          		CODE           	63A2	0000	11
		PL464          		CODE           	5EF2	0000	11
		PL108          		CODE           	4AD8	0000	21
		PL146          		CODE           	1AE0	0000	33
		PL336          		CODE           	556E	0000	19
		PL184          		CODE           	6A7E	0000	13
		PL526          		CODE           	3412	0000	11
		PL374          		CODE           	25BA	0000	9
		PL564          		CODE           	767E	0000	11
		PL208          		CODE           	57A4	0000	11
		PL246          		CODE           	1B2C	0000	13
		PL436          		CODE           	8922	0000	15
		PL284          		CODE           	59D6	0000	11
		PL626          		CODE           	135C	0000	11
		PL474          		CODE           	4244	0000	11
		PL118          		CODE           	481E	0000	11
		PL308          		CODE           	2AB0	0000	19
		PL156          		CODE           	799C	0000	31
		PL346          		CODE           	1262	0000	13
		PL194          		CODE           	5B96	0000	9
		PL536          		CODE           	25D2	0000	11
		PL384          		CODE           	7E82	0000	17
		PL574          		CODE           	25E6	0000	11
		PL218          		CODE           	2084	0000	9
		PL408          		CODE           	33DA	0000	17
		PL256          		CODE           	7A5E	0000	15
		PL446          		CODE           	484C	0000	11
		PL294          		CODE           	2554	0000	19
		PL636          		CODE           	1366	0000	9
		PL484          		CODE           	8336	0000	13
		PL128          		CODE           	5B88	0000	15
		PL318          		CODE           	4828	0000	19
		PL166          		CODE           	252A	0000	19
		PL508          		CODE           	7672	0000	13
		PL356          		CODE           	126E	0000	13
		PL546          		CODE           	1B68	0000	11
		PL394          		CODE           	4B22	0000	9
		PL584          		CODE           	6680	0000	11
		PL228          		CODE           	6F62	0000	25
		PL418          		CODE           	8796	0000	15
		PL266          		CODE           	6678	0000	9
		PL608          		CODE           	3BCC	0000	11
		PL456          		CODE           	7750	0000	11
		PL646          		CODE           	4DEA	0000	9
		PL494          		CODE           	12F8	0000	13
		PL138          		CODE           	3B6E	0000	21
		PL328          		CODE           	483A	0000	19
		PL176          		CODE           	253C	0000	15
		PL518          		CODE           	7A78	0000	13
		PL366          		CODE           	6E40	0000	9
		PL556          		CODE           	20D0	0000	11
		PL594          		CODE           	67E6	0000	11
		PL2            		CODE           	10E4	0000	19
		_uc857         		MEDIUMCONST    	F9D4	0000	257
		PL238          		CODE           	5064	0000	17
		PL428          		CODE           	3822	0000	15
		PL276          		CODE           	2A9C	0000	21
		PL618          		CODE           	3426	0000	11
		PL466          		CODE           	7CA0	0000	11
		PL148          		CODE           	4214	0000	9
		PL338          		CODE           	20A8	0000	19
		PL186          		CODE           	1B12	0000	27
		PL528          		CODE           	1B60	0000	9
		PL376          		CODE           	5B9E	0000	9
		PL566          		CODE           	74A8	0000	11
		PL10           		CODE           	4FA2	0000	39
		PL4            		CODE           	1AA6	0000	11
		PL248          		CODE           	11FE	0000	13
		PL438          		CODE           	7B32	0000	15
		PL286          		CODE           	7FB4	0000	11
		PL628          		CODE           	3430	0000	11
		PL476          		CODE           	12D8	0000	9
		PL20           		CODE           	2500	0000	21
		PL158          		CODE           	4D9C	0000	31
		PL348          		CODE           	37FE	0000	13
		PL196          		CODE           	2FD2	0000	11
		PL538          		CODE           	5EFC	0000	11
		PL386          		CODE           	59E0	0000	9
		PL576          		CODE           	25F0	0000	11
		PL30           		CODE           	10F6	0000	17
		PL6            		CODE           	4474	0000	39
		PL258          		CODE           	4AF6	0000	15
		PL448          		CODE           	4DE0	0000	11
		PL296          		CODE           	2096	0000	19
		PL638          		CODE           	136E	0000	9
		PL486          		CODE           	775A	0000	13
		PL40           		CODE           	4FE6	0000	63
		PL168          		CODE           	2A8A	0000	19
		PL358          		CODE           	380A	0000	11
		PL548          		CODE           	3F26	0000	11
		PL396          		CODE           	1B44	0000	9
		PL586          		CODE           	1B72	0000	11

shared estimated size: 6213

mcc_generated_files/eusart1.c
		_EUSART1_Initialize		CODE           	8D56	0000	21
		_EUSART1_Read  		CODE           	8D6A	0000	17
		_EUSART1_Write 		CODE           	8DA2	0000	13

mcc_generated_files/eusart1.c estimated size: 51

mcc_generated_files/mcc.c
		_OSCILLATOR_Initialize		CODE           	8D8A	0000	13
		_SYSTEM_Initialize		CODE           	8CE4	0000	25

mcc_generated_files/mcc.c estimated size: 38

mcc_generated_files/tmr1.c
		_TMR1_Initialize		CODE           	8BCC	0000	41
		_TMR1_SetInterruptHandler		CODE           	8DCE	0000	11
		_TMR1_DefaultInterruptHandler		CODE           	8E14	0000	3
		_TMR1_WriteTimer		CODE           	8D14	0000	15
		_TMR1_ISR      		CODE           	8BA2	0000	43

mcc_generated_files/tmr1.c estimated size: 113

C:\Program Files (x86)\Microchip\xc8\v1.45\sources\common\lwdiv.c
		___lwdiv       		CODE           	87A4	0000	75

C:\Program Files (x86)\Microchip\xc8\v1.45\sources\common\lwdiv.c estimated size: 75

seri_lcd.c
		_lcd_sil       		CODE           	8E04	0000	7
		_lcd_aydinlatma_ac		CODE           	8DEC	0000	9
		_lcd_baslat    		CODE           	7E92	0000	155
		_pcf8574_yaz_wEnable		CODE           	8C68	0000	37
		_lcd_komut     		CODE           	875A	0000	61
		_lcd_git       		CODE           	8872	0000	65
		_lcd_mesgulmu  		CODE           	8DC4	0000	11
		_lcd_mesajyaz  		CODE           	8B22	0000	29
		_lcd_harfyaz   		CODE           	88F2	0000	49

seri_lcd.c estimated size: 423

C:\Program Files (x86)\Microchip\xc8\v1.45\sources\common\lldiv.c
		___lldiv       		CODE           	825A	0000	119

C:\Program Files (x86)\Microchip\xc8\v1.45\sources\common\lldiv.c estimated size: 119

C:\Program Files (x86)\Microchip\xc8\v1.45\sources\common\aldiv.c
		___aldiv       		CODE           	7B40	0000	189

C:\Program Files (x86)\Microchip\xc8\v1.45\sources\common\aldiv.c estimated size: 189

main.c
		_softRTC       		CODE           	7FBE	0000	145
		_putch         		CODE           	8DF4	0000	9
		_get_fattime   		CODE           	709E	0000	275
		_main          		CODE           	0062	0000	4227
		_put_rc        		CODE           	866A	0000	73
		_scan_files    		CODE           	79C6	0000	153

main.c estimated size: 4882

C:\Program Files (x86)\Microchip\xc8\v1.45\sources\common\strchr.c
		_strchr        		CODE           	8AF6	0000	35

C:\Program Files (x86)\Microchip\xc8\v1.45\sources\common\strchr.c estimated size: 35

C:\Program Files (x86)\Microchip\xc8\v1.45\sources\common\memset.c
		_memset        		CODE           	8B4E	0000	43

C:\Program Files (x86)\Microchip\xc8\v1.45\sources\common\memset.c estimated size: 43

