Microchip MPLAB XC8 Compiler V1.44 ()

Linker command line:

-W-3 --edf=C:\Program Files (x86)\Microchip\xc8\v1.44\dat\en_msgs.txt -cs \
  -h+dist/default/production\Nokia5110_Lcd2.production.sym \
  --cmf=dist/default/production\Nokia5110_Lcd2.production.cmf -z -Q16F1827 \
  -oC:\Users\ABD\AppData\Local\Temp\se2s.2 \
  -Mdist/default/production/Nokia5110_Lcd2.production.map -E1 -ver=XC8 \
  -ASTACK=0201Ah-0216fh -pstack=STACK -ACODE=00h-07FFhx2 \
  -ASTRCODE=00h-0FFFh -ASTRING=00h-0FFhx16 -ACONST=00h-0FFhx16 \
  -AENTRY=00h-0FFhx16 -ACOMMON=070h-07Fh -ABANK0=020h-06Fh \
  -ABANK1=0A0h-0EFh -ABANK2=0120h-016Fh -ABANK3=01A0h-01EFh \
  -ABANK4=0220h-024Fh -ABIGRAM=02000h-0216Fh \
  -ARAM=020h-06Fh,0A0h-0EFh,0120h-016Fh,01A0h-01EFh,0220h-024Fh \
  -AABS1=020h-07Fh,0A0h-0EFh,0120h-016Fh,01A0h-01EFh,0220h-024Fh \
  -ASFR0=00h-01Fh -ASFR1=080h-09Fh -ASFR2=0100h-011Fh -ASFR3=0180h-019Fh \
  -ASFR4=0200h-021Fh -ASFR5=0280h-02EFh -ASFR6=0300h-036Fh \
  -ASFR7=0380h-03EFh -ASFR8=0400h-046Fh -ASFR9=0480h-04EFh \
  -ASFR10=0500h-056Fh -ASFR11=0580h-05EFh -ASFR12=0600h-066Fh \
  -ASFR13=0680h-06EFh -ASFR14=0700h-076Fh -ASFR15=0780h-07EFh \
  -ASFR16=0800h-086Fh -ASFR17=0880h-08EFh -ASFR18=0900h-096Fh \
  -ASFR19=0980h-09EFh -ASFR20=0A00h-0A6Fh -ASFR21=0A80h-0AEFh \
  -ASFR22=0B00h-0B6Fh -ASFR23=0B80h-0BEFh -ASFR24=0C00h-0C6Fh \
  -ASFR25=0C80h-0CEFh -ASFR26=0D00h-0D6Fh -ASFR27=0D80h-0DEFh \
  -ASFR28=0E00h-0E6Fh -ASFR29=0E80h-0EEFh -ASFR30=0F00h-0F6Fh \
  -ASFR31=0F80h-0FEFh -preset_vec=00h,intentry,init,end_init -ppowerup=CODE \
  -pcinit=CODE -pfunctab=ENTRY -ACONFIG=08007h-08008h -pconfig=CONFIG \
  -DCONFIG=2 -AIDLOC=08000h-08003h -pidloc=IDLOC -DIDLOC=2 \
  -AEEDATA=00h-0FFh/0F000h -peeprom_data=EEDATA -DEEDATA=2 -DCODE=2 \
  -DSTRCODE=2 -DSTRING=2 -DCONST=2 -DENTRY=2 -k \
  C:\Users\ABD\AppData\Local\Temp\se2s.obj \
  dist/default/production\Nokia5110_Lcd2.production.obj 

Object code version is 3.11

Machine type is 16F1827



                Name                               Link     Load   Length Selector   Space Scale
C:\Users\ABD\AppData\Local\Temp\se2s.obj
                end_init                              2        2        2        0       0
                reset_vec                             0        0        2        0       0
                config                             8007     8007        2    1000E       0
dist/default/production\Nokia5110_Lcd2.production.obj
                cinit                               7FA      7FA        6      FF4       0
                text16                              3DD      3DD        7      7BA       0
                text15                              412      412       18      824       0
                text14                              3D9      3D9        4      7B2       0
                text13                              3E4      3E4        9      7C8       0
                text12                              462      462       25      8C4       0
                text11                              487      487       26      90E       0
                text10                              3ED      3ED       11      7DA       0
                text9                               3FE      3FE       14      7FC       0
                text8                               42A      42A       1B      854       0
                text7                               59E      59E       AE      B3C       0
                text6                               445      445       1D      88A       0
                text5                               719      719       E1      E32       0
                text4                               4AD      4AD       2C      95A       0
                text3                               505      505       34      A0A       0
                text2                               4D9      4D9       2C      9B2       0
                text1                               64C      64C       CD      C98       0
                maintext                            539      539       65      A72       0
                cstackBANK0                          20       20       19       20       1
                cstackCOMMON                         70       70        E       70       1
                dataBANK0                            39       39        1       20       1
                stringtext6                         D90      D90        3     1000       0
                stringtext5                         D89      D89        7     1000       0
                stringtext4                         D71      D71       18     1000       0
                stringtext3                         C39      C39      138     1000       0
                stringtext2                         A22      A22      217     1000       0
                stringtext1                         800      800      222     1000       0
                idataBANK0                          3D8      3D8        1      7B0       0

TOTAL           Name                               Link     Load   Length     Space
        CLASS   STACK          

        CLASS   CODE           
                end_init                              2        2        2         0
                cinit                               7FA      7FA        6         0
                reset_vec                             0        0        2         0
                text16                              3DD      3DD        7         0
                text15                              412      412       18         0
                text14                              3D9      3D9        4         0
                text13                              3E4      3E4        9         0
                text12                              462      462       25         0
                text11                              487      487       26         0
                text10                              3ED      3ED       11         0
                text9                               3FE      3FE       14         0
                text8                               42A      42A       1B         0
                text7                               59E      59E       AE         0
                text6                               445      445       1D         0
                text5                               719      719       E1         0
                text4                               4AD      4AD       2C         0
                text3                               505      505       34         0
                text2                               4D9      4D9       2C         0
                text1                               64C      64C       CD         0
                maintext                            539      539       65         0
                idataBANK0                          3D8      3D8        1         0

        CLASS   STRCODE        
                stringtext6                         D90      D90        3         0
                stringtext5                         D89      D89        7         0
                stringtext4                         D71      D71       18         0
                stringtext3                         C39      C39      138         0
                stringtext2                         A22      A22      217         0
                stringtext1                         800      800      222         0

        CLASS   STRING         

        CLASS   CONST          

        CLASS   ENTRY          

        CLASS   COMMON         
                cstackCOMMON                         70       70        E         1

        CLASS   BANK0          
                cstackBANK0                          20       20       19         1
                dataBANK0                            39       39        1         1

        CLASS   BANK1          

        CLASS   BANK2          

        CLASS   BANK3          

        CLASS   BANK4          

        CLASS   BIGRAM         

        CLASS   RAM            

        CLASS   ABS1           
                abs_s1                               7E       7E        2         1

        CLASS   SFR0           

        CLASS   SFR1           

        CLASS   SFR2           

        CLASS   SFR3           

        CLASS   SFR4           

        CLASS   SFR5           

        CLASS   SFR6           

        CLASS   SFR7           

        CLASS   SFR8           

        CLASS   SFR9           

        CLASS   SFR10          

        CLASS   SFR11          

        CLASS   SFR12          

        CLASS   SFR13          

        CLASS   SFR14          

        CLASS   SFR15          

        CLASS   SFR16          

        CLASS   SFR17          

        CLASS   SFR18          

        CLASS   SFR19          

        CLASS   SFR20          

        CLASS   SFR21          

        CLASS   SFR22          

        CLASS   SFR23          

        CLASS   SFR24          

        CLASS   SFR25          

        CLASS   SFR26          

        CLASS   SFR27          

        CLASS   SFR28          

        CLASS   SFR29          

        CLASS   SFR30          

        CLASS   SFR31          

        CLASS   CONFIG         
                config                             8007     8007        2         0

        CLASS   IDLOC          

        CLASS   EEDATA         

        CLASS   BANK31         

        CLASS   BANK30         

        CLASS   BANK29         

        CLASS   BANK28         

        CLASS   BANK27         

        CLASS   BANK26         

        CLASS   BANK25         

        CLASS   BANK24         

        CLASS   BANK23         

        CLASS   BANK22         

        CLASS   BANK21         

        CLASS   BANK20         

        CLASS   BANK19         

        CLASS   BANK18         

        CLASS   BANK17         

        CLASS   BANK16         

        CLASS   BANK15         

        CLASS   BANK14         

        CLASS   BANK13         

        CLASS   BANK12         

        CLASS   BANK11         

        CLASS   BANK10         

        CLASS   BANK9          

        CLASS   BANK8          

        CLASS   BANK7          

        CLASS   BANK6          

        CLASS   BANK5          



SEGMENTS        Name                           Load    Length   Top    Selector   Space  Class     Delta

                reset_vec                      000000  000004  000004         0       0  CODE        2
                cstackBANK0                    000020  00001A  00003A        20       1  BANK0       1
                cstackCOMMON                   000070  00000E  00007E        70       1  COMMON      1
                idataBANK0                     0003D8  000001  0003D9       7B0       0  CODE        2
                text14                         0003D9  000004  0003DD       7B2       0  CODE        2
                text16                         0003DD  000007  0003E4       7BA       0  CODE        2
                text13                         0003E4  000009  0003ED       7C8       0  CODE        2
                text10                         0003ED  000011  0003FE       7DA       0  CODE        2
                text9                          0003FE  000014  000412       7FC       0  CODE        2
                text15                         000412  000018  00042A       824       0  CODE        2
                text8                          00042A  00001B  000445       854       0  CODE        2
                text6                          000445  00001D  000462       88A       0  CODE        2
                text12                         000462  000025  000487       8C4       0  CODE        2
                text11                         000487  000026  0004AD       90E       0  CODE        2
                text4                          0004AD  00002C  0004D9       95A       0  CODE        2
                text2                          0004D9  00002C  000505       9B2       0  CODE        2
                text3                          000505  000034  000539       A0A       0  CODE        2
                maintext                       000539  000065  00059E       A72       0  CODE        2
                text7                          00059E  0000AE  00064C       B3C       0  CODE        2
                text1                          00064C  0000CD  000719       C98       0  CODE        2
                text5                          000719  0000E1  0007FA       E32       0  CODE        2
                cinit                          0007FA  000006  000800       FF4       0  CODE        2
                stringtext1                    000800  000593  000D93      1000       0  STRCODE     2
                config                         008007  000002  008009     1000E       0  CONFIG      2


UNUSED ADDRESS RANGES

        Name                Unused          Largest block    Delta
        BANK0            0003A-0006F              36           1
        BANK1            000A0-000EF              50           1
        BANK2            00120-0016F              50           1
        BANK3            001A0-001EF              50           1
        BANK4            00220-0024F              30           1
        BIGRAM           02000-0216F             170           1
        CODE             00004-003D7             3D4           2
                         00D93-00FFF             26D
        CONST            00004-003D7             100           2
                         00D93-00FFF             100
        EEDATA           0F000-0F0FF             100           2
        ENTRY            00004-003D7             100           2
                         00D93-00FFF             100
        IDLOC            08000-08003               4           2
        RAM              0003A-0006F              36           1
                         000A0-000EF              50
                         00120-0016F              50
                         001A0-001EF              50
                         00220-0024F              30
        SFR0             00000-0001F              20           1
        SFR1             00080-0009F              20           1
        SFR10            00500-0056F              70           1
        SFR11            00580-005EF              70           1
        SFR12            00600-0066F              70           1
        SFR13            00680-006EF              70           1
        SFR14            00700-0076F              70           1
        SFR15            00780-007EF              70           1
        SFR16            00800-0086F              70           1
        SFR17            00880-008EF              70           1
        SFR18            00900-0096F              70           1
        SFR19            00980-009EF              70           1
        SFR2             00100-0011F              20           1
        SFR20            00A00-00A6F              70           1
        SFR21            00A80-00AEF              70           1
        SFR22            00B00-00B6F              70           1
        SFR23            00B80-00BEF              70           1
        SFR24            00C00-00C6F              70           1
        SFR25            00C80-00CEF              70           1
        SFR26            00D00-00D6F              70           1
        SFR27            00D80-00DEF              70           1
        SFR28            00E00-00E6F              70           1
        SFR29            00E80-00EEF              70           1
        SFR3             00180-0019F              20           1
        SFR30            00F00-00F6F              70           1
        SFR31            00F80-00FEF              70           1
        SFR4             00200-0021F              20           1
        SFR5             00280-002EF              70           1
        SFR6             00300-0036F              70           1
        SFR7             00380-003EF              70           1
        SFR8             00400-0046F              70           1
        SFR9             00480-004EF              70           1
        STACK            0201A-0216F             156           1
        STRCODE          00004-003D7             3D4           2
                         00D93-00FFF             26D
        STRING           00004-003D7             100           2
                         00D93-00FFF             100

                                  Symbol Table

?___lwdiv                        cstackCOMMON 00070
?___lwmod                        cstackCOMMON 00078
?___wmul                         cstackCOMMON 00070
?_sprintf                        cstackBANK0  00020
_ANSELA                          (abs)        0018C
_ANSELB                          (abs)        0018D
_APFCON0                         (abs)        0011D
_APFCON1                         (abs)        0011E
_CARRY                           (abs)        00018
_LATA                            (abs)        0010C
_LATB                            (abs)        0010D
_LATB3                           (abs)        0086B
_LATB4                           (abs)        0086C
_LATB5                           (abs)        0086D
_LATB6                           (abs)        0086E
_LATB7                           (abs)        0086F
_OPTION_REGbits                  (abs)        00095
_OSCCON                          (abs)        00099
_OSCILLATOR_Initialize           text16       003DD
_OSCTUNE                         (abs)        00098
_PIN_MANAGER_Initialize          text15       00412
_PLLR                            (abs)        004D6
_SYSTEM_Initialize               text13       003E4
_TRISA                           (abs)        0008C
_TRISB                           (abs)        0008D
_TRISB3                          (abs)        0046B
_TRISB4                          (abs)        0046C
_TRISB5                          (abs)        0046D
_TRISB6                          (abs)        0046E
_TRISB7                          (abs)        0046F
_WDTCON                          (abs)        00097
_WDT_Initialize                  text14       003D9
_WPUA                            (abs)        0020C
_WPUB                            (abs)        0020D
__CFG_BOREN$ON                   (abs)        00000
__CFG_BORV$LO                    (abs)        00000
__CFG_CLKOUTEN$OFF               (abs)        00000
__CFG_CP$OFF                     (abs)        00000
__CFG_CPD$OFF                    (abs)        00000
__CFG_FCMEN$ON                   (abs)        00000
__CFG_FOSC$HS                    (abs)        00000
__CFG_IESO$ON                    (abs)        00000
__CFG_LVP$OFF                    (abs)        00000
__CFG_MCLRE$ON                   (abs)        00000
__CFG_PLLEN$ON                   (abs)        00000
__CFG_PWRTE$OFF                  (abs)        00000
__CFG_STVREN$ON                  (abs)        00000
__CFG_WDTE$OFF                   (abs)        00000
__CFG_WRT$OFF                    (abs)        00000
__Habs1                          abs1         00000
__Hbank0                         bank0        00000
__Hbank1                         bank1        00000
__Hbank10                        bank10       00000
__Hbank11                        bank11       00000
__Hbank12                        bank12       00000
__Hbank13                        bank13       00000
__Hbank14                        bank14       00000
__Hbank15                        bank15       00000
__Hbank16                        bank16       00000
__Hbank17                        bank17       00000
__Hbank18                        bank18       00000
__Hbank19                        bank19       00000
__Hbank2                         bank2        00000
__Hbank20                        bank20       00000
__Hbank21                        bank21       00000
__Hbank22                        bank22       00000
__Hbank23                        bank23       00000
__Hbank24                        bank24       00000
__Hbank25                        bank25       00000
__Hbank26                        bank26       00000
__Hbank27                        bank27       00000
__Hbank28                        bank28       00000
__Hbank29                        bank29       00000
__Hbank3                         bank3        00000
__Hbank30                        bank30       00000
__Hbank31                        bank31       00000
__Hbank4                         bank4        00000
__Hbank5                         bank5        00000
__Hbank6                         bank6        00000
__Hbank7                         bank7        00000
__Hbank8                         bank8        00000
__Hbank9                         bank9        00000
__Hbigram                        bigram       00000
__Hcinit                         cinit        00800
__Hclrtext                       clrtext      00000
__Hcode                          code         00000
__Hcommon                        common       00000
__Hconfig                        config       08009
__HcstackBANK0                   cstackBANK0  00000
__HcstackCOMMON                  cstackCOMMON 00000
__HdataBANK0                     dataBANK0    00000
__Heeprom_data                   eeprom_data  00000
__Hend_init                      end_init     00004
__Hfunctab                       functab      00000
__HidataBANK0                    idataBANK0   00000
__Hidloc                         idloc        00000
__Hinit                          init         00002
__Hintentry                      intentry     00002
__Hmaintext                      maintext     00000
__Hpowerup                       powerup      00000
__Hram                           ram          00000
__Hreset_vec                     reset_vec    00002
__Hsfr0                          sfr0         00000
__Hsfr1                          sfr1         00000
__Hsfr10                         sfr10        00000
__Hsfr11                         sfr11        00000
__Hsfr12                         sfr12        00000
__Hsfr13                         sfr13        00000
__Hsfr14                         sfr14        00000
__Hsfr15                         sfr15        00000
__Hsfr16                         sfr16        00000
__Hsfr17                         sfr17        00000
__Hsfr18                         sfr18        00000
__Hsfr19                         sfr19        00000
__Hsfr2                          sfr2         00000
__Hsfr20                         sfr20        00000
__Hsfr21                         sfr21        00000
__Hsfr22                         sfr22        00000
__Hsfr23                         sfr23        00000
__Hsfr24                         sfr24        00000
__Hsfr25                         sfr25        00000
__Hsfr26                         sfr26        00000
__Hsfr27                         sfr27        00000
__Hsfr28                         sfr28        00000
__Hsfr29                         sfr29        00000
__Hsfr3                          sfr3         00000
__Hsfr30                         sfr30        00000
__Hsfr31                         sfr31        00000
__Hsfr4                          sfr4         00000
__Hsfr5                          sfr5         00000
__Hsfr6                          sfr6         00000
__Hsfr7                          sfr7         00000
__Hsfr8                          sfr8         00000
__Hsfr9                          sfr9         00000
__Hspace_0                       (abs)        08009
__Hspace_1                       (abs)        0007E
__Hspace_2                       (abs)        00000
__Hspace_3                       (abs)        00000
__Hstack                         stack        00000
__Hstrings                       strings      00000
__Hstringtext1                   stringtext1  00000
__Hstringtext2                   stringtext2  00000
__Hstringtext3                   stringtext3  00000
__Hstringtext4                   stringtext4  00000
__Hstringtext5                   stringtext5  00000
__Hstringtext6                   stringtext6  00000
__Hstringtext7                   stringtext7  00000
__Htext                          text         00000
__Labs1                          abs1         00000
__Lbank0                         bank0        00000
__Lbank1                         bank1        00000
__Lbank10                        bank10       00000
__Lbank11                        bank11       00000
__Lbank12                        bank12       00000
__Lbank13                        bank13       00000
__Lbank14                        bank14       00000
__Lbank15                        bank15       00000
__Lbank16                        bank16       00000
__Lbank17                        bank17       00000
__Lbank18                        bank18       00000
__Lbank19                        bank19       00000
__Lbank2                         bank2        00000
__Lbank20                        bank20       00000
__Lbank21                        bank21       00000
__Lbank22                        bank22       00000
__Lbank23                        bank23       00000
__Lbank24                        bank24       00000
__Lbank25                        bank25       00000
__Lbank26                        bank26       00000
__Lbank27                        bank27       00000
__Lbank28                        bank28       00000
__Lbank29                        bank29       00000
__Lbank3                         bank3        00000
__Lbank30                        bank30       00000
__Lbank31                        bank31       00000
__Lbank4                         bank4        00000
__Lbank5                         bank5        00000
__Lbank6                         bank6        00000
__Lbank7                         bank7        00000
__Lbank8                         bank8        00000
__Lbank9                         bank9        00000
__Lbigram                        bigram       00000
__Lcinit                         cinit        007FA
__Lclrtext                       clrtext      00000
__Lcode                          code         00000
__Lcommon                        common       00000
__Lconfig                        config       08007
__LcstackBANK0                   cstackBANK0  00000
__LcstackCOMMON                  cstackCOMMON 00000
__LdataBANK0                     dataBANK0    00000
__Leeprom_data                   eeprom_data  00000
__Lend_init                      end_init     00002
__Lfunctab                       functab      00000
__LidataBANK0                    idataBANK0   00000
__Lidloc                         idloc        00000
__Linit                          init         00002
__Lintentry                      intentry     00002
__Lmaintext                      maintext     00000
__Lpowerup                       powerup      00000
__Lram                           ram          00000
__Lreset_vec                     reset_vec    00000
__Lsfr0                          sfr0         00000
__Lsfr1                          sfr1         00000
__Lsfr10                         sfr10        00000
__Lsfr11                         sfr11        00000
__Lsfr12                         sfr12        00000
__Lsfr13                         sfr13        00000
__Lsfr14                         sfr14        00000
__Lsfr15                         sfr15        00000
__Lsfr16                         sfr16        00000
__Lsfr17                         sfr17        00000
__Lsfr18                         sfr18        00000
__Lsfr19                         sfr19        00000
__Lsfr2                          sfr2         00000
__Lsfr20                         sfr20        00000
__Lsfr21                         sfr21        00000
__Lsfr22                         sfr22        00000
__Lsfr23                         sfr23        00000
__Lsfr24                         sfr24        00000
__Lsfr25                         sfr25        00000
__Lsfr26                         sfr26        00000
__Lsfr27                         sfr27        00000
__Lsfr28                         sfr28        00000
__Lsfr29                         sfr29        00000
__Lsfr3                          sfr3         00000
__Lsfr30                         sfr30        00000
__Lsfr31                         sfr31        00000
__Lsfr4                          sfr4         00000
__Lsfr5                          sfr5         00000
__Lsfr6                          sfr6         00000
__Lsfr7                          sfr7         00000
__Lsfr8                          sfr8         00000
__Lsfr9                          sfr9         00000
__Lspace_0                       (abs)        00000
__Lspace_1                       (abs)        00000
__Lspace_2                       (abs)        00000
__Lspace_3                       (abs)        00000
__Lstack                         stack        00000
__Lstrings                       strings      00000
__Lstringtext1                   stringtext1  00000
__Lstringtext2                   stringtext2  00000
__Lstringtext3                   stringtext3  00000
__Lstringtext4                   stringtext4  00000
__Lstringtext5                   stringtext5  00000
__Lstringtext6                   stringtext6  00000
__Lstringtext7                   stringtext7  00000
__Ltext                          text         00000
__S0                             (abs)        08009
__S1                             (abs)        0007E
__S2                             (abs)        00000
__S3                             (abs)        00000
___bmul                          text10       003ED
___bmul@multiplicand             cstackCOMMON 00070
___bmul@multiplier               cstackCOMMON 00073
___bmul@product                  cstackCOMMON 00072
___int_sp                        stack        00000
___latbits                       (abs)        00001
___lwdiv                         text3        00505
___lwdiv@counter                 cstackCOMMON 00077
___lwdiv@dividend                cstackCOMMON 00072
___lwdiv@divisor                 cstackCOMMON 00070
___lwdiv@quotient                cstackCOMMON 00075
___lwmod                         text2        004D9
___lwmod@counter                 cstackCOMMON 0007D
___lwmod@dividend                cstackCOMMON 0007A
___lwmod@divisor                 cstackCOMMON 00078
___sp                            stack        00000
___wmul                          text8        0042A
___wmul@multiplicand             cstackCOMMON 00072
___wmul@multiplier               cstackCOMMON 00070
___wmul@product                  cstackCOMMON 00074
__end_of_OSCILLATOR_Initialize   text16       003E4
__end_of_PIN_MANAGER_Initialize  text15       0042A
__end_of_SYSTEM_Initialize       text13       003ED
__end_of_WDT_Initialize          text14       003DD
__end_of___bmul                  text10       003FE
__end_of___lwdiv                 text3        00539
__end_of___lwmod                 text2        00505
__end_of___wmul                  text8        00445
__end_of__initialization         cinit        007FD
__end_of_dpowers                 stringtext4  00D7B
__end_of_harftablo               stringtext2  00C39
__end_of_lcd_baslat              text11       004AD
__end_of_lcd_git                 text9        00412
__end_of_lcd_harfyaz             text7        0064C
__end_of_lcd_mesajyaz            text6        00462
__end_of_lcd_sayiyaz             text5        007FA
__end_of_lcd_sil                 text4        004D9
__end_of_lcd_veriyaz             text12       00487
__end_of_main                    maintext     0059E
__end_of_rakamtablo              stringtext3  00D71
__end_of_rakamtablo2             stringtext1  00A22
__end_of_sprintf                 text1        00719
__initialization                 cinit        007FA
__pcstackBANK0                   cstackBANK0  00020
__pcstackCOMMON                  cstackCOMMON 00070
__pdataBANK0                     dataBANK0    00039
__pidataBANK0                    idataBANK0   003D8
__pmaintext                      maintext     00539
__pstringtext1                   stringtext1  00800
__pstringtext2                   stringtext2  00A22
__pstringtext3                   stringtext3  00C39
__pstringtext4                   stringtext4  00D71
__pstringtext5                   stringtext5  00D89
__pstringtext6                   stringtext6  00D90
__pstringtext7                   stringtext7  00000
__ptext1                         text1        0064C
__ptext10                        text10       003ED
__ptext11                        text11       00487
__ptext12                        text12       00462
__ptext13                        text13       003E4
__ptext14                        text14       003D9
__ptext15                        text15       00412
__ptext16                        text16       003DD
__ptext2                         text2        004D9
__ptext3                         text3        00505
__ptext4                         text4        004AD
__ptext5                         text5        00719
__ptext6                         text6        00445
__ptext7                         text7        0059E
__ptext8                         text8        0042A
__ptext9                         text9        003FE
__size_of_OSCILLATOR_Initialize  (abs)        00000
__size_of_PIN_MANAGER_Initialize (abs)        00000
__size_of_SYSTEM_Initialize      (abs)        00000
__size_of_WDT_Initialize         (abs)        00000
__size_of___bmul                 (abs)        00000
__size_of___lwdiv                (abs)        00000
__size_of___lwmod                (abs)        00000
__size_of___wmul                 (abs)        00000
__size_of_lcd_baslat             (abs)        00000
__size_of_lcd_git                (abs)        00000
__size_of_lcd_harfyaz            (abs)        00000
__size_of_lcd_mesajyaz           (abs)        00000
__size_of_lcd_sayiyaz            (abs)        00000
__size_of_lcd_sil                (abs)        00000
__size_of_lcd_veriyaz            (abs)        00000
__size_of_main                   (abs)        00000
__size_of_sprintf                (abs)        00000
_dpowers                         stringtext4  00D71
_harftablo                       stringtext2  00A22
_lcd_baslat                      text11       00487
_lcd_git                         text9        003FE
_lcd_harfyaz                     text7        0059E
_lcd_kontrast                    dataBANK0    00039
_lcd_mesajyaz                    text6        00445
_lcd_sayiyaz                     text5        00719
_lcd_sil                         text4        004AD
_lcd_veriyaz                     text12       00462
_main                            maintext     00539
_rakamtablo                      stringtext3  00C39
_rakamtablo2                     stringtext1  00800
_sprintf                         text1        0064C
btemp                            (abs)        0007E
end_of_initialization            cinit        007FD
intlevel0                        functab      00000
intlevel1                        functab      00000
intlevel2                        functab      00000
intlevel3                        functab      00000
intlevel4                        functab      00000
intlevel5                        functab      00000
lcd_git@satir                    cstackCOMMON 00076
lcd_git@sutun                    cstackCOMMON 00074
lcd_harfyaz@adres                cstackCOMMON 00077
lcd_harfyaz@harf                 cstackCOMMON 00076
lcd_mesajyaz@mesaj               cstackCOMMON 0007A
lcd_mesajyaz@satir               cstackCOMMON 0007D
lcd_mesajyaz@sutun               cstackCOMMON 00079
lcd_sayiyaz@adres                cstackBANK0  00024
lcd_sayiyaz@font                 cstackCOMMON 0007A
lcd_sayiyaz@i                    cstackBANK0  00026
lcd_sayiyaz@rakam                cstackBANK0  00027
lcd_sayiyaz@satir                cstackBANK0  00020
lcd_sayiyaz@sayi                 cstackCOMMON 00078
lcd_sayiyaz@sayi_t               cstackBANK0  00022
lcd_sayiyaz@sira                 cstackBANK0  00028
lcd_sayiyaz@siramax              cstackBANK0  00021
lcd_sayiyaz@sutun                cstackCOMMON 00077
lcd_sil@i                        cstackCOMMON 00078
lcd_veriyaz@i                    cstackCOMMON 00072
lcd_veriyaz@veri                 cstackCOMMON 00071
main@buf                         cstackBANK0  00031
main@sayi                        cstackBANK0  00037
reset_vec                        reset_vec    00000
sprintf@ap                       cstackBANK0  00028
sprintf@c                        cstackBANK0  0002E
sprintf@f                        cstackBANK0  00020
sprintf@flag                     cstackBANK0  00029
sprintf@prec                     cstackBANK0  0002A
sprintf@sp                       cstackBANK0  0002D
sprintf@val                      cstackBANK0  0002B
stackhi                          (abs)        0216F
stacklo                          (abs)        0201A
start                            init         00002
start_initialization             cinit        007FA
wtemp0                           (abs)        0007E


FUNCTION INFORMATION:

 *************** function _main *****************
 Defined at:
		line 53 in file "main.c"
 Parameters:    Size  Location     Type
		None
 Auto vars:     Size  Location     Type
  buf             6   17[BANK0 ] unsigned char [6]
  sayi            2   23[BANK0 ] int 
 Return value:  Size  Location     Type
                  1    wreg      void 
 Registers used:
		wreg, fsr0l, fsr0h, fsr1l, fsr1h, status,2, status,0, pclath, cstack
 Tracked objects:
		On entry : 
		On exit  : 
		Unchanged: 
 Data sizes:     COMMON   BANK0   BANK1   BANK2   BANK3   BANK4
      Params:         0       0       0       0       0       0
      Locals:         0       8       0       0       0       0
      Temps:          0       2       0       0       0       0
      Totals:         0      10       0       0       0       0
Total ram usage:       10 bytes
 Hardware stack levels required when called:    3
 This function calls:
		_SYSTEM_Initialize
		_lcd_baslat
		_lcd_mesajyaz
		_lcd_sayiyaz
		_lcd_sil
		_sprintf
 This function is called by:
		Startup code after reset
 This function uses a non-reentrant model


 *************** function _sprintf *****************
 Defined at:
		line 492 in file "C:\Program Files (x86)\Microchip\xc8\v1.44\sources\common\doprnt.c"
 Parameters:    Size  Location     Type
  sp              1    wreg     PTR unsigned char 
		 -> main@buf(6), 
  f               2    0[BANK0 ] PTR const unsigned char 
		 -> STR_4(3), 
 Auto vars:     Size  Location     Type
  sp              1   13[BANK0 ] PTR unsigned char 
		 -> main@buf(6), 
  tmpval          4    0        struct .
  val             2   11[BANK0 ] unsigned int 
  cp              2    0        PTR const unsigned char 
  len             2    0        unsigned int 
  c               1   14[BANK0 ] char 
  prec            1   10[BANK0 ] char 
  flag            1    9[BANK0 ] unsigned char 
  ap              1    8[BANK0 ] PTR void [1]
		 -> ?_sprintf(2), 
 Return value:  Size  Location     Type
                  2    0[BANK0 ] int 
 Registers used:
		wreg, fsr0l, fsr0h, fsr1l, fsr1h, status,2, status,0, pclath, cstack
 Tracked objects:
		On entry : 
		On exit  : 
		Unchanged: 
 Data sizes:     COMMON   BANK0   BANK1   BANK2   BANK3   BANK4
      Params:         0       4       0       0       0       0
      Locals:         0       7       0       0       0       0
      Temps:          0       4       0       0       0       0
      Totals:         0      15       0       0       0       0
Total ram usage:       15 bytes
 Hardware stack levels used:    1
 Hardware stack levels required when called:    1
 This function calls:
		___lwdiv
		___lwmod
 This function is called by:
		_main
 This function uses a non-reentrant model


 *************** function ___lwmod *****************
 Defined at:
		line 6 in file "C:\Program Files (x86)\Microchip\xc8\v1.44\sources\common\lwmod.c"
 Parameters:    Size  Location     Type
  divisor         2    8[COMMON] unsigned int 
  dividend        2   10[COMMON] unsigned int 
 Auto vars:     Size  Location     Type
  counter         1   13[COMMON] unsigned char 
 Return value:  Size  Location     Type
                  2    8[COMMON] unsigned int 
 Registers used:
		wreg, status,2, status,0
 Tracked objects:
		On entry : 
		On exit  : 
		Unchanged: 
 Data sizes:     COMMON   BANK0   BANK1   BANK2   BANK3   BANK4
      Params:         4       0       0       0       0       0
      Locals:         1       0       0       0       0       0
      Temps:          1       0       0       0       0       0
      Totals:         6       0       0       0       0       0
Total ram usage:        6 bytes
 Hardware stack levels used:    1
 This function calls:
		Nothing
 This function is called by:
		_sprintf
 This function uses a non-reentrant model


 *************** function ___lwdiv *****************
 Defined at:
		line 6 in file "C:\Program Files (x86)\Microchip\xc8\v1.44\sources\common\lwdiv.c"
 Parameters:    Size  Location     Type
  divisor         2    0[COMMON] unsigned int 
  dividend        2    2[COMMON] unsigned int 
 Auto vars:     Size  Location     Type
  quotient        2    5[COMMON] unsigned int 
  counter         1    7[COMMON] unsigned char 
 Return value:  Size  Location     Type
                  2    0[COMMON] unsigned int 
 Registers used:
		wreg, status,2, status,0
 Tracked objects:
		On entry : 
		On exit  : 
		Unchanged: 
 Data sizes:     COMMON   BANK0   BANK1   BANK2   BANK3   BANK4
      Params:         4       0       0       0       0       0
      Locals:         3       0       0       0       0       0
      Temps:          1       0       0       0       0       0
      Totals:         8       0       0       0       0       0
Total ram usage:        8 bytes
 Hardware stack levels used:    1
 This function calls:
		Nothing
 This function is called by:
		_sprintf
 This function uses a non-reentrant model


 *************** function _lcd_sil *****************
 Defined at:
		line 282 in file "nokia5110.c"
 Parameters:    Size  Location     Type
		None
 Auto vars:     Size  Location     Type
  i               2    8[COMMON] int 
 Return value:  Size  Location     Type
                  1    wreg      void 
 Registers used:
		wreg, status,2, status,0, pclath, cstack
 Tracked objects:
		On entry : 
		On exit  : 
		Unchanged: 
 Data sizes:     COMMON   BANK0   BANK1   BANK2   BANK3   BANK4
      Params:         0       0       0       0       0       0
      Locals:         2       0       0       0       0       0
      Temps:          1       0       0       0       0       0
      Totals:         3       0       0       0       0       0
Total ram usage:        3 bytes
 Hardware stack levels used:    1
 Hardware stack levels required when called:    2
 This function calls:
		_lcd_git
		_lcd_veriyaz
 This function is called by:
		_main
 This function uses a non-reentrant model


 *************** function _lcd_sayiyaz *****************
 Defined at:
		line 389 in file "nokia5110.c"
 Parameters:    Size  Location     Type
  satir           1    wreg     unsigned char 
  sutun           1    7[COMMON] unsigned char 
  sayi            2    8[COMMON] PTR unsigned char 
		 -> main@buf(6), STR_3(7), STR_2(7), 
  font            1   10[COMMON] unsigned char 
 Auto vars:     Size  Location     Type
  satir           1    0[BANK0 ] unsigned char 
  adres           2    4[BANK0 ] unsigned int 
  sayi_t          2    2[BANK0 ] PTR unsigned char 
		 -> main@buf(6), STR_3(7), STR_2(7), 
  sira            1    8[BANK0 ] unsigned char 
  rakam           1    7[BANK0 ] unsigned char 
  i               1    6[BANK0 ] unsigned char 
  siramax         1    1[BANK0 ] unsigned char 
 Return value:  Size  Location     Type
                  1    wreg      void 
 Registers used:
		wreg, fsr0l, fsr0h, status,2, status,0, pclath, cstack
 Tracked objects:
		On entry : 
		On exit  : 
		Unchanged: 
 Data sizes:     COMMON   BANK0   BANK1   BANK2   BANK3   BANK4
      Params:         4       0       0       0       0       0
      Locals:         0       9       0       0       0       0
      Temps:          1       0       0       0       0       0
      Totals:         5       9       0       0       0       0
Total ram usage:       14 bytes
 Hardware stack levels used:    1
 Hardware stack levels required when called:    2
 This function calls:
		___wmul
		_lcd_git
		_lcd_veriyaz
 This function is called by:
		_main
 This function uses a non-reentrant model


 *************** function _lcd_mesajyaz *****************
 Defined at:
		line 200 in file "nokia5110.c"
 Parameters:    Size  Location     Type
  satir           1    wreg     unsigned char 
  sutun           1    9[COMMON] unsigned char 
  mesaj           2   10[COMMON] PTR const unsigned char 
		 -> STR_1(14), 
 Auto vars:     Size  Location     Type
  satir           1   13[COMMON] unsigned char 
 Return value:  Size  Location     Type
                  1    wreg      void 
 Registers used:
		wreg, fsr0l, fsr0h, status,2, status,0, pclath, cstack
 Tracked objects:
		On entry : 
		On exit  : 
		Unchanged: 
 Data sizes:     COMMON   BANK0   BANK1   BANK2   BANK3   BANK4
      Params:         3       0       0       0       0       0
      Locals:         1       0       0       0       0       0
      Temps:          1       0       0       0       0       0
      Totals:         5       0       0       0       0       0
Total ram usage:        5 bytes
 Hardware stack levels used:    1
 Hardware stack levels required when called:    2
 This function calls:
		_lcd_git
		_lcd_harfyaz
 This function is called by:
		_main
 This function uses a non-reentrant model


 *************** function _lcd_harfyaz *****************
 Defined at:
		line 222 in file "nokia5110.c"
 Parameters:    Size  Location     Type
  harf            1    wreg     unsigned char 
 Auto vars:     Size  Location     Type
  harf            1    6[COMMON] unsigned char 
  adres           2    7[COMMON] unsigned int 
 Return value:  Size  Location     Type
                  1    wreg      void 
 Registers used:
		wreg, fsr0l, fsr0h, status,2, status,0, pclath, cstack
 Tracked objects:
		On entry : 
		On exit  : 
		Unchanged: 
 Data sizes:     COMMON   BANK0   BANK1   BANK2   BANK3   BANK4
      Params:         0       0       0       0       0       0
      Locals:         3       0       0       0       0       0
      Temps:          0       0       0       0       0       0
      Totals:         3       0       0       0       0       0
Total ram usage:        3 bytes
 Hardware stack levels used:    1
 Hardware stack levels required when called:    1
 This function calls:
		___wmul
		_lcd_veriyaz
 This function is called by:
		_lcd_mesajyaz
		_lcd_mesajyaz_cp
		_putch
 This function uses a non-reentrant model


 *************** function ___wmul *****************
 Defined at:
		line 15 in file "C:\Program Files (x86)\Microchip\xc8\v1.44\sources\common\Umul16.c"
 Parameters:    Size  Location     Type
  multiplier      2    0[COMMON] unsigned int 
  multiplicand    2    2[COMMON] unsigned int 
 Auto vars:     Size  Location     Type
  product         2    4[COMMON] unsigned int 
 Return value:  Size  Location     Type
                  2    0[COMMON] unsigned int 
 Registers used:
		wreg, status,2, status,0
 Tracked objects:
		On entry : 
		On exit  : 
		Unchanged: 
 Data sizes:     COMMON   BANK0   BANK1   BANK2   BANK3   BANK4
      Params:         4       0       0       0       0       0
      Locals:         2       0       0       0       0       0
      Temps:          0       0       0       0       0       0
      Totals:         6       0       0       0       0       0
Total ram usage:        6 bytes
 Hardware stack levels used:    1
 This function calls:
		Nothing
 This function is called by:
		_lcd_harfyaz
		_lcd_sayiyaz
 This function uses a non-reentrant model


 *************** function _lcd_git *****************
 Defined at:
		line 189 in file "nokia5110.c"
 Parameters:    Size  Location     Type
  satir           1    wreg     unsigned char 
  sutun           1    4[COMMON] unsigned char 
 Auto vars:     Size  Location     Type
  satir           1    6[COMMON] unsigned char 
 Return value:  Size  Location     Type
                  1    wreg      void 
 Registers used:
		wreg, status,2, status,0, pclath, cstack
 Tracked objects:
		On entry : 
		On exit  : 
		Unchanged: 
 Data sizes:     COMMON   BANK0   BANK1   BANK2   BANK3   BANK4
      Params:         1       0       0       0       0       0
      Locals:         1       0       0       0       0       0
      Temps:          1       0       0       0       0       0
      Totals:         3       0       0       0       0       0
Total ram usage:        3 bytes
 Hardware stack levels used:    1
 Hardware stack levels required when called:    1
 This function calls:
		___bmul
		_lcd_veriyaz
 This function is called by:
		_lcd_mesajyaz
		_lcd_sil
		_lcd_sayiyaz
		_lcd_satirsil
 This function uses a non-reentrant model


 *************** function ___bmul *****************
 Defined at:
		line 4 in file "C:\Program Files (x86)\Microchip\xc8\v1.44\sources\common\Umul8.c"
 Parameters:    Size  Location     Type
  multiplier      1    wreg     unsigned char 
  multiplicand    1    0[COMMON] unsigned char 
 Auto vars:     Size  Location     Type
  multiplier      1    3[COMMON] unsigned char 
  product         1    2[COMMON] unsigned char 
 Return value:  Size  Location     Type
                  1    wreg      unsigned char 
 Registers used:
		wreg, status,2, status,0
 Tracked objects:
		On entry : 
		On exit  : 
		Unchanged: 
 Data sizes:     COMMON   BANK0   BANK1   BANK2   BANK3   BANK4
      Params:         1       0       0       0       0       0
      Locals:         2       0       0       0       0       0
      Temps:          1       0       0       0       0       0
      Totals:         4       0       0       0       0       0
Total ram usage:        4 bytes
 Hardware stack levels used:    1
 This function calls:
		Nothing
 This function is called by:
		_lcd_git
 This function uses a non-reentrant model


 *************** function _lcd_baslat *****************
 Defined at:
		line 161 in file "nokia5110.c"
 Parameters:    Size  Location     Type
		None
 Auto vars:     Size  Location     Type
		None
 Return value:  Size  Location     Type
                  1    wreg      void 
 Registers used:
		wreg, status,2, status,0, pclath, cstack
 Tracked objects:
		On entry : 
		On exit  : 
		Unchanged: 
 Data sizes:     COMMON   BANK0   BANK1   BANK2   BANK3   BANK4
      Params:         0       0       0       0       0       0
      Locals:         0       0       0       0       0       0
      Temps:          0       0       0       0       0       0
      Totals:         0       0       0       0       0       0
Total ram usage:        0 bytes
 Hardware stack levels used:    1
 Hardware stack levels required when called:    1
 This function calls:
		_lcd_veriyaz
 This function is called by:
		_main
 This function uses a non-reentrant model


 *************** function _lcd_veriyaz *****************
 Defined at:
		line 360 in file "nokia5110.c"
 Parameters:    Size  Location     Type
  veri            1    wreg     unsigned char 
 Auto vars:     Size  Location     Type
  veri            1    1[COMMON] unsigned char 
  i               1    2[COMMON] unsigned char 
 Return value:  Size  Location     Type
                  1    wreg      void 
 Registers used:
		wreg, status,2, status,0
 Tracked objects:
		On entry : 
		On exit  : 
		Unchanged: 
 Data sizes:     COMMON   BANK0   BANK1   BANK2   BANK3   BANK4
      Params:         0       0       0       0       0       0
      Locals:         2       0       0       0       0       0
      Temps:          1       0       0       0       0       0
      Totals:         3       0       0       0       0       0
Total ram usage:        3 bytes
 Hardware stack levels used:    1
 This function calls:
		Nothing
 This function is called by:
		_lcd_baslat
		_lcd_git
		_lcd_harfyaz
		_lcd_sil
		_lcd_sayiyaz
		_lcd_satirsil
		_lcd_kontrast_artir
		_lcd_ekrani_tersle
		_lcd_normalmode
 This function uses a non-reentrant model


 *************** function _SYSTEM_Initialize *****************
 Defined at:
		line 69 in file "mcc_generated_files/mcc.c"
 Parameters:    Size  Location     Type
		None
 Auto vars:     Size  Location     Type
		None
 Return value:  Size  Location     Type
                  1    wreg      void 
 Registers used:
		wreg, status,2, status,0, pclath, cstack
 Tracked objects:
		On entry : 
		On exit  : 
		Unchanged: 
 Data sizes:     COMMON   BANK0   BANK1   BANK2   BANK3   BANK4
      Params:         0       0       0       0       0       0
      Locals:         0       0       0       0       0       0
      Temps:          0       0       0       0       0       0
      Totals:         0       0       0       0       0       0
Total ram usage:        0 bytes
 Hardware stack levels used:    1
 Hardware stack levels required when called:    1
 This function calls:
		_OSCILLATOR_Initialize
		_PIN_MANAGER_Initialize
		_WDT_Initialize
 This function is called by:
		_main
 This function uses a non-reentrant model


 *************** function _WDT_Initialize *****************
 Defined at:
		line 89 in file "mcc_generated_files/mcc.c"
 Parameters:    Size  Location     Type
		None
 Auto vars:     Size  Location     Type
		None
 Return value:  Size  Location     Type
                  1    wreg      void 
 Registers used:
		wreg
 Tracked objects:
		On entry : 
		On exit  : 
		Unchanged: 
 Data sizes:     COMMON   BANK0   BANK1   BANK2   BANK3   BANK4
      Params:         0       0       0       0       0       0
      Locals:         0       0       0       0       0       0
      Temps:          0       0       0       0       0       0
      Totals:         0       0       0       0       0       0
Total ram usage:        0 bytes
 Hardware stack levels used:    1
 This function calls:
		Nothing
 This function is called by:
		_SYSTEM_Initialize
 This function uses a non-reentrant model


 *************** function _PIN_MANAGER_Initialize *****************
 Defined at:
		line 52 in file "mcc_generated_files/pin_manager.c"
 Parameters:    Size  Location     Type
		None
 Auto vars:     Size  Location     Type
		None
 Return value:  Size  Location     Type
                  1    wreg      void 
 Registers used:
		wreg, status,2
 Tracked objects:
		On entry : 
		On exit  : 
		Unchanged: 
 Data sizes:     COMMON   BANK0   BANK1   BANK2   BANK3   BANK4
      Params:         0       0       0       0       0       0
      Locals:         0       0       0       0       0       0
      Temps:          0       0       0       0       0       0
      Totals:         0       0       0       0       0       0
Total ram usage:        0 bytes
 Hardware stack levels used:    1
 This function calls:
		Nothing
 This function is called by:
		_SYSTEM_Initialize
 This function uses a non-reentrant model


 *************** function _OSCILLATOR_Initialize *****************
 Defined at:
		line 77 in file "mcc_generated_files/mcc.c"
 Parameters:    Size  Location     Type
		None
 Auto vars:     Size  Location     Type
		None
 Return value:  Size  Location     Type
                  1    wreg      void 
 Registers used:
		wreg, status,2
 Tracked objects:
		On entry : 
		On exit  : 
		Unchanged: 
 Data sizes:     COMMON   BANK0   BANK1   BANK2   BANK3   BANK4
      Params:         0       0       0       0       0       0
      Locals:         0       0       0       0       0       0
      Temps:          0       0       0       0       0       0
      Totals:         0       0       0       0       0       0
Total ram usage:        0 bytes
 Hardware stack levels used:    1
 This function calls:
		Nothing
 This function is called by:
		_SYSTEM_Initialize
 This function uses a non-reentrant model



MODULE INFORMATION

Module		Function		Class		Link	Load	Size
C:\Program Files (x86)\Microchip\xc8\v1.44\sources\common\lwmod.c
		___lwmod       		CODE           	04D9	0000	45

C:\Program Files (x86)\Microchip\xc8\v1.44\sources\common\lwmod.c estimated size: 45

mcc_generated_files/pin_manager.c
		_PIN_MANAGER_Initialize		CODE           	0412	0000	25

mcc_generated_files/pin_manager.c estimated size: 25

nokia5110.c
		_lcd_sil       		CODE           	04AD	0000	45
		_lcd_baslat    		CODE           	0487	0000	39
		_lcd_sayiyaz   		CODE           	0719	0000	226
		_lcd_veriyaz   		CODE           	0462	0000	38
		_lcd_git       		CODE           	03FE	0000	21
		_lcd_mesajyaz  		CODE           	0445	0000	30
		_lcd_harfyaz   		CODE           	059E	0000	175

nokia5110.c estimated size: 574

C:\Program Files (x86)\Microchip\xc8\v1.44\sources\common\lwdiv.c
		___lwdiv       		CODE           	0505	0000	53

C:\Program Files (x86)\Microchip\xc8\v1.44\sources\common\lwdiv.c estimated size: 53

C:\Program Files (x86)\Microchip\xc8\v1.44\sources\common\doprnt.c
		_sprintf       		CODE           	064C	0000	206

C:\Program Files (x86)\Microchip\xc8\v1.44\sources\common\doprnt.c estimated size: 206

C:\Program Files (x86)\Microchip\xc8\v1.44\sources\common\Umul8.c
		___bmul        		CODE           	03ED	0000	18

C:\Program Files (x86)\Microchip\xc8\v1.44\sources\common\Umul8.c estimated size: 18

C:\Program Files (x86)\Microchip\xc8\v1.44\sources\common\Umul16.c
		___wmul        		CODE           	042A	0000	28

C:\Program Files (x86)\Microchip\xc8\v1.44\sources\common\Umul16.c estimated size: 28

shared
		_dpowers       		STRCODE        	0D71	0000	11
		__initialization		CODE           	07FA	0000	4
		_harftablo     		STRCODE        	0A22	0000	536
		_rakamtablo    		STRCODE        	0C39	0000	313
		_rakamtablo2   		STRCODE        	0800	0000	547

shared estimated size: 1411

mcc_generated_files/mcc.c
		_WDT_Initialize		CODE           	03D9	0000	5
		_OSCILLATOR_Initialize		CODE           	03DD	0000	8
		_SYSTEM_Initialize		CODE           	03E4	0000	10

mcc_generated_files/mcc.c estimated size: 23

main.c
		_main          		CODE           	0539	0000	102

main.c estimated size: 102

