Microchip MPLAB XC8 Compiler V1.42 ()

Linker command line:

-W-3 --edf=C:\Program Files (x86)\Microchip\xc8\v1.42\dat\en_msgs.txt -cs \
  -h+dist/default/production\softi2c_lcd.X.production.sym \
  --cmf=dist/default/production\softi2c_lcd.X.production.cmf -z -Q16F1827 \
  -oC:\Users\ABD\AppData\Local\Temp\sdbk.2 \
  -Mdist/default/production/softi2c_lcd.X.production.map -E1 -ver=XC8 \
  -ASTACK=02008h-0216fh -pstack=STACK -ACODE=00h-07FFhx2 \
  -ASTRCODE=00h-0FFFh -ASTRING=00h-0FFhx16 -ACONST=00h-0FFhx16 \
  -AENTRY=00h-0FFhx16 -ACOMMON=070h-07Fh -ABANK0=020h-06Fh \
  -ABANK1=0A0h-0EFh -ABANK2=0120h-016Fh -ABANK3=01A0h-01EFh \
  -ABANK4=0220h-024Fh -ABIGRAM=02000h-0216Fh \
  -ARAM=020h-06Fh,0A0h-0EFh,0120h-016Fh,01A0h-01EFh,0220h-024Fh \
  -AABS1=020h-07Fh,0A0h-0EFh,0120h-016Fh,01A0h-01EFh,0220h-024Fh \
  -ASFR0=00h-01Fh -ASFR1=080h-09Fh -ASFR2=0100h-011Fh -ASFR3=0180h-019Fh \
  -ASFR4=0200h-021Fh -ASFR5=0280h-02EFh -ASFR6=0300h-036Fh \
  -ASFR7=0380h-03EFh -ASFR8=0400h-046Fh -ASFR9=0480h-04EFh \
  -ASFR10=0500h-056Fh -ASFR11=0580h-05EFh -ASFR12=0600h-066Fh \
  -ASFR13=0680h-06EFh -ASFR14=0700h-076Fh -ASFR15=0780h-07EFh \
  -ASFR16=0800h-086Fh -ASFR17=0880h-08EFh -ASFR18=0900h-096Fh \
  -ASFR19=0980h-09EFh -ASFR20=0A00h-0A6Fh -ASFR21=0A80h-0AEFh \
  -ASFR22=0B00h-0B6Fh -ASFR23=0B80h-0BEFh -ASFR24=0C00h-0C6Fh \
  -ASFR25=0C80h-0CEFh -ASFR26=0D00h-0D6Fh -ASFR27=0D80h-0DEFh \
  -ASFR28=0E00h-0E6Fh -ASFR29=0E80h-0EEFh -ASFR30=0F00h-0F6Fh \
  -ASFR31=0F80h-0FEFh -preset_vec=00h,intentry,init,end_init -ppowerup=CODE \
  -pcinit=CODE -pfunctab=CODE -ACONFIG=08007h-08008h -pconfig=CONFIG \
  -DCONFIG=2 -AIDLOC=08000h-08003h -pidloc=IDLOC -DIDLOC=2 \
  -AEEDATA=00h-0FFh/0F000h -peeprom_data=EEDATA -DEEDATA=2 -DCODE=2 \
  -DSTRCODE=2 -DSTRING=2 -DCONST=2 -DENTRY=2 -k \
  C:\Users\ABD\AppData\Local\Temp\sdbk.obj \
  dist/default/production\softi2c_lcd.X.production.obj 

Object code version is 3.11

Machine type is 16F1827



                Name                               Link     Load   Length Selector   Space Scale
C:\Users\ABD\AppData\Local\Temp\sdbk.obj
                end_init                              2        2        2        0       0
                reset_vec                             0        0        2        0       0
                config                             8007     8007        2    1000E       0
dist/default/production\softi2c_lcd.X.production.obj
                cinit                               7F8      7F8        8      FF0       0
                text18                              634      634        7      C68       0
                text17                              67F      67F       18      CFE       0
                text16                              621      621        4      C42       0
                text15                              643      643        9      C86       0
                text14                              66C      66C       13      CD8       0
                text13                              65B      65B       11      CB6       0
                text12                              7BD      7BD       3B      F7A       0
                text11                              64C      64C        F      C98       0
                text10                              62E      62E        6      C5C       0
                text9                               629      629        5      C52       0
                text8                               697      697       1B      D2E       0
                text7                               723      723       31      E46       0
                text6                               625      625        4      C4A       0
                text5                               785      785       38      F0A       0
                text4                               6D0      6D0       28      DA0       0
                text3                               754      754       31      EA8       0
                text2                               6B2      6B2       1E      D64       0
                text1                               63B      63B        8      C76       0
                maintext                            6F8      6F8       2B      DF0       0
                cstackBANK0                          24       24        4       20       1
                cstackCOMMON                         70       70        E       70       1
                bssBANK0                             20       20        4       20       1
                stringtext2                         811      811        D     1000       0
                stringtext1                         800      800       11     1000       0

TOTAL           Name                               Link     Load   Length     Space
        CLASS   STACK          

        CLASS   CODE           
                end_init                              2        2        2         0
                cinit                               7F8      7F8        8         0
                reset_vec                             0        0        2         0
                text18                              634      634        7         0
                text17                              67F      67F       18         0
                text16                              621      621        4         0
                text15                              643      643        9         0
                text14                              66C      66C       13         0
                text13                              65B      65B       11         0
                text12                              7BD      7BD       3B         0
                text11                              64C      64C        F         0
                text10                              62E      62E        6         0
                text9                               629      629        5         0
                text8                               697      697       1B         0
                text7                               723      723       31         0
                text6                               625      625        4         0
                text5                               785      785       38         0
                text4                               6D0      6D0       28         0
                text3                               754      754       31         0
                text2                               6B2      6B2       1E         0
                text1                               63B      63B        8         0
                maintext                            6F8      6F8       2B         0

        CLASS   STRCODE        
                stringtext2                         811      811        D         0
                stringtext1                         800      800       11         0

        CLASS   STRING         

        CLASS   CONST          

        CLASS   ENTRY          

        CLASS   COMMON         
                cstackCOMMON                         70       70        E         1

        CLASS   BANK0          
                cstackBANK0                          24       24        4         1
                bssBANK0                             20       20        4         1

        CLASS   BANK1          

        CLASS   BANK2          

        CLASS   BANK3          

        CLASS   BANK4          

        CLASS   BIGRAM         

        CLASS   RAM            

        CLASS   ABS1           
                abs_s1                               7E       7E        2         1

        CLASS   SFR0           

        CLASS   SFR1           

        CLASS   SFR2           

        CLASS   SFR3           

        CLASS   SFR4           

        CLASS   SFR5           

        CLASS   SFR6           

        CLASS   SFR7           

        CLASS   SFR8           

        CLASS   SFR9           

        CLASS   SFR10          

        CLASS   SFR11          

        CLASS   SFR12          

        CLASS   SFR13          

        CLASS   SFR14          

        CLASS   SFR15          

        CLASS   SFR16          

        CLASS   SFR17          

        CLASS   SFR18          

        CLASS   SFR19          

        CLASS   SFR20          

        CLASS   SFR21          

        CLASS   SFR22          

        CLASS   SFR23          

        CLASS   SFR24          

        CLASS   SFR25          

        CLASS   SFR26          

        CLASS   SFR27          

        CLASS   SFR28          

        CLASS   SFR29          

        CLASS   SFR30          

        CLASS   SFR31          

        CLASS   CONFIG         
                config                             8007     8007        2         0

        CLASS   IDLOC          

        CLASS   EEDATA         

        CLASS   BANK31         

        CLASS   BANK30         

        CLASS   BANK29         

        CLASS   BANK28         

        CLASS   BANK27         

        CLASS   BANK26         

        CLASS   BANK25         

        CLASS   BANK24         

        CLASS   BANK23         

        CLASS   BANK22         

        CLASS   BANK21         

        CLASS   BANK20         

        CLASS   BANK19         

        CLASS   BANK18         

        CLASS   BANK17         

        CLASS   BANK16         

        CLASS   BANK15         

        CLASS   BANK14         

        CLASS   BANK13         

        CLASS   BANK12         

        CLASS   BANK11         

        CLASS   BANK10         

        CLASS   BANK9          

        CLASS   BANK8          

        CLASS   BANK7          

        CLASS   BANK6          

        CLASS   BANK5          



SEGMENTS        Name                           Load    Length   Top    Selector   Space  Class     Delta

                reset_vec                      000000  000004  000004         0       0  CODE        2
                bssBANK0                       000020  000008  000028        20       1  BANK0       1
                cstackCOMMON                   000070  00000E  00007E        70       1  COMMON      1
                text16                         000621  000004  000625       C42       0  CODE        2
                text6                          000625  000004  000629       C4A       0  CODE        2
                text9                          000629  000005  00062E       C52       0  CODE        2
                text10                         00062E  000006  000634       C5C       0  CODE        2
                text18                         000634  000007  00063B       C68       0  CODE        2
                text1                          00063B  000008  000643       C76       0  CODE        2
                text15                         000643  000009  00064C       C86       0  CODE        2
                text11                         00064C  00000F  00065B       C98       0  CODE        2
                text13                         00065B  000011  00066C       CB6       0  CODE        2
                text14                         00066C  000013  00067F       CD8       0  CODE        2
                text17                         00067F  000018  000697       CFE       0  CODE        2
                text8                          000697  00001B  0006B2       D2E       0  CODE        2
                text2                          0006B2  00001E  0006D0       D64       0  CODE        2
                text4                          0006D0  000028  0006F8       DA0       0  CODE        2
                maintext                       0006F8  00002B  000723       DF0       0  CODE        2
                text7                          000723  000031  000754       E46       0  CODE        2
                text3                          000754  000031  000785       EA8       0  CODE        2
                text5                          000785  000038  0007BD       F0A       0  CODE        2
                text12                         0007BD  00003B  0007F8       F7A       0  CODE        2
                cinit                          0007F8  000008  000800       FF0       0  CODE        2
                stringtext1                    000800  00001E  00081E      1000       0  STRCODE     2
                config                         008007  000002  008009     1000E       0  CONFIG      2


UNUSED ADDRESS RANGES

        Name                Unused          Largest block    Delta
        BANK0            00028-0006F              48           1
        BANK1            000A0-000EF              50           1
        BANK2            00120-0016F              50           1
        BANK3            001A0-001EF              50           1
        BANK4            00220-0024F              30           1
        BIGRAM           02000-0216F             170           1
        CODE             00004-00620             61D           2
                         0081E-00FFF             7E2
        CONST            00004-00620             100           2
                         0081E-00FFF             100
        EEDATA           0F000-0F0FF             100           2
        ENTRY            00004-00620             100           2
                         0081E-00FFF             100
        IDLOC            08000-08003               4           2
        RAM              00028-0006F              48           1
                         000A0-000EF              50
                         00120-0016F              50
                         001A0-001EF              50
                         00220-0024F              30
        SFR0             00000-0001F              20           1
        SFR1             00080-0009F              20           1
        SFR10            00500-0056F              70           1
        SFR11            00580-005EF              70           1
        SFR12            00600-0066F              70           1
        SFR13            00680-006EF              70           1
        SFR14            00700-0076F              70           1
        SFR15            00780-007EF              70           1
        SFR16            00800-0086F              70           1
        SFR17            00880-008EF              70           1
        SFR18            00900-0096F              70           1
        SFR19            00980-009EF              70           1
        SFR2             00100-0011F              20           1
        SFR20            00A00-00A6F              70           1
        SFR21            00A80-00AEF              70           1
        SFR22            00B00-00B6F              70           1
        SFR23            00B80-00BEF              70           1
        SFR24            00C00-00C6F              70           1
        SFR25            00C80-00CEF              70           1
        SFR26            00D00-00D6F              70           1
        SFR27            00D80-00DEF              70           1
        SFR28            00E00-00E6F              70           1
        SFR29            00E80-00EEF              70           1
        SFR3             00180-0019F              20           1
        SFR30            00F00-00F6F              70           1
        SFR31            00F80-00FEF              70           1
        SFR4             00200-0021F              20           1
        SFR5             00280-002EF              70           1
        SFR6             00300-0036F              70           1
        SFR7             00380-003EF              70           1
        SFR8             00400-0046F              70           1
        SFR9             00480-004EF              70           1
        STACK            02008-0216F             168           1
        STRCODE          00004-00620             61D           2
                         0081E-00FFF             7E2
        STRING           00004-00620             100           2
                         0081E-00FFF             100

                                  Symbol Table

_ANSELA                          (abs)        0018C
_ANSELB                          (abs)        0018D
_APFCON0                         (abs)        0011D
_APFCON1                         (abs)        0011E
_CARRY                           (abs)        00018
_LATA                            (abs)        0010C
_LATB                            (abs)        0010D
_LATB1                           (abs)        00869
_OPTION_REGbits                  (abs)        00095
_OSCCON                          (abs)        00099
_OSCILLATOR_Initialize           text18       00634
_OSCTUNE                         (abs)        00098
_PIN_MANAGER_Initialize          text17       0067F
_PLLR                            (abs)        004D6
_RB0                             (abs)        00068
_SYSTEM_Initialize               text15       00643
_TRISA                           (abs)        0008C
_TRISB                           (abs)        0008D
_TRISB0                          (abs)        00468
_TRISB1                          (abs)        00469
_WDTCON                          (abs)        00097
_WDT_Initialize                  text16       00621
_WPUA                            (abs)        0020C
_WPUB                            (abs)        0020D
__CFG_BOREN$ON                   (abs)        00000
__CFG_BORV$LO                    (abs)        00000
__CFG_CLKOUTEN$OFF               (abs)        00000
__CFG_CP$OFF                     (abs)        00000
__CFG_CPD$OFF                    (abs)        00000
__CFG_FCMEN$ON                   (abs)        00000
__CFG_FOSC$INTOSC                (abs)        00000
__CFG_IESO$ON                    (abs)        00000
__CFG_LVP$OFF                    (abs)        00000
__CFG_MCLRE$ON                   (abs)        00000
__CFG_PLLEN$ON                   (abs)        00000
__CFG_PWRTE$OFF                  (abs)        00000
__CFG_STVREN$ON                  (abs)        00000
__CFG_WDTE$OFF                   (abs)        00000
__CFG_WRT$OFF                    (abs)        00000
__Habs1                          abs1         00000
__Hbank0                         bank0        00000
__Hbank1                         bank1        00000
__Hbank10                        bank10       00000
__Hbank11                        bank11       00000
__Hbank12                        bank12       00000
__Hbank13                        bank13       00000
__Hbank14                        bank14       00000
__Hbank15                        bank15       00000
__Hbank16                        bank16       00000
__Hbank17                        bank17       00000
__Hbank18                        bank18       00000
__Hbank19                        bank19       00000
__Hbank2                         bank2        00000
__Hbank20                        bank20       00000
__Hbank21                        bank21       00000
__Hbank22                        bank22       00000
__Hbank23                        bank23       00000
__Hbank24                        bank24       00000
__Hbank25                        bank25       00000
__Hbank26                        bank26       00000
__Hbank27                        bank27       00000
__Hbank28                        bank28       00000
__Hbank29                        bank29       00000
__Hbank3                         bank3        00000
__Hbank30                        bank30       00000
__Hbank31                        bank31       00000
__Hbank4                         bank4        00000
__Hbank5                         bank5        00000
__Hbank6                         bank6        00000
__Hbank7                         bank7        00000
__Hbank8                         bank8        00000
__Hbank9                         bank9        00000
__Hbigram                        bigram       00000
__HbssBANK0                      bssBANK0     00000
__Hcinit                         cinit        00800
__Hclrtext                       clrtext      00000
__Hcode                          code         00000
__Hcommon                        common       00000
__Hconfig                        config       08009
__HcstackBANK0                   cstackBANK0  00000
__HcstackCOMMON                  cstackCOMMON 00000
__Heeprom_data                   eeprom_data  00000
__Hend_init                      end_init     00004
__Hfunctab                       functab      00000
__Hidloc                         idloc        00000
__Hinit                          init         00002
__Hintentry                      intentry     00002
__Hmaintext                      maintext     00000
__Hpowerup                       powerup      00000
__Hram                           ram          00000
__Hreset_vec                     reset_vec    00002
__Hsfr0                          sfr0         00000
__Hsfr1                          sfr1         00000
__Hsfr10                         sfr10        00000
__Hsfr11                         sfr11        00000
__Hsfr12                         sfr12        00000
__Hsfr13                         sfr13        00000
__Hsfr14                         sfr14        00000
__Hsfr15                         sfr15        00000
__Hsfr16                         sfr16        00000
__Hsfr17                         sfr17        00000
__Hsfr18                         sfr18        00000
__Hsfr19                         sfr19        00000
__Hsfr2                          sfr2         00000
__Hsfr20                         sfr20        00000
__Hsfr21                         sfr21        00000
__Hsfr22                         sfr22        00000
__Hsfr23                         sfr23        00000
__Hsfr24                         sfr24        00000
__Hsfr25                         sfr25        00000
__Hsfr26                         sfr26        00000
__Hsfr27                         sfr27        00000
__Hsfr28                         sfr28        00000
__Hsfr29                         sfr29        00000
__Hsfr3                          sfr3         00000
__Hsfr30                         sfr30        00000
__Hsfr31                         sfr31        00000
__Hsfr4                          sfr4         00000
__Hsfr5                          sfr5         00000
__Hsfr6                          sfr6         00000
__Hsfr7                          sfr7         00000
__Hsfr8                          sfr8         00000
__Hsfr9                          sfr9         00000
__Hspace_0                       (abs)        08009
__Hspace_1                       (abs)        0007E
__Hspace_2                       (abs)        00000
__Hspace_3                       (abs)        00000
__Hstack                         stack        00000
__Hstrings                       strings      00000
__Hstringtext1                   stringtext1  00000
__Hstringtext2                   stringtext2  00000
__Hstringtext3                   stringtext3  00000
__Htext                          text         00000
__Labs1                          abs1         00000
__Lbank0                         bank0        00000
__Lbank1                         bank1        00000
__Lbank10                        bank10       00000
__Lbank11                        bank11       00000
__Lbank12                        bank12       00000
__Lbank13                        bank13       00000
__Lbank14                        bank14       00000
__Lbank15                        bank15       00000
__Lbank16                        bank16       00000
__Lbank17                        bank17       00000
__Lbank18                        bank18       00000
__Lbank19                        bank19       00000
__Lbank2                         bank2        00000
__Lbank20                        bank20       00000
__Lbank21                        bank21       00000
__Lbank22                        bank22       00000
__Lbank23                        bank23       00000
__Lbank24                        bank24       00000
__Lbank25                        bank25       00000
__Lbank26                        bank26       00000
__Lbank27                        bank27       00000
__Lbank28                        bank28       00000
__Lbank29                        bank29       00000
__Lbank3                         bank3        00000
__Lbank30                        bank30       00000
__Lbank31                        bank31       00000
__Lbank4                         bank4        00000
__Lbank5                         bank5        00000
__Lbank6                         bank6        00000
__Lbank7                         bank7        00000
__Lbank8                         bank8        00000
__Lbank9                         bank9        00000
__Lbigram                        bigram       00000
__LbssBANK0                      bssBANK0     00000
__Lcinit                         cinit        007F8
__Lclrtext                       clrtext      00000
__Lcode                          code         00000
__Lcommon                        common       00000
__Lconfig                        config       08007
__LcstackBANK0                   cstackBANK0  00000
__LcstackCOMMON                  cstackCOMMON 00000
__Leeprom_data                   eeprom_data  00000
__Lend_init                      end_init     00002
__Lfunctab                       functab      00000
__Lidloc                         idloc        00000
__Linit                          init         00002
__Lintentry                      intentry     00002
__Lmaintext                      maintext     00000
__Lpowerup                       powerup      00000
__Lram                           ram          00000
__Lreset_vec                     reset_vec    00000
__Lsfr0                          sfr0         00000
__Lsfr1                          sfr1         00000
__Lsfr10                         sfr10        00000
__Lsfr11                         sfr11        00000
__Lsfr12                         sfr12        00000
__Lsfr13                         sfr13        00000
__Lsfr14                         sfr14        00000
__Lsfr15                         sfr15        00000
__Lsfr16                         sfr16        00000
__Lsfr17                         sfr17        00000
__Lsfr18                         sfr18        00000
__Lsfr19                         sfr19        00000
__Lsfr2                          sfr2         00000
__Lsfr20                         sfr20        00000
__Lsfr21                         sfr21        00000
__Lsfr22                         sfr22        00000
__Lsfr23                         sfr23        00000
__Lsfr24                         sfr24        00000
__Lsfr25                         sfr25        00000
__Lsfr26                         sfr26        00000
__Lsfr27                         sfr27        00000
__Lsfr28                         sfr28        00000
__Lsfr29                         sfr29        00000
__Lsfr3                          sfr3         00000
__Lsfr30                         sfr30        00000
__Lsfr31                         sfr31        00000
__Lsfr4                          sfr4         00000
__Lsfr5                          sfr5         00000
__Lsfr6                          sfr6         00000
__Lsfr7                          sfr7         00000
__Lsfr8                          sfr8         00000
__Lsfr9                          sfr9         00000
__Lspace_0                       (abs)        00000
__Lspace_1                       (abs)        00000
__Lspace_2                       (abs)        00000
__Lspace_3                       (abs)        00000
__Lstack                         stack        00000
__Lstrings                       strings      00000
__Lstringtext1                   stringtext1  00000
__Lstringtext2                   stringtext2  00000
__Lstringtext3                   stringtext3  00000
__Ltext                          text         00000
__S0                             (abs)        08009
__S1                             (abs)        0007E
__S2                             (abs)        00000
__S3                             (abs)        00000
___int_sp                        stack        00000
___latbits                       (abs)        00001
___sp                            stack        00000
__end_of_OSCILLATOR_Initialize   text18       0063B
__end_of_PIN_MANAGER_Initialize  text17       00697
__end_of_SYSTEM_Initialize       text15       0064C
__end_of_WDT_Initialize          text16       00625
__end_of__initialization         cinit        007FD
__end_of_lcd_aydinlatma_ac       text10       00634
__end_of_lcd_baslat              text5        007BD
__end_of_lcd_git                 text4        006F8
__end_of_lcd_harfyaz             text3        00785
__end_of_lcd_komut               text7        00754
__end_of_lcd_mesajyaz            text2        006D0
__end_of_lcd_mesgulmu            text9        0062E
__end_of_lcd_sil                 text6        00629
__end_of_main                    maintext     00723
__end_of_pcf8574_yaz             text11       0065B
__end_of_pcf8574_yaz_wEnable     text8        006B2
__end_of_softi2c_baslat          text14       0067F
__end_of_softi2c_durdur          text13       0066C
__end_of_softi2c_kur             text1        00643
__end_of_softi2c_yaz             text12       007F8
__initialization                 cinit        007F8
__pbssBANK0                      bssBANK0     00020
__pcstackBANK0                   cstackBANK0  00024
__pcstackCOMMON                  cstackCOMMON 00070
__pmaintext                      maintext     006F8
__pstringtext1                   stringtext1  00800
__pstringtext2                   stringtext2  00811
__pstringtext3                   stringtext3  00000
__ptext1                         text1        0063B
__ptext10                        text10       0062E
__ptext11                        text11       0064C
__ptext12                        text12       007BD
__ptext13                        text13       0065B
__ptext14                        text14       0066C
__ptext15                        text15       00643
__ptext16                        text16       00621
__ptext17                        text17       0067F
__ptext18                        text18       00634
__ptext2                         text2        006B2
__ptext3                         text3        00754
__ptext4                         text4        006D0
__ptext5                         text5        00785
__ptext6                         text6        00625
__ptext7                         text7        00723
__ptext8                         text8        00697
__ptext9                         text9        00629
__size_of_OSCILLATOR_Initialize  (abs)        00000
__size_of_PIN_MANAGER_Initialize (abs)        00000
__size_of_SYSTEM_Initialize      (abs)        00000
__size_of_WDT_Initialize         (abs)        00000
__size_of_lcd_aydinlatma_ac      (abs)        00000
__size_of_lcd_baslat             (abs)        00000
__size_of_lcd_git                (abs)        00000
__size_of_lcd_harfyaz            (abs)        00000
__size_of_lcd_komut              (abs)        00000
__size_of_lcd_mesajyaz           (abs)        00000
__size_of_lcd_mesgulmu           (abs)        00000
__size_of_lcd_sil                (abs)        00000
__size_of_main                   (abs)        00000
__size_of_pcf8574_yaz            (abs)        00000
__size_of_pcf8574_yaz_wEnable    (abs)        00000
__size_of_softi2c_baslat         (abs)        00000
__size_of_softi2c_durdur         (abs)        00000
__size_of_softi2c_kur            (abs)        00000
__size_of_softi2c_yaz            (abs)        00000
_display_kursor_blink            bssBANK0     00022
_lcd_aydinlatma_ac               text10       0062E
_lcd_baslat                      text5        00785
_lcd_git                         text4        006D0
_lcd_harfyaz                     text3        00754
_lcd_komut                       text7        00723
_lcd_mesajyaz                    text2        006B2
_lcd_mesgulmu                    text9        00629
_lcd_sil                         text6        00625
_main                            maintext     006F8
_pcf8574_yaz                     text11       0064C
_pcf8574_yaz_wEnable             text8        00697
_pcf_port                        bssBANK0     00023
_softi2c_baslat                  text14       0066C
_softi2c_durdur                  text13       0065B
_softi2c_kur                     text1        0063B
_softi2c_yaz                     text12       007BD
btemp                            (abs)        0007E
end_of_initialization            cinit        007FD
intlevel0                        functab      00000
intlevel1                        functab      00000
intlevel2                        functab      00000
intlevel3                        functab      00000
intlevel4                        functab      00000
intlevel5                        functab      00000
lcd_git@satir                    cstackCOMMON 00079
lcd_git@sutun                    cstackCOMMON 00077
lcd_git@temp                     cstackCOMMON 0007A
lcd_harfyaz@harf                 cstackCOMMON 00076
lcd_komut@komut                  cstackCOMMON 00076
lcd_mesajyaz@mesaj               cstackCOMMON 0007C
lcd_mesajyaz@satir               cstackBANK0  00025
lcd_mesajyaz@sutun               cstackCOMMON 0007B
pcf8574_yaz@veri                 cstackCOMMON 00074
reset_vec                        reset_vec    00000
softi2c_yaz@i                    cstackCOMMON 00073
softi2c_yaz@temp                 cstackCOMMON 00071
softi2c_yaz@veri                 cstackCOMMON 00072
stackhi                          (abs)        0216F
stacklo                          (abs)        02008
start                            init         00002
start_initialization             cinit        007F8
wtemp0                           (abs)        0007E


FUNCTION INFORMATION:

 *************** function _main *****************
 Defined at:
		line 54 in file "main.c"
 Parameters:    Size  Location     Type
		None
 Auto vars:     Size  Location     Type
		None
 Return value:  Size  Location     Type
                  1    wreg      void 
 Registers used:
		wreg, fsr0l, fsr0h, status,2, status,0, pclath, cstack
 Tracked objects:
		On entry : 
		On exit  : 
		Unchanged: 
 Data sizes:     COMMON   BANK0   BANK1   BANK2   BANK3   BANK4
      Params:         0       0       0       0       0       0
      Locals:         0       0       0       0       0       0
      Temps:          0       2       0       0       0       0
      Totals:         0       2       0       0       0       0
Total ram usage:        2 bytes
 Hardware stack levels required when called:    5
 This function calls:
		_SYSTEM_Initialize
		_lcd_baslat
		_lcd_mesajyaz
		_softi2c_kur
 This function is called by:
		Startup code after reset
 This function uses a non-reentrant model


 *************** function _softi2c_kur *****************
 Defined at:
		line 16 in file "softi2c.c"
 Parameters:    Size  Location     Type
		None
 Auto vars:     Size  Location     Type
		None
 Return value:  Size  Location     Type
                  1    wreg      void 
 Registers used:
		None
 Tracked objects:
		On entry : 
		On exit  : 
		Unchanged: 
 Data sizes:     COMMON   BANK0   BANK1   BANK2   BANK3   BANK4
      Params:         0       0       0       0       0       0
      Locals:         0       0       0       0       0       0
      Temps:          0       0       0       0       0       0
      Totals:         0       0       0       0       0       0
Total ram usage:        0 bytes
 Hardware stack levels used:    1
 This function calls:
		Nothing
 This function is called by:
		_main
 This function uses a non-reentrant model


 *************** function _lcd_mesajyaz *****************
 Defined at:
		line 165 in file "seri_lcd.c"
 Parameters:    Size  Location     Type
  satir           1    wreg     unsigned char 
  sutun           1   11[COMMON] unsigned char 
  mesaj           2   12[COMMON] PTR const unsigned char 
		 -> STR_2(13), STR_1(17), 
 Auto vars:     Size  Location     Type
  satir           1    1[BANK0 ] unsigned char 
 Return value:  Size  Location     Type
                  1    wreg      void 
 Registers used:
		wreg, fsr0l, fsr0h, status,2, status,0, pclath, cstack
 Tracked objects:
		On entry : 
		On exit  : 
		Unchanged: 
 Data sizes:     COMMON   BANK0   BANK1   BANK2   BANK3   BANK4
      Params:         3       0       0       0       0       0
      Locals:         0       1       0       0       0       0
      Temps:          0       1       0       0       0       0
      Totals:         3       2       0       0       0       0
Total ram usage:        5 bytes
 Hardware stack levels used:    1
 Hardware stack levels required when called:    4
 This function calls:
		_lcd_git
		_lcd_harfyaz
 This function is called by:
		_main
 This function uses a non-reentrant model


 *************** function _lcd_harfyaz *****************
 Defined at:
		line 194 in file "seri_lcd.c"
 Parameters:    Size  Location     Type
  harf            1    wreg     unsigned char 
 Auto vars:     Size  Location     Type
  harf            1    6[COMMON] unsigned char 
 Return value:  Size  Location     Type
                  1    wreg      void 
 Registers used:
		wreg, status,2, status,0, pclath, cstack
 Tracked objects:
		On entry : 
		On exit  : 
		Unchanged: 
 Data sizes:     COMMON   BANK0   BANK1   BANK2   BANK3   BANK4
      Params:         0       0       0       0       0       0
      Locals:         1       0       0       0       0       0
      Temps:          2       0       0       0       0       0
      Totals:         3       0       0       0       0       0
Total ram usage:        3 bytes
 Hardware stack levels used:    1
 Hardware stack levels required when called:    2
 This function calls:
		_lcd_mesgulmu
		_pcf8574_yaz_wEnable
 This function is called by:
		_lcd_mesajyaz
		_lcd_mesajyaz_cp
		_lcd_ozelkarakter
		_putch
 This function uses a non-reentrant model


 *************** function _lcd_git *****************
 Defined at:
		line 141 in file "seri_lcd.c"
 Parameters:    Size  Location     Type
  satir           1    wreg     unsigned char 
  sutun           1    7[COMMON] unsigned char 
 Auto vars:     Size  Location     Type
  satir           1    9[COMMON] unsigned char 
  temp            1   10[COMMON] unsigned char 
 Return value:  Size  Location     Type
                  1    wreg      void 
 Registers used:
		wreg, fsr0l, fsr0h, status,2, status,0, pclath, cstack
 Tracked objects:
		On entry : 
		On exit  : 
		Unchanged: 
 Data sizes:     COMMON   BANK0   BANK1   BANK2   BANK3   BANK4
      Params:         1       0       0       0       0       0
      Locals:         2       0       0       0       0       0
      Temps:          1       0       0       0       0       0
      Totals:         4       0       0       0       0       0
Total ram usage:        4 bytes
 Hardware stack levels used:    1
 Hardware stack levels required when called:    3
 This function calls:
		_lcd_komut
 This function is called by:
		_lcd_mesajyaz
 This function uses a non-reentrant model


 *************** function _lcd_baslat *****************
 Defined at:
		line 115 in file "seri_lcd.c"
 Parameters:    Size  Location     Type
		None
 Auto vars:     Size  Location     Type
		None
 Return value:  Size  Location     Type
                  1    wreg      void 
 Registers used:
		wreg, status,2, status,0, pclath, cstack
 Tracked objects:
		On entry : 
		On exit  : 
		Unchanged: 
 Data sizes:     COMMON   BANK0   BANK1   BANK2   BANK3   BANK4
      Params:         0       0       0       0       0       0
      Locals:         0       0       0       0       0       0
      Temps:          1       0       0       0       0       0
      Totals:         1       0       0       0       0       0
Total ram usage:        1 bytes
 Hardware stack levels used:    1
 Hardware stack levels required when called:    4
 This function calls:
		_lcd_aydinlatma_ac
		_lcd_komut
		_lcd_sil
		_pcf8574_yaz
		_pcf8574_yaz_wEnable
 This function is called by:
		_main
 This function uses a non-reentrant model


 *************** function _lcd_sil *****************
 Defined at:
		line 255 in file "seri_lcd.c"
 Parameters:    Size  Location     Type
		None
 Auto vars:     Size  Location     Type
		None
 Return value:  Size  Location     Type
                  1    wreg      void 
 Registers used:
		wreg, status,2, status,0, pclath, cstack
 Tracked objects:
		On entry : 
		On exit  : 
		Unchanged: 
 Data sizes:     COMMON   BANK0   BANK1   BANK2   BANK3   BANK4
      Params:         0       0       0       0       0       0
      Locals:         0       0       0       0       0       0
      Temps:          0       0       0       0       0       0
      Totals:         0       0       0       0       0       0
Total ram usage:        0 bytes
 Hardware stack levels used:    1
 Hardware stack levels required when called:    3
 This function calls:
		_lcd_komut
 This function is called by:
		_lcd_baslat
 This function uses a non-reentrant model


 *************** function _lcd_komut *****************
 Defined at:
		line 211 in file "seri_lcd.c"
 Parameters:    Size  Location     Type
  komut           1    wreg     unsigned char 
 Auto vars:     Size  Location     Type
  komut           1    6[COMMON] unsigned char 
 Return value:  Size  Location     Type
                  1    wreg      void 
 Registers used:
		wreg, status,2, status,0, pclath, cstack
 Tracked objects:
		On entry : 
		On exit  : 
		Unchanged: 
 Data sizes:     COMMON   BANK0   BANK1   BANK2   BANK3   BANK4
      Params:         0       0       0       0       0       0
      Locals:         1       0       0       0       0       0
      Temps:          2       0       0       0       0       0
      Totals:         3       0       0       0       0       0
Total ram usage:        3 bytes
 Hardware stack levels used:    1
 Hardware stack levels required when called:    2
 This function calls:
		_lcd_mesgulmu
		_pcf8574_yaz_wEnable
 This function is called by:
		_lcd_baslat
		_lcd_git
		_lcd_sil
		_lcd_ozelkarakter
		_lcd_satirbasi
		_lcd_kursor_ac
		_lcd_kursor_kapat
		_lcd_display_ac
		_lcd_display_kapat
		_lcd_blink_ac
		_lcd_blink_kapat
		_lcd_sola_kaydir
		_lcd_saga_kaydir
		_lcd_satir1
		_lcd_satir2
		_lcd_satir3
		_lcd_satir4
 This function uses a non-reentrant model


 *************** function _pcf8574_yaz_wEnable *****************
 Defined at:
		line 60 in file "seri_lcd.c"
 Parameters:    Size  Location     Type
		None
 Auto vars:     Size  Location     Type
		None
 Return value:  Size  Location     Type
                  1    wreg      void 
 Registers used:
		wreg, status,2, status,0, pclath, cstack
 Tracked objects:
		On entry : 
		On exit  : 
		Unchanged: 
 Data sizes:     COMMON   BANK0   BANK1   BANK2   BANK3   BANK4
      Params:         0       0       0       0       0       0
      Locals:         0       0       0       0       0       0
      Temps:          0       0       0       0       0       0
      Totals:         0       0       0       0       0       0
Total ram usage:        0 bytes
 Hardware stack levels used:    1
 Hardware stack levels required when called:    1
 This function calls:
		_softi2c_baslat
		_softi2c_durdur
		_softi2c_yaz
 This function is called by:
		_lcd_baslat
		_lcd_harfyaz
		_lcd_komut
 This function uses a non-reentrant model


 *************** function _lcd_mesgulmu *****************
 Defined at:
		line 186 in file "seri_lcd.c"
 Parameters:    Size  Location     Type
		None
 Auto vars:     Size  Location     Type
		None
 Return value:  Size  Location     Type
                  1    wreg      void 
 Registers used:
		wreg
 Tracked objects:
		On entry : 
		On exit  : 
		Unchanged: 
 Data sizes:     COMMON   BANK0   BANK1   BANK2   BANK3   BANK4
      Params:         0       0       0       0       0       0
      Locals:         0       0       0       0       0       0
      Temps:          0       0       0       0       0       0
      Totals:         0       0       0       0       0       0
Total ram usage:        0 bytes
 Hardware stack levels used:    1
 This function calls:
		Nothing
 This function is called by:
		_lcd_harfyaz
		_lcd_komut
 This function uses a non-reentrant model


 *************** function _lcd_aydinlatma_ac *****************
 Defined at:
		line 370 in file "seri_lcd.c"
 Parameters:    Size  Location     Type
		None
 Auto vars:     Size  Location     Type
		None
 Return value:  Size  Location     Type
                  1    wreg      void 
 Registers used:
		wreg, status,2, status,0, pclath, cstack
 Tracked objects:
		On entry : 
		On exit  : 
		Unchanged: 
 Data sizes:     COMMON   BANK0   BANK1   BANK2   BANK3   BANK4
      Params:         0       0       0       0       0       0
      Locals:         0       0       0       0       0       0
      Temps:          0       0       0       0       0       0
      Totals:         0       0       0       0       0       0
Total ram usage:        0 bytes
 Hardware stack levels used:    1
 Hardware stack levels required when called:    2
 This function calls:
		_pcf8574_yaz
 This function is called by:
		_lcd_baslat
 This function uses a non-reentrant model


 *************** function _pcf8574_yaz *****************
 Defined at:
		line 26 in file "pcf8574.c"
 Parameters:    Size  Location     Type
  veri            1    wreg     unsigned char 
 Auto vars:     Size  Location     Type
  veri            1    4[COMMON] unsigned char 
 Return value:  Size  Location     Type
                  1    wreg      void 
 Registers used:
		wreg, status,2, status,0, pclath, cstack
 Tracked objects:
		On entry : 
		On exit  : 
		Unchanged: 
 Data sizes:     COMMON   BANK0   BANK1   BANK2   BANK3   BANK4
      Params:         0       0       0       0       0       0
      Locals:         1       0       0       0       0       0
      Temps:          0       0       0       0       0       0
      Totals:         1       0       0       0       0       0
Total ram usage:        1 bytes
 Hardware stack levels used:    1
 Hardware stack levels required when called:    1
 This function calls:
		_softi2c_baslat
		_softi2c_durdur
		_softi2c_yaz
 This function is called by:
		_lcd_baslat
		_lcd_aydinlatma_ac
		_lcd_aydinlatma_kapat
 This function uses a non-reentrant model


 *************** function _softi2c_yaz *****************
 Defined at:
		line 60 in file "softi2c.c"
 Parameters:    Size  Location     Type
  veri            1    wreg     unsigned char 
 Auto vars:     Size  Location     Type
  veri            1    2[COMMON] unsigned char 
  i               1    3[COMMON] unsigned char 
  temp            1    1[COMMON] unsigned char 
 Return value:  Size  Location     Type
                  1    wreg      unsigned char 
 Registers used:
		wreg, status,2, status,0
 Tracked objects:
		On entry : 
		On exit  : 
		Unchanged: 
 Data sizes:     COMMON   BANK0   BANK1   BANK2   BANK3   BANK4
      Params:         0       0       0       0       0       0
      Locals:         3       0       0       0       0       0
      Temps:          1       0       0       0       0       0
      Totals:         4       0       0       0       0       0
Total ram usage:        4 bytes
 Hardware stack levels used:    1
 This function calls:
		Nothing
 This function is called by:
		_pcf8574_yaz
		_pcf8574_yaz_wEnable
 This function uses a non-reentrant model


 *************** function _softi2c_durdur *****************
 Defined at:
		line 37 in file "softi2c.c"
 Parameters:    Size  Location     Type
		None
 Auto vars:     Size  Location     Type
		None
 Return value:  Size  Location     Type
                  1    wreg      void 
 Registers used:
		wreg
 Tracked objects:
		On entry : 
		On exit  : 
		Unchanged: 
 Data sizes:     COMMON   BANK0   BANK1   BANK2   BANK3   BANK4
      Params:         0       0       0       0       0       0
      Locals:         0       0       0       0       0       0
      Temps:          0       0       0       0       0       0
      Totals:         0       0       0       0       0       0
Total ram usage:        0 bytes
 Hardware stack levels used:    1
 This function calls:
		Nothing
 This function is called by:
		_pcf8574_yaz
		_pcf8574_yaz_wEnable
 This function uses a non-reentrant model


 *************** function _softi2c_baslat *****************
 Defined at:
		line 25 in file "softi2c.c"
 Parameters:    Size  Location     Type
		None
 Auto vars:     Size  Location     Type
		None
 Return value:  Size  Location     Type
                  1    wreg      void 
 Registers used:
		wreg
 Tracked objects:
		On entry : 
		On exit  : 
		Unchanged: 
 Data sizes:     COMMON   BANK0   BANK1   BANK2   BANK3   BANK4
      Params:         0       0       0       0       0       0
      Locals:         0       0       0       0       0       0
      Temps:          0       0       0       0       0       0
      Totals:         0       0       0       0       0       0
Total ram usage:        0 bytes
 Hardware stack levels used:    1
 This function calls:
		Nothing
 This function is called by:
		_pcf8574_yaz
		_pcf8574_yaz_wEnable
 This function uses a non-reentrant model


 *************** function _SYSTEM_Initialize *****************
 Defined at:
		line 69 in file "mcc_generated_files/mcc.c"
 Parameters:    Size  Location     Type
		None
 Auto vars:     Size  Location     Type
		None
 Return value:  Size  Location     Type
                  1    wreg      void 
 Registers used:
		wreg, status,2, status,0, pclath, cstack
 Tracked objects:
		On entry : 
		On exit  : 
		Unchanged: 
 Data sizes:     COMMON   BANK0   BANK1   BANK2   BANK3   BANK4
      Params:         0       0       0       0       0       0
      Locals:         0       0       0       0       0       0
      Temps:          0       0       0       0       0       0
      Totals:         0       0       0       0       0       0
Total ram usage:        0 bytes
 Hardware stack levels used:    1
 Hardware stack levels required when called:    1
 This function calls:
		_OSCILLATOR_Initialize
		_PIN_MANAGER_Initialize
		_WDT_Initialize
 This function is called by:
		_main
 This function uses a non-reentrant model


 *************** function _WDT_Initialize *****************
 Defined at:
		line 89 in file "mcc_generated_files/mcc.c"
 Parameters:    Size  Location     Type
		None
 Auto vars:     Size  Location     Type
		None
 Return value:  Size  Location     Type
                  1    wreg      void 
 Registers used:
		wreg
 Tracked objects:
		On entry : 
		On exit  : 
		Unchanged: 
 Data sizes:     COMMON   BANK0   BANK1   BANK2   BANK3   BANK4
      Params:         0       0       0       0       0       0
      Locals:         0       0       0       0       0       0
      Temps:          0       0       0       0       0       0
      Totals:         0       0       0       0       0       0
Total ram usage:        0 bytes
 Hardware stack levels used:    1
 This function calls:
		Nothing
 This function is called by:
		_SYSTEM_Initialize
 This function uses a non-reentrant model


 *************** function _PIN_MANAGER_Initialize *****************
 Defined at:
		line 52 in file "mcc_generated_files/pin_manager.c"
 Parameters:    Size  Location     Type
		None
 Auto vars:     Size  Location     Type
		None
 Return value:  Size  Location     Type
                  1    wreg      void 
 Registers used:
		wreg, status,2
 Tracked objects:
		On entry : 
		On exit  : 
		Unchanged: 
 Data sizes:     COMMON   BANK0   BANK1   BANK2   BANK3   BANK4
      Params:         0       0       0       0       0       0
      Locals:         0       0       0       0       0       0
      Temps:          0       0       0       0       0       0
      Totals:         0       0       0       0       0       0
Total ram usage:        0 bytes
 Hardware stack levels used:    1
 This function calls:
		Nothing
 This function is called by:
		_SYSTEM_Initialize
 This function uses a non-reentrant model


 *************** function _OSCILLATOR_Initialize *****************
 Defined at:
		line 77 in file "mcc_generated_files/mcc.c"
 Parameters:    Size  Location     Type
		None
 Auto vars:     Size  Location     Type
		None
 Return value:  Size  Location     Type
                  1    wreg      void 
 Registers used:
		wreg, status,2
 Tracked objects:
		On entry : 
		On exit  : 
		Unchanged: 
 Data sizes:     COMMON   BANK0   BANK1   BANK2   BANK3   BANK4
      Params:         0       0       0       0       0       0
      Locals:         0       0       0       0       0       0
      Temps:          0       0       0       0       0       0
      Totals:         0       0       0       0       0       0
Total ram usage:        0 bytes
 Hardware stack levels used:    1
 This function calls:
		Nothing
 This function is called by:
		_SYSTEM_Initialize
 This function uses a non-reentrant model



MODULE INFORMATION

Module		Function		Class		Link	Load	Size
pcf8574.c
		_pcf8574_yaz   		CODE           	064C	0000	16

pcf8574.c estimated size: 16

mcc_generated_files/pin_manager.c
		_PIN_MANAGER_Initialize		CODE           	067F	0000	25

mcc_generated_files/pin_manager.c estimated size: 25

softi2c.c
		_softi2c_kur   		CODE           	063B	0000	9
		_softi2c_yaz   		CODE           	07BD	0000	60
		_softi2c_baslat		CODE           	066C	0000	20
		_softi2c_durdur		CODE           	065B	0000	18

softi2c.c estimated size: 107

shared
		__initialization		CODE           	07F8	0000	6

shared estimated size: 6

mcc_generated_files/mcc.c
		_WDT_Initialize		CODE           	0621	0000	5
		_OSCILLATOR_Initialize		CODE           	0634	0000	8
		_SYSTEM_Initialize		CODE           	0643	0000	10

mcc_generated_files/mcc.c estimated size: 23

seri_lcd.c
		_lcd_sil       		CODE           	0625	0000	5
		_lcd_aydinlatma_ac		CODE           	062E	0000	7
		_lcd_baslat    		CODE           	0785	0000	57
		_pcf8574_yaz_wEnable		CODE           	0697	0000	28
		_lcd_komut     		CODE           	0723	0000	50
		_lcd_git       		CODE           	06D0	0000	41
		_lcd_mesgulmu  		CODE           	0629	0000	6
		_lcd_mesajyaz  		CODE           	06B2	0000	31
		_lcd_harfyaz   		CODE           	0754	0000	50

seri_lcd.c estimated size: 275

main.c
		_main          		CODE           	06F8	0000	44

main.c estimated size: 44

